D/AndroidRuntime( 5445): >>>>>> AndroidRuntime START com.android.internal.os.RuntimeInit <<<<<<
D/AndroidRuntime( 5445): CheckJNI is ON
D/dalvikvm( 5445): Trying to load lib libjavacore.so 0x0
D/dalvikvm( 5445): Added shared lib libjavacore.so 0x0
D/dalvikvm( 5445): Trying to load lib libnativehelper.so 0x0
D/dalvikvm( 5445): Added shared lib libnativehelper.so 0x0
D/AndroidRuntime( 5445): Calling main entry com.android.commands.am.Am
D/AndroidRuntime( 5445): Shutting down VM
D/dalvikvm( 5445): GC_CONCURRENT freed 102K, 76% free 492K/2048K, paused 1ms+1ms, total 15ms
D/dalvikvm( 5445): Debugger has detached; object registry had 1 entries
I/AndroidRuntime( 5445): NOTE: attach of thread 'Binder_3' failed
V/JYOTI   ( 3971): Ljava/io/File;-><init>(Ljava/io/File;=/data/data/com.snapdeal.main/app_nota | Ljava/lang/String;=notaResponse_116.json)V
D/NOTADIR ( 3971): http://54.88.152.2:8081/nota.json
W/System.err( 3971): java.net.SocketTimeoutException: failed to connect to /54.88.152.2 (port 8081) after 15000ms
W/System.err( 3971): 	at libcore.io.IoBridge.connectErrno(IoBridge.java:159)
W/System.err( 3971): 	at libcore.io.IoBridge.connect(IoBridge.java:112)
W/System.err( 3971): 	at java.net.PlainSocketImpl.connect(PlainSocketImpl.java:192)
W/System.err( 3971): 	at java.net.PlainSocketImpl.connect(PlainSocketImpl.java:459)
W/System.err( 3971): 	at java.net.Socket.connect(Socket.java:842)
W/System.err( 3971): 	at libcore.net.http.HttpConnection.<init>(HttpConnection.java:76)
W/System.err( 3971): 	at libcore.net.http.HttpConnection.<init>(HttpConnection.java:50)
W/System.err( 3971): 	at libcore.net.http.HttpConnection$Address.connect(HttpConnection.java:340)
W/System.err( 3971): 	at libcore.net.http.HttpConnectionPool.get(HttpConnectionPool.java:87)
W/System.err( 3971): 	at libcore.net.http.HttpConnection.connect(HttpConnection.java:128)
W/System.err( 3971): 	at libcore.net.http.HttpEngine.openSocketConnection(HttpEngine.java:315)
W/System.err( 3971): 	at libcore.net.http.HttpEngine.connect(HttpEngine.java:310)
W/System.err( 3971): 	at libcore.net.http.HttpEngine.sendSocketRequest(HttpEngine.java:289)
W/System.err( 3971): 	at libcore.net.http.HttpEngine.sendRequest(HttpEngine.java:239)
W/System.err( 3971): 	at libcore.net.http.HttpURLConnectionImpl.connect(HttpURLConnectionImpl.java:80)
W/System.err( 3971): 	at com.snapdeal.nota.NotaSyncService.b(NotaSyncService.java)
W/System.err( 3971): 	at com.snapdeal.nota.NotaSyncService.a(NotaSyncService.java)
W/System.err( 3971): 	at com.snapdeal.nota.i.run(NotaSyncService.java)
W/System.err( 3971): 	at java.lang.Thread.run(Thread.java:856)
W/GAv4    ( 3971): Error getting advertiser id: com.google.android.gms.common.GooglePlayServicesNotAvailableException
D/NOTADIR ( 3971): http://54.88.152.2:8081/nota.json
W/ActivityManager( 3589): Unable to start service Intent { act=com.google.android.gms.analytics.service.START cmp=com.google.android.gms/.analytics.service.AnalyticsService (has extras) }: not found
W/GAv4    ( 3971): Network compressed POST connection error: java.io.EOFException
W/System.err( 3971): java.net.SocketTimeoutException: failed to connect to /54.88.152.2 (port 8081) after 15000ms
W/System.err( 3971): 	at libcore.io.IoBridge.connectErrno(IoBridge.java:159)
W/System.err( 3971): 	at libcore.io.IoBridge.connect(IoBridge.java:112)
W/System.err( 3971): 	at java.net.PlainSocketImpl.connect(PlainSocketImpl.java:192)
W/System.err( 3971): 	at java.net.PlainSocketImpl.connect(PlainSocketImpl.java:459)
W/System.err( 3971): 	at java.net.Socket.connect(Socket.java:842)
W/System.err( 3971): 	at libcore.net.http.HttpConnection.<init>(HttpConnection.java:76)
W/System.err( 3971): 	at libcore.net.http.HttpConnection.<init>(HttpConnection.java:50)
D/AndroidRuntime( 5458): 
D/AndroidRuntime( 5458): >>>>>> AndroidRuntime START com.android.internal.os.RuntimeInit <<<<<<
D/AndroidRuntime( 5458): CheckJNI is ON
D/dalvikvm( 5458): Trying to load lib libjavacore.so 0x0
W/System.err( 3971): 	at libcore.net.http.HttpConnection$Address.connect(HttpConnection.java:340)
D/dalvikvm( 5458): Added shared lib libjavacore.so 0x0
W/System.err( 3971): 	at libcore.net.http.HttpConnectionPool.get(HttpConnectionPool.java:87)
D/dalvikvm( 5458): Trying to load lib libnativehelper.so 0x0
D/dalvikvm( 5458): Added shared lib libnativehelper.so 0x0
W/System.err( 3971): 	at libcore.net.http.HttpConnection.connect(HttpConnection.java:128)
W/System.err( 3971): 	at libcore.net.http.HttpEngine.openSocketConnection(HttpEngine.java:315)
W/System.err( 3971): 	at libcore.net.http.HttpEngine.connect(HttpEngine.java:310)
W/System.err( 3971): 	at libcore.net.http.HttpEngine.sendSocketRequest(HttpEngine.java:289)
W/System.err( 3971): 	at libcore.net.http.HttpEngine.sendRequest(HttpEngine.java:239)
W/System.err( 3971): 	at libcore.net.http.HttpURLConnectionImpl.connect(HttpURLConnectionImpl.java:80)
W/System.err( 3971): 	at com.snapdeal.nota.NotaSyncService.b(NotaSyncService.java)
W/System.err( 3971): 	at com.snapdeal.nota.NotaSyncService.a(NotaSyncService.java)
W/System.err( 3971): 	at com.snapdeal.nota.NotaSyncService.a(NotaSyncService.java)
W/System.err( 3971): 	at com.snapdeal.nota.NotaSyncService.a(NotaSyncService.java)
W/System.err( 3971): 	at com.snapdeal.nota.i.run(NotaSyncService.java)
W/System.err( 3971): 	at java.lang.Thread.run(Thread.java:856)
D/AndroidRuntime( 5458): Calling main entry com.android.commands.am.Am
D/AndroidRuntime( 5458): Shutting down VM
D/dalvikvm( 5458): GC_CONCURRENT freed 102K, 76% free 492K/2048K, paused 1ms+2ms, total 16ms
D/dalvikvm( 5458): Debugger has detached; object registry had 1 entries
I/AndroidRuntime( 5458): NOTE: attach of thread 'Binder_3' failed
D/dalvikvm( 3971): GC_CONCURRENT freed 379K, 4% free 11810K/12295K, paused 37ms+29ms, total 461ms
D/NOTADIR ( 3971): http://54.88.152.2:8081/nota.json
W/System.err( 3971): java.net.SocketTimeoutException: failed to connect to /54.88.152.2 (port 8081) after 15000ms
W/System.err( 3971): 	at libcore.io.IoBridge.connectErrno(IoBridge.java:159)
W/System.err( 3971): 	at libcore.io.IoBridge.connect(IoBridge.java:112)
W/System.err( 3971): 	at java.net.PlainSocketImpl.connect(PlainSocketImpl.java:192)
W/System.err( 3971): 	at java.net.PlainSocketImpl.connect(PlainSocketImpl.java:459)
W/System.err( 3971): 	at java.net.Socket.connect(Socket.java:842)
W/System.err( 3971): 	at libcore.net.http.HttpConnection.<init>(HttpConnection.java:76)
W/System.err( 3971): 	at libcore.net.http.HttpConnection.<init>(HttpConnection.java:50)
W/System.err( 3971): 	at libcore.net.http.HttpConnection$Address.connect(HttpConnection.java:340)
W/System.err( 3971): 	at libcore.net.http.HttpConnectionPool.get(HttpConnectionPool.java:87)
W/System.err( 3971): 	at libcore.net.http.HttpConnection.connect(HttpConnection.java:128)
W/System.err( 3971): 	at libcore.net.http.HttpEngine.openSocketConnection(HttpEngine.java:315)
W/System.err( 3971): 	at libcore.net.http.HttpEngine.connect(HttpEngine.java:310)
W/System.err( 3971): 	at libcore.net.http.HttpEngine.sendSocketRequest(HttpEngine.java:289)
W/System.err( 3971): 	at libcore.net.http.HttpEngine.sendRequest(HttpEngine.java:239)
W/System.err( 3971): 	at libcore.net.http.HttpURLConnectionImpl.connect(HttpURLConnectionImpl.java:80)
W/System.err( 3971): 	at com.snapdeal.nota.NotaSyncService.b(NotaSyncService.java)
W/System.err( 3971): 	at com.snapdeal.nota.NotaSyncService.a(NotaSyncService.java)
W/System.err( 3971): 	at com.snapdeal.nota.NotaSyncService.a(NotaSyncService.java)
W/System.err( 3971): 	at com.snapdeal.nota.NotaSyncService.a(NotaSyncService.java)
W/System.err( 3971): 	at com.snapdeal.nota.NotaSyncService.a(NotaSyncService.java)
W/System.err( 3971): 	at com.snapdeal.nota.NotaSyncService.a(NotaSyncService.java)
W/System.err( 3971): 	at com.snapdeal.nota.i.run(NotaSyncService.java)
W/System.err( 3971): 	at java.lang.Thread.run(Thread.java:856)
D/NOTADIR ( 3971): Service STOPPED
D/AndroidRuntime( 5470): 
D/AndroidRuntime( 5470): >>>>>> AndroidRuntime START com.android.internal.os.RuntimeInit <<<<<<
D/AndroidRuntime( 5470): CheckJNI is ON
D/dalvikvm( 5470): Trying to load lib libjavacore.so 0x0
D/dalvikvm( 5470): Added shared lib libjavacore.so 0x0
D/dalvikvm( 5470): Trying to load lib libnativehelper.so 0x0
D/dalvikvm( 5470): Added shared lib libnativehelper.so 0x0
D/AndroidRuntime( 5470): Calling main entry com.android.commands.am.Am
D/AndroidRuntime( 5470): Shutting down VM
D/dalvikvm( 5470): GC_CONCURRENT freed 102K, 76% free 492K/2048K, paused 1ms+3ms, total 20ms
D/dalvikvm( 5470): Debugger has detached; object registry had 1 entries
I/AndroidRuntime( 5470): NOTE: attach of thread 'Binder_3' failed
D/AndroidRuntime( 5482): 
D/AndroidRuntime( 5482): >>>>>> AndroidRuntime START com.android.internal.os.RuntimeInit <<<<<<
D/AndroidRuntime( 5482): CheckJNI is ON
D/dalvikvm( 5482): Trying to load lib libjavacore.so 0x0
D/dalvikvm( 5482): Added shared lib libjavacore.so 0x0
D/dalvikvm( 5482): Trying to load lib libnativehelper.so 0x0
D/dalvikvm( 5482): Added shared lib libnativehelper.so 0x0
D/AndroidRuntime( 5482): Calling main entry com.android.commands.am.Am
D/AndroidRuntime( 5482): Shutting down VM
D/dalvikvm( 5482): GC_CONCURRENT freed 102K, 76% free 492K/2048K, paused 1ms+1ms, total 22ms
D/dalvikvm( 5482): Debugger has detached; object registry had 1 entries
I/AndroidRuntime( 5482): NOTE: attach of thread 'Binder_3' failed
D/AndroidRuntime( 5494): 
D/AndroidRuntime( 5494): >>>>>> AndroidRuntime START com.android.internal.os.RuntimeInit <<<<<<
D/AndroidRuntime( 5494): CheckJNI is ON
D/dalvikvm( 5494): Trying to load lib libjavacore.so 0x0
D/dalvikvm( 5494): Added shared lib libjavacore.so 0x0
D/dalvikvm( 5494): Trying to load lib libnativehelper.so 0x0
D/dalvikvm( 5494): Added shared lib libnativehelper.so 0x0
D/AndroidRuntime( 5494): Calling main entry com.android.commands.am.Am
D/AndroidRuntime( 5494): Shutting down VM
D/dalvikvm( 5494): GC_CONCURRENT freed 102K, 76% free 492K/2048K, paused 1ms+6ms, total 15ms
D/dalvikvm( 5494): Debugger has detached; object registry had 1 entries
I/AndroidRuntime( 5494): NOTE: attach of thread 'Binder_3' failed
D/AndroidRuntime( 5506): 
D/AndroidRuntime( 5506): >>>>>> AndroidRuntime START com.android.internal.os.RuntimeInit <<<<<<
D/AndroidRuntime( 5506): CheckJNI is ON
D/dalvikvm( 5506): Trying to load lib libjavacore.so 0x0
D/dalvikvm( 5506): Added shared lib libjavacore.so 0x0
D/dalvikvm( 5506): Trying to load lib libnativehelper.so 0x0
D/dalvikvm( 5506): Added shared lib libnativehelper.so 0x0
D/AndroidRuntime( 5506): Calling main entry com.android.commands.am.Am
D/AndroidRuntime( 5506): Shutting down VM
I/AndroidRuntime( 5506): NOTE: attach of thread 'Binder_3' failed
D/dalvikvm( 5506): GC_CONCURRENT freed 102K, 76% free 492K/2048K, paused 1ms+2ms, total 24ms
D/dalvikvm( 5506): Debugger has detached; object registry had 1 entries
D/dalvikvm( 3684): GC_CONCURRENT freed 384K, 6% free 11305K/11911K, paused 8ms+4ms, total 38ms
D/AndroidRuntime( 5520): 
D/AndroidRuntime( 5520): >>>>>> AndroidRuntime START com.android.internal.os.RuntimeInit <<<<<<
D/AndroidRuntime( 5520): CheckJNI is ON
D/dalvikvm( 5520): Trying to load lib libjavacore.so 0x0
D/dalvikvm( 5520): Added shared lib libjavacore.so 0x0
D/dalvikvm( 5520): Trying to load lib libnativehelper.so 0x0
D/dalvikvm( 5520): Added shared lib libnativehelper.so 0x0
D/AndroidRuntime( 5520): Calling main entry com.android.commands.pm.Pm
W/ActivityManager( 3589): No content provider found for permission revoke: file:///data/local/tmp/NotePad.apk
D/dalvikvm( 4067): GC_CONCURRENT freed 352K, 4% free 10821K/11207K, paused 17ms+15ms, total 102ms
W/ActivityManager( 3589): No content provider found for permission revoke: file:///data/local/tmp/NotePad.apk
I/PackageManager( 3589): Removing non-system package:com.example.android.notepad
I/ActivityManager( 3589): Force stopping package com.example.android.notepad uid=10031
I/PackageManager( 3589): Package com.example.android.notepad codePath changed from /data/app/com.example.android.notepad-1.apk to /data/app/com.example.android.notepad-2.apk; Retaining data and using new
D/dalvikvm( 3589): GC_CONCURRENT freed 929K, 11% free 15249K/17031K, paused 18ms+9ms, total 118ms
I/PackageManager( 3589): Running dexopt on: com.example.android.notepad
D/dalvikvm( 5531): DexOpt: load 77ms, verify+opt 96ms, 355716 bytes
I/ActivityManager( 3589): Force stopping package com.example.android.notepad uid=10031
W/PackageManager( 3589): Code path for pkg : com.example.android.notepad changing from /data/app/com.example.android.notepad-1.apk to /data/app/com.example.android.notepad-2.apk
W/PackageManager( 3589): Resource path for pkg : com.example.android.notepad changing from /data/app/com.example.android.notepad-1.apk to /data/app/com.example.android.notepad-2.apk
D/PackageManager( 3589): New package installed in /data/app/com.example.android.notepad-2.apk
I/ActivityManager( 3589): Force stopping package com.example.android.notepad uid=10031
D/dalvikvm( 3589): WAIT_FOR_CONCURRENT_GC blocked 0ms
I/InputReader( 3589): Reconfiguring input devices.  changes=0x00000010
D/dalvikvm( 3589): GC_EXPLICIT freed 490K, 12% free 15104K/17031K, paused 43ms+12ms, total 166ms
D/PackageManager( 3589): generateServicesMap(android.accounts.AccountAuthenticator): 3 services unchanged
D/PackageManager( 3589): generateServicesMap(android.content.SyncAdapter): 5 services unchanged
D/BackupManagerService( 3589): Received broadcast Intent { act=android.intent.action.PACKAGE_REMOVED dat=package:com.example.android.notepad flg=0x8000010 (has extras) }
I/AccountTypeManager( 3818): Loaded meta-data for 1 account types, 0 accounts in 9ms(wall) 4ms(cpu)
D/PackageManager( 3589): generateServicesMap(android.accounts.AccountAuthenticator): 3 services unchanged
D/PackageManager( 3589): generateServicesMap(android.content.SyncAdapter): 5 services unchanged
D/BackupManagerService( 3589): Received broadcast Intent { act=android.intent.action.PACKAGE_ADDED dat=package:com.example.android.notepad flg=0x8000010 (has extras) }
V/BackupManagerService( 3589): removePackageParticipantsLocked: uid=10031 #1
I/InputReader( 3589): Reconfiguring input devices.  changes=0x00000010
V/BackupManagerService( 3589): addPackageParticipantsLocked: #1
I/AccountTypeManager( 3818): Loaded meta-data for 1 account types, 0 accounts in 7ms(wall) 5ms(cpu)
D/dalvikvm( 3589): WAIT_FOR_CONCURRENT_GC blocked 0ms
W/InputMethodManagerService( 3589): Found no subtypes in a system IME: com.android.inputmethod.pinyin
D/dalvikvm( 3589): GC_EXPLICIT freed 435K, 12% free 15137K/17031K, paused 30ms+14ms, total 242ms
W/RecognitionManagerService( 3589): no available voice recognition services found
D/AndroidRuntime( 5520): Shutting down VM
D/dalvikvm( 5520): GC_CONCURRENT freed 101K, 78% free 458K/2048K, paused 1ms+1ms, total 16ms
D/jdwp    ( 5520): Got wake-up signal, bailing out of select
D/dalvikvm( 5520): Debugger has detached; object registry had 1 entries
I/AndroidRuntime( 5520): NOTE: attach of thread 'Binder_3' failed
D/AndroidRuntime( 5539): 
D/AndroidRuntime( 5539): >>>>>> AndroidRuntime START com.android.internal.os.RuntimeInit <<<<<<
D/AndroidRuntime( 5539): CheckJNI is ON
D/dalvikvm( 5539): Trying to load lib libjavacore.so 0x0
D/dalvikvm( 5539): Added shared lib libjavacore.so 0x0
D/dalvikvm( 5539): Trying to load lib libnativehelper.so 0x0
D/dalvikvm( 5539): Added shared lib libnativehelper.so 0x0
D/AndroidRuntime( 5539): Calling main entry com.android.commands.am.Am
I/ActivityManager( 3589): START {act=android.intent.action.MAIN cat=[android.intent.category.LAUNCHER] flg=0x10000000 cmp=com.example.android.notepad/.NotesList u=0} from pid 5539
W/WindowManager( 3589): Failure taking screenshot for (328x546) to layer 21005
D/AndroidRuntime( 5539): Shutting down VM
D/dalvikvm( 5539): GC_CONCURRENT freed 102K, 77% free 489K/2048K, paused 1ms+1ms, total 15ms
D/jdwp    ( 5539): Got wake-up signal, bailing out of select
D/dalvikvm( 5539): Debugger has detached; object registry had 1 entries
I/AndroidRuntime( 5539): NOTE: attach of thread 'Binder_3' failed
D/dalvikvm( 5549): Not late-enabling CheckJNI (already on)
I/ActivityManager( 3589): Start proc com.example.android.notepad for activity com.example.android.notepad/.NotesList: pid=5549 uid=10031 gids={1015, 1028}
I/dalvikvm( 5549): Turning on JNI app bug workarounds for target SDK version 10...
E/Trace   ( 5549): error opening trace file: No such file or directory (2)
I/ActivityThread( 5549): Pub com.example.notepad.provider.NotePad: com.example.android.notepad.NotePadProvider
V/PhoneStatusBar( 3655): setLightsOn(true)
D/gralloc_goldfish( 5549): Emulator without GPU emulation detected.
I/ActivityManager( 3589): Displayed com.example.android.notepad/.NotesList: +1s642ms
D/AndroidRuntime( 5564): 
D/AndroidRuntime( 5564): >>>>>> AndroidRuntime START com.android.internal.os.RuntimeInit <<<<<<
D/AndroidRuntime( 5564): CheckJNI is ON
D/dalvikvm( 5564): Trying to load lib libjavacore.so 0x0
D/dalvikvm( 5564): Added shared lib libjavacore.so 0x0
D/dalvikvm( 5564): Trying to load lib libnativehelper.so 0x0
D/dalvikvm( 5564): Added shared lib libnativehelper.so 0x0
D/AndroidRuntime( 5564): Calling main entry com.android.commands.am.Am
D/AndroidRuntime( 5564): Shutting down VM
D/dalvikvm( 5564): GC_CONCURRENT freed 102K, 76% free 492K/2048K, paused 1ms+2ms, total 14ms
D/dalvikvm( 5564): Debugger has detached; object registry had 1 entries
I/AndroidRuntime( 5564): NOTE: attach of thread 'Binder_3' failed
D/AndroidRuntime( 5578): 
D/AndroidRuntime( 5578): >>>>>> AndroidRuntime START com.android.internal.os.RuntimeInit <<<<<<
D/AndroidRuntime( 5578): CheckJNI is ON
D/dalvikvm( 5578): Trying to load lib libjavacore.so 0x0
D/dalvikvm( 5578): Added shared lib libjavacore.so 0x0
D/dalvikvm( 5578): Trying to load lib libnativehelper.so 0x0
D/dalvikvm( 5578): Added shared lib libnativehelper.so 0x0
D/AndroidRuntime( 5578): Calling main entry com.android.commands.pm.Pm
W/ActivityManager( 3589): No content provider found for permission revoke: file:///data/local/tmp/NotePadTest.apk
W/ActivityManager( 3589): No content provider found for permission revoke: file:///data/local/tmp/NotePadTest.apk
I/PackageManager( 3589): Removing non-system package:com.jayway.test
I/ActivityManager( 3589): Force stopping package com.jayway.test uid=10029
I/PackageManager( 3589): Package com.jayway.test codePath changed from /data/app/com.jayway.test-1.apk to /data/app/com.jayway.test-2.apk; Retaining data and using new
I/PackageManager( 3589): Running dexopt on: com.jayway.test
D/dalvikvm( 5589): DexOpt: load 73ms, verify+opt 282ms, 581460 bytes
I/ActivityManager( 3589): Force stopping package com.jayway.test uid=10029
W/PackageManager( 3589): Code path for pkg : com.jayway.test changing from /data/app/com.jayway.test-1.apk to /data/app/com.jayway.test-2.apk
W/PackageManager( 3589): Resource path for pkg : com.jayway.test changing from /data/app/com.jayway.test-1.apk to /data/app/com.jayway.test-2.apk
D/PackageManager( 3589): New package installed in /data/app/com.jayway.test-2.apk
I/ActivityManager( 3589): Force stopping package com.jayway.test uid=10029
I/InputReader( 3589): Reconfiguring input devices.  changes=0x00000010
D/PackageManager( 3589): generateServicesMap(android.accounts.AccountAuthenticator): 3 services unchanged
D/PackageManager( 3589): generateServicesMap(android.content.SyncAdapter): 5 services unchanged
D/BackupManagerService( 3589): Received broadcast Intent { act=android.intent.action.PACKAGE_REMOVED dat=package:com.jayway.test flg=0x8000010 (has extras) }
I/AccountTypeManager( 3818): Loaded meta-data for 1 account types, 0 accounts in 9ms(wall) 5ms(cpu)
D/dalvikvm( 3746): GC_CONCURRENT freed 470K, 5% free 11100K/11655K, paused 8ms+4ms, total 129ms
D/PackageManager( 3589): generateServicesMap(android.accounts.AccountAuthenticator): 3 services unchanged
D/PackageManager( 3589): generateServicesMap(android.content.SyncAdapter): 5 services unchanged
I/InputReader( 3589): Reconfiguring input devices.  changes=0x00000010
D/BackupManagerService( 3589): Received broadcast Intent { act=android.intent.action.PACKAGE_ADDED dat=package:com.jayway.test flg=0x8000010 (has extras) }
V/BackupManagerService( 3589): removePackageParticipantsLocked: uid=10029 #1
I/AccountTypeManager( 3818): Loaded meta-data for 1 account types, 0 accounts in 28ms(wall) 6ms(cpu)
D/dalvikvm( 3589): GC_CONCURRENT freed 886K, 10% free 15356K/17031K, paused 59ms+12ms, total 157ms
D/dalvikvm( 3589): WAIT_FOR_CONCURRENT_GC blocked 86ms
D/dalvikvm( 3589): WAIT_FOR_CONCURRENT_GC blocked 89ms
V/BackupManagerService( 3589): addPackageParticipantsLocked: #1
D/dalvikvm( 3589): WAIT_FOR_CONCURRENT_GC blocked 0ms
W/InputMethodManagerService( 3589): Found no subtypes in a system IME: com.android.inputmethod.pinyin
W/RecognitionManagerService( 3589): no available voice recognition services found
D/dalvikvm( 3589): GC_EXPLICIT freed 434K, 12% free 15142K/17031K, paused 31ms+21ms, total 272ms
D/AndroidRuntime( 5578): Shutting down VM
D/dalvikvm( 5578): GC_CONCURRENT freed 101K, 78% free 458K/2048K, paused 1ms+1ms, total 14ms
D/jdwp    ( 5578): Got wake-up signal, bailing out of select
D/dalvikvm( 5578): Debugger has detached; object registry had 1 entries
I/AndroidRuntime( 5578): NOTE: attach of thread 'Binder_3' failed
D/AndroidRuntime( 5597): 
D/AndroidRuntime( 5597): >>>>>> AndroidRuntime START com.android.internal.os.RuntimeInit <<<<<<
D/AndroidRuntime( 5597): CheckJNI is ON
D/dalvikvm( 5597): Trying to load lib libjavacore.so 0x0
D/dalvikvm( 5597): Added shared lib libjavacore.so 0x0
D/dalvikvm( 5597): Trying to load lib libnativehelper.so 0x0
D/dalvikvm( 5597): Added shared lib libnativehelper.so 0x0
D/AndroidRuntime( 5597): Calling main entry com.android.commands.pm.Pm
D/AndroidRuntime( 5597): Shutting down VM
D/dalvikvm( 5597): GC_CONCURRENT freed 101K, 78% free 466K/2048K, paused 1ms+1ms, total 13ms
D/dalvikvm( 5597): Debugger has detached; object registry had 1 entries
I/AndroidRuntime( 5597): NOTE: attach of thread 'Binder_3' failed
D/AndroidRuntime( 5609): 
D/AndroidRuntime( 5609): >>>>>> AndroidRuntime START com.android.internal.os.RuntimeInit <<<<<<
D/AndroidRuntime( 5609): CheckJNI is ON
D/dalvikvm( 5609): Trying to load lib libjavacore.so 0x0
D/dalvikvm( 5609): Added shared lib libjavacore.so 0x0
D/dalvikvm( 5609): Trying to load lib libnativehelper.so 0x0
D/dalvikvm( 5609): Added shared lib libnativehelper.so 0x0
D/AndroidRuntime( 5609): Calling main entry com.android.commands.am.Am
D/AndroidRuntime( 5609): Shutting down VM
D/dalvikvm( 5609): GC_CONCURRENT freed 102K, 76% free 492K/2048K, paused 1ms+1ms, total 18ms
D/dalvikvm( 5609): Debugger has detached; object registry had 1 entries
I/AndroidRuntime( 5609): NOTE: attach of thread 'Binder_3' failed
D/AndroidRuntime( 5623): 
D/AndroidRuntime( 5623): >>>>>> AndroidRuntime START com.android.internal.os.RuntimeInit <<<<<<
D/AndroidRuntime( 5623): CheckJNI is ON
D/dalvikvm( 5623): Trying to load lib libjavacore.so 0x0
D/dalvikvm( 5623): Added shared lib libjavacore.so 0x0
D/dalvikvm( 5623): Trying to load lib libnativehelper.so 0x0
D/dalvikvm( 5623): Added shared lib libnativehelper.so 0x0
D/AndroidRuntime( 5623): Calling main entry com.android.commands.pm.Pm
W/ActivityManager( 3589): No content provider found for permission revoke: file:///data/local/tmp/NotePadTest.apk
W/ActivityManager( 3589): No content provider found for permission revoke: file:///data/local/tmp/NotePadTest.apk
I/PackageManager( 3589): Removing non-system package:com.jayway.test
I/ActivityManager( 3589): Force stopping package com.jayway.test uid=10029
I/PackageManager( 3589): Package com.jayway.test codePath changed from /data/app/com.jayway.test-2.apk to /data/app/com.jayway.test-1.apk; Retaining data and using new
I/PackageManager( 3589): Running dexopt on: com.jayway.test
D/dalvikvm( 5634): DexOpt: load 70ms, verify+opt 285ms, 581460 bytes
I/ActivityManager( 3589): Force stopping package com.jayway.test uid=10029
W/PackageManager( 3589): Code path for pkg : com.jayway.test changing from /data/app/com.jayway.test-2.apk to /data/app/com.jayway.test-1.apk
W/PackageManager( 3589): Resource path for pkg : com.jayway.test changing from /data/app/com.jayway.test-2.apk to /data/app/com.jayway.test-1.apk
D/PackageManager( 3589): New package installed in /data/app/com.jayway.test-1.apk
I/ActivityManager( 3589): Force stopping package com.jayway.test uid=10029
D/PackageManager( 3589): generateServicesMap(android.accounts.AccountAuthenticator): 3 services unchanged
D/PackageManager( 3589): generateServicesMap(android.content.SyncAdapter): 5 services unchanged
D/BackupManagerService( 3589): Received broadcast Intent { act=android.intent.action.PACKAGE_REMOVED dat=package:com.jayway.test flg=0x8000010 (has extras) }
I/InputReader( 3589): Reconfiguring input devices.  changes=0x00000010
I/AccountTypeManager( 3818): Loaded meta-data for 1 account types, 0 accounts in 8ms(wall) 5ms(cpu)
D/PackageManager( 3589): generateServicesMap(android.accounts.AccountAuthenticator): 3 services unchanged
D/PackageManager( 3589): generateServicesMap(android.content.SyncAdapter): 5 services unchanged
I/InputReader( 3589): Reconfiguring input devices.  changes=0x00000010
D/BackupManagerService( 3589): Received broadcast Intent { act=android.intent.action.PACKAGE_ADDED dat=package:com.jayway.test flg=0x8000010 (has extras) }
V/BackupManagerService( 3589): removePackageParticipantsLocked: uid=10029 #1
I/AccountTypeManager( 3818): Loaded meta-data for 1 account types, 0 accounts in 45ms(wall) 7ms(cpu)
V/BackupManagerService( 3589): addPackageParticipantsLocked: #1
D/dalvikvm( 3589): GC_CONCURRENT freed 1003K, 11% free 15245K/17031K, paused 39ms+10ms, total 160ms
D/dalvikvm( 3589): WAIT_FOR_CONCURRENT_GC blocked 83ms
D/dalvikvm( 3589): WAIT_FOR_CONCURRENT_GC blocked 101ms
D/dalvikvm( 3589): WAIT_FOR_CONCURRENT_GC blocked 0ms
W/InputMethodManagerService( 3589): Found no subtypes in a system IME: com.android.inputmethod.pinyin
W/RecognitionManagerService( 3589): no available voice recognition services found
D/dalvikvm( 3589): GC_EXPLICIT freed 225K, 12% free 15143K/17031K, paused 22ms+20ms, total 225ms
D/AndroidRuntime( 5623): Shutting down VM
D/dalvikvm( 5623): GC_CONCURRENT freed 101K, 78% free 458K/2048K, paused 1ms+1ms, total 13ms
D/jdwp    ( 5623): Got wake-up signal, bailing out of select
D/dalvikvm( 5623): Debugger has detached; object registry had 1 entries
I/AndroidRuntime( 5623): NOTE: attach of thread 'Binder_3' failed
D/AndroidRuntime( 5642): 
D/AndroidRuntime( 5642): >>>>>> AndroidRuntime START com.android.internal.os.RuntimeInit <<<<<<
D/AndroidRuntime( 5642): CheckJNI is ON
D/dalvikvm( 5642): Trying to load lib libjavacore.so 0x0
D/dalvikvm( 5642): Added shared lib libjavacore.so 0x0
D/dalvikvm( 5642): Trying to load lib libnativehelper.so 0x0
D/dalvikvm( 5642): Added shared lib libnativehelper.so 0x0
D/AndroidRuntime( 5642): Calling main entry com.android.commands.pm.Pm
D/AndroidRuntime( 5642): Shutting down VM
D/dalvikvm( 5642): GC_CONCURRENT freed 102K, 78% free 466K/2048K, paused 1ms+6ms, total 14ms
D/dalvikvm( 5642): Debugger has detached; object registry had 1 entries
D/AndroidRuntime( 5655): 
D/AndroidRuntime( 5655): >>>>>> AndroidRuntime START com.android.internal.os.RuntimeInit <<<<<<
D/AndroidRuntime( 5655): CheckJNI is ON
D/dalvikvm( 5655): Trying to load lib libjavacore.so 0x0
D/dalvikvm( 5655): Added shared lib libjavacore.so 0x0
D/dalvikvm( 5655): Trying to load lib libnativehelper.so 0x0
D/dalvikvm( 5655): Added shared lib libnativehelper.so 0x0
D/AndroidRuntime( 5655): Calling main entry com.android.commands.am.Am
I/ActivityManager( 3589): Force stopping package com.example.android.notepad uid=10031
I/ActivityManager( 3589): Killing proc 5549:com.example.android.notepad/u0a31: force stop
W/ActivityManager( 3589): Force removing ActivityRecord{416a5230 com.example.android.notepad/.NotesList}: app died, no saved state
W/InputDispatcher( 3589): channel '417f22c0 com.example.android.notepad/com.example.android.notepad.NotesList (server)' ~ Consumer closed input channel or an error occurred.  events=0x9
E/InputDispatcher( 3589): channel '417f22c0 com.example.android.notepad/com.example.android.notepad.NotesList (server)' ~ Channel is unrecoverably broken and will be disposed!
I/WindowState( 3589): WIN DEATH: Window{417f22c0 com.example.android.notepad/com.example.android.notepad.NotesList paused=false}
W/InputDispatcher( 3589): Attempted to unregister already unregistered input channel '417f22c0 com.example.android.notepad/com.example.android.notepad.NotesList (server)'
I/WindowManager( 3589): WINDOW DIED Window{417f22c0 com.example.android.notepad/com.example.android.notepad.NotesList paused=false}
I/ActivityManager( 3589): Start proc com.example.android.notepad for added application com.example.android.notepad: pid=5665 uid=10031 gids={1015, 1028}
D/dalvikvm( 5665): Not late-enabling CheckJNI (already on)
W/InputMethodManagerService( 3589): Got RemoteException sending setActive(false) notification to pid 5549 uid 10031
I/dalvikvm( 5665): Turning on JNI app bug workarounds for target SDK version 10...
E/Trace   ( 5665): error opening trace file: No such file or directory (2)
D/dalvikvm( 3655): GC_CONCURRENT freed 1282K, 53% free 14359K/30407K, paused 12ms+72ms, total 477ms
I/ActivityThread( 5665): Pub com.example.notepad.provider.NotePad: com.example.android.notepad.NotePadProvider
D/dalvikvm( 3699): GC_CONCURRENT freed 1171K, 8% free 14747K/16007K, paused 29ms+25ms, total 169ms
I/TestRunner( 5665): started: testAddNote(com.robotium.test.NotePadTest)
I/TestRunner( 5665): finished: testAddNote(com.robotium.test.NotePadTest)
I/TestRunner( 5665): passed: testAddNote(com.robotium.test.NotePadTest)
I/TestRunner( 5665): started: testEditNote(com.robotium.test.NotePadTest)
I/TestRunner( 5665): finished: testEditNote(com.robotium.test.NotePadTest)
I/TestRunner( 5665): passed: testEditNote(com.robotium.test.NotePadTest)
I/TestRunner( 5665): started: testRemoveNote(com.robotium.test.NotePadTest)
I/TestRunner( 5665): finished: testRemoveNote(com.robotium.test.NotePadTest)
I/TestRunner( 5665): passed: testRemoveNote(com.robotium.test.NotePadTest)
I/ActivityManager( 3589): Force stopping package com.example.android.notepad uid=10031
I/ActivityManager( 3589): Killing proc 5665:com.example.android.notepad/u0a31: force stop
D/AndroidRuntime( 5655): Shutting down VM
I/AndroidRuntime( 5655): NOTE: attach of thread 'Binder_3' failed
D/dalvikvm( 5655): GC_CONCURRENT freed 129K, 78% free 464K/2048K, paused 1ms+1ms, total 20ms
D/jdwp    ( 5655): Got wake-up signal, bailing out of select
D/dalvikvm( 5655): Debugger has detached; object registry had 1 entries
D/AndroidRuntime( 5682): 
D/AndroidRuntime( 5682): >>>>>> AndroidRuntime START com.android.internal.os.RuntimeInit <<<<<<
D/AndroidRuntime( 5682): CheckJNI is ON
D/dalvikvm( 5682): Trying to load lib libjavacore.so 0x0
D/dalvikvm( 5682): Added shared lib libjavacore.so 0x0
D/dalvikvm( 5682): Trying to load lib libnativehelper.so 0x0
D/dalvikvm( 5682): Added shared lib libnativehelper.so 0x0
D/AndroidRuntime( 5682): Calling main entry com.android.commands.am.Am
I/ActivityManager( 3589): Force stopping package com.example.android.notepad uid=10031
D/dalvikvm( 5692): Not late-enabling CheckJNI (already on)
I/ActivityManager( 3589): Start proc com.example.android.notepad for added application com.example.android.notepad: pid=5692 uid=10031 gids={1015, 1028}
I/dalvikvm( 5692): Turning on JNI app bug workarounds for target SDK version 10...
E/Trace   ( 5692): error opening trace file: No such file or directory (2)
I/ActivityThread( 5692): Pub com.example.notepad.provider.NotePad: com.example.android.notepad.NotePadProvider
I/TestRunner( 5692): started: testAddNote(com.robotium.test.NotePadTest)
I/ActivityManager( 3589): START {act=android.intent.action.MAIN flg=0x10000000 cmp=com.example.android.notepad/.NotesList u=0} from pid 5692
W/WindowManager( 3589): Failure taking screenshot for (328x546) to layer 21005
V/PhoneStatusBar( 3655): setLightsOn(true)
D/gralloc_goldfish( 5692): Emulator without GPU emulation detected.
I/ActivityManager( 3589): Displayed com.example.android.notepad/.NotesList: +1s381ms
E/dalvikvm( 5692): Could not find class 'android.support.v4.app.FragmentActivity', referenced from method com.robotium.solo.Waiter.getSupportFragment
W/dalvikvm( 5692): VFY: unable to resolve check-cast 36 (Landroid/support/v4/app/FragmentActivity;) in Lcom/robotium/solo/Waiter;
D/dalvikvm( 5692): VFY: replacing opcode 0x1f at 0x0009
I/dalvikvm( 5692): Could not find method android.support.v4.app.FragmentActivity.getSupportFragmentManager, referenced from method com.robotium.solo.Waiter.getSupportFragment
W/dalvikvm( 5692): VFY: unable to resolve virtual method 59: Landroid/support/v4/app/FragmentActivity;.getSupportFragmentManager ()Landroid/support/v4/app/FragmentManager;
D/dalvikvm( 5692): VFY: replacing opcode 0x6e at 0x0010
I/dalvikvm( 5692): Could not find method android.support.v4.app.FragmentActivity.getSupportFragmentManager, referenced from method com.robotium.solo.Waiter.getSupportFragment
W/dalvikvm( 5692): VFY: unable to resolve virtual method 59: Landroid/support/v4/app/FragmentActivity;.getSupportFragmentManager ()Landroid/support/v4/app/FragmentManager;
D/dalvikvm( 5692): VFY: replacing opcode 0x6e at 0x0019
W/dalvikvm( 5692): VFY: unable to find class referenced in signature (Landroid/support/v4/app/Fragment;)
W/dalvikvm( 5692): VFY: unable to find class referenced in signature (Landroid/support/v4/app/Fragment;)
D/dalvikvm( 5692): GC_CONCURRENT freed 168K, 2% free 11046K/11271K, paused 18ms+29ms, total 170ms
D/activv  ( 5692): com.example.android.notepad.NotesList@414b5d38
W/InputMethodManagerService( 3589): Window already focused, ignoring focus gain of: com.android.internal.view.IInputMethodClient$Stub$Proxy@418a3780 attribute=null
D/dalvikvm( 3589): GC_CONCURRENT freed 994K, 11% free 15255K/17031K, paused 17ms+14ms, total 144ms
D/dalvikvm( 3589): WAIT_FOR_CONCURRENT_GC blocked 81ms
W/WindowManager( 3589): Failure taking screenshot for (328x546) to layer 21010
W/ActivityManager( 3589): Duplicate finish request for ActivityRecord{418d4110 com.example.android.notepad/.NotesList}
W/InputDispatcher( 3589): Permission denied: injecting event from pid 5692 uid 10031 to window Window{416b9fd0 com.android.launcher/com.android.launcher2.Launcher paused=false} owned by uid 10036
W/InputManager( 3589): Input event injection from pid 5692 permission denied.
I/TestRunner( 5692): failed: testAddNote(com.robotium.test.NotePadTest)
I/TestRunner( 5692): ----- begin exception -----
I/TestRunner( 5692): 
I/TestRunner( 5692): junit.framework.ComparisonFailure: Expected NoteEditor activity expected:<Note[Editor]> but was:<Note[sList]>
I/TestRunner( 5692): 	at junit.framework.Assert.assertEquals(Assert.java:85)
I/TestRunner( 5692): 	at com.robotium.solo.Asserter.assertCurrentActivity(Asserter.java:43)
I/TestRunner( 5692): 	at com.robotium.solo.Solo.assertCurrentActivity(Solo.java:775)
I/TestRunner( 5692): 	at com.robotium.test.NotePadTest.testAddNote(NotePadTest.java:58)
I/TestRunner( 5692): 	at java.lang.reflect.Method.invokeNative(Native Method)
I/TestRunner( 5692): 	at java.lang.reflect.Method.invoke(Method.java:511)
I/TestRunner( 5692): 	at android.test.InstrumentationTestCase.runMethod(InstrumentationTestCase.java:214)
I/TestRunner( 5692): 	at android.test.InstrumentationTestCase.runTest(InstrumentationTestCase.java:199)
I/TestRunner( 5692): 	at android.test.ActivityInstrumentationTestCase2.runTest(ActivityInstrumentationTestCase2.java:192)
I/TestRunner( 5692): 	at junit.framework.TestCase.runBare(TestCase.java:134)
I/TestRunner( 5692): 	at junit.framework.TestResult$1.protect(TestResult.java:115)
I/TestRunner( 5692): 	at junit.framework.TestResult.runProtected(TestResult.java:133)
I/TestRunner( 5692): 	at junit.framework.TestResult.run(TestResult.java:118)
I/TestRunner( 5692): 	at junit.framework.TestCase.run(TestCase.java:124)
I/TestRunner( 5692): 	at android.test.AndroidTestRunner.runTest(AndroidTestRunner.java:190)
I/TestRunner( 5692): 	at android.test.AndroidTestRunner.runTest(AndroidTestRunner.java:175)
I/TestRunner( 5692): 	at android.test.InstrumentationTestRunner.onStart(InstrumentationTestRunner.java:555)
I/TestRunner( 5692): 	at android.app.Instrumentation$InstrumentationThread.run(Instrumentation.java:1584)
I/TestRunner( 5692): ----- end exception -----
I/TestRunner( 5692): finished: testAddNote(com.robotium.test.NotePadTest)
I/TestRunner( 5692): started: testEditNote(com.robotium.test.NotePadTest)
I/ActivityManager( 3589): START {act=android.intent.action.MAIN flg=0x10000000 cmp=com.example.android.notepad/.NotesList u=0} from pid 5692
W/WindowManager( 3589): Failure taking screenshot for (328x546) to layer 21005
V/PhoneStatusBar( 3655): setLightsOn(true)
W/InputMethodManagerService( 3589): Starting input on non-focused client com.android.internal.view.IInputMethodClient$Stub$Proxy@418fdd68 (uid=10036 pid=3699)
I/ActivityManager( 3589): Displayed com.example.android.notepad/.NotesList: +964ms
D/activv  ( 5692): com.example.android.notepad.NotesList@41504648
W/InputMethodManagerService( 3589): Starting input on non-focused client com.android.internal.view.IInputMethodClient$Stub$Proxy@418fdd68 (uid=10036 pid=3699)
I/Choreographer( 3655): Skipped 49 frames!  The application may be doing too much work on its main thread.
W/WindowManager( 3589): Failure taking screenshot for (328x546) to layer 21010
W/ActivityManager( 3589): Duplicate finish request for ActivityRecord{416a5230 com.example.android.notepad/.NotesList}
W/InputDispatcher( 3589): Permission denied: injecting event from pid 5692 uid 10031 to window Window{416b9fd0 com.android.launcher/com.android.launcher2.Launcher paused=false} owned by uid 10036
W/InputManager( 3589): Input event injection from pid 5692 permission denied.
I/TestRunner( 5692): failed: testEditNote(com.robotium.test.NotePadTest)
I/TestRunner( 5692): ----- begin exception -----
I/TestRunner( 5692): 
I/TestRunner( 5692): junit.framework.AssertionFailedError: Can not click on line number 2 as there are only 0 lines available
I/TestRunner( 5692): 	at junit.framework.Assert.fail(Assert.java:50)
I/TestRunner( 5692): 	at com.robotium.solo.Clicker.clickInList(Clicker.java:528)
I/TestRunner( 5692): 	at com.robotium.solo.Clicker.clickInList(Clicker.java:499)
I/TestRunner( 5692): 	at com.robotium.solo.Solo.clickInList(Solo.java:1284)
I/TestRunner( 5692): 	at com.robotium.test.NotePadTest.testEditNote(NotePadTest.java:126)
I/TestRunner( 5692): 	at java.lang.reflect.Method.invokeNative(Native Method)
I/TestRunner( 5692): 	at java.lang.reflect.Method.invoke(Method.java:511)
I/TestRunner( 5692): 	at android.test.InstrumentationTestCase.runMethod(InstrumentationTestCase.java:214)
I/TestRunner( 5692): 	at android.test.InstrumentationTestCase.runTest(InstrumentationTestCase.java:199)
I/TestRunner( 5692): 	at android.test.ActivityInstrumentationTestCase2.runTest(ActivityInstrumentationTestCase2.java:192)
I/TestRunner( 5692): 	at junit.framework.TestCase.runBare(TestCase.java:134)
I/TestRunner( 5692): 	at junit.framework.TestResult$1.protect(TestResult.java:115)
I/TestRunner( 5692): 	at junit.framework.TestResult.runProtected(TestResult.java:133)
I/TestRunner( 5692): 	at junit.framework.TestResult.run(TestResult.java:118)
I/TestRunner( 5692): 	at junit.framework.TestCase.run(TestCase.java:124)
I/TestRunner( 5692): 	at android.test.AndroidTestRunner.runTest(AndroidTestRunner.java:190)
I/TestRunner( 5692): 	at android.test.AndroidTestRunner.runTest(AndroidTestRunner.java:175)
I/TestRunner( 5692): 	at android.test.InstrumentationTestRunner.onStart(InstrumentationTestRunner.java:555)
I/TestRunner( 5692): 	at android.app.Instrumentation$InstrumentationThread.run(Instrumentation.java:1584)
I/TestRunner( 5692): ----- end exception -----
I/TestRunner( 5692): finished: testEditNote(com.robotium.test.NotePadTest)
I/TestRunner( 5692): started: testRemoveNote(com.robotium.test.NotePadTest)
I/ActivityManager( 3589): START {act=android.intent.action.MAIN flg=0x10000000 cmp=com.example.android.notepad/.NotesList u=0} from pid 5692
W/WindowManager( 3589): Failure taking screenshot for (328x546) to layer 21005
D/dalvikvm( 5692): GC_CONCURRENT freed 342K, 4% free 11100K/11527K, paused 16ms+88ms, total 232ms
V/PhoneStatusBar( 3655): setLightsOn(true)
W/InputMethodManagerService( 3589): Starting input on non-focused client com.android.internal.view.IInputMethodClient$Stub$Proxy@418fdd68 (uid=10036 pid=3699)
I/ActivityManager( 3589): Displayed com.example.android.notepad/.NotesList: +910ms
D/activv  ( 5692): com.example.android.notepad.NotesList@41531948
I/Choreographer( 3655): Skipped 72 frames!  The application may be doing too much work on its main thread.
E/ThrottleService( 3589): problem during onPollAlarm: java.lang.IllegalStateException: problem parsing stats: java.io.FileNotFoundException: /proc/net/xt_qtaguid/iface_stat_all: open failed: ENOENT (No such file or directory)
D/Robotium( 5692): '(?i).*?test.*' not found. Have found: 'Notes'
W/WindowManager( 3589): Failure taking screenshot for (328x546) to layer 21010
W/ActivityManager( 3589): Duplicate finish request for ActivityRecord{418decd0 com.example.android.notepad/.NotesList}
W/InputDispatcher( 3589): Permission denied: injecting event from pid 5692 uid 10031 to window Window{416b9fd0 com.android.launcher/com.android.launcher2.Launcher paused=false} owned by uid 10036
W/InputManager( 3589): Input event injection from pid 5692 permission denied.
I/TestRunner( 5692): failed: testRemoveNote(com.robotium.test.NotePadTest)
I/TestRunner( 5692): ----- begin exception -----
I/TestRunner( 5692): 
I/TestRunner( 5692): junit.framework.AssertionFailedError: Text string: '(?i).*?test.*' is not found!
I/TestRunner( 5692): 	at junit.framework.Assert.fail(Assert.java:50)
I/TestRunner( 5692): 	at com.robotium.solo.Clicker.clickOnText(Clicker.java:450)
I/TestRunner( 5692): 	at com.robotium.solo.Solo.clickOnText(Solo.java:1148)
I/TestRunner( 5692): 	at com.robotium.test.NotePadTest.testRemoveNote(NotePadTest.java:147)
I/TestRunner( 5692): 	at java.lang.reflect.Method.invokeNative(Native Method)
I/TestRunner( 5692): 	at java.lang.reflect.Method.invoke(Method.java:511)
I/TestRunner( 5692): 	at android.test.InstrumentationTestCase.runMethod(InstrumentationTestCase.java:214)
I/TestRunner( 5692): 	at android.test.InstrumentationTestCase.runTest(InstrumentationTestCase.java:199)
I/TestRunner( 5692): 	at android.test.ActivityInstrumentationTestCase2.runTest(ActivityInstrumentationTestCase2.java:192)
I/TestRunner( 5692): 	at junit.framework.TestCase.runBare(TestCase.java:134)
I/TestRunner( 5692): 	at junit.framework.TestResult$1.protect(TestResult.java:115)
I/TestRunner( 5692): 	at junit.framework.TestResult.runProtected(TestResult.java:133)
I/TestRunner( 5692): 	at junit.framework.TestResult.run(TestResult.java:118)
I/TestRunner( 5692): 	at junit.framework.TestCase.run(TestCase.java:124)
I/TestRunner( 5692): 	at android.test.AndroidTestRunner.runTest(AndroidTestRunner.java:190)
I/TestRunner( 5692): 	at android.test.AndroidTestRunner.runTest(AndroidTestRunner.java:175)
I/TestRunner( 5692): 	at android.test.InstrumentationTestRunner.onStart(InstrumentationTestRunner.java:555)
I/TestRunner( 5692): 	at android.app.Instrumentation$InstrumentationThread.run(Instrumentation.java:1584)
I/TestRunner( 5692): ----- end exception -----
I/TestRunner( 5692): finished: testRemoveNote(com.robotium.test.NotePadTest)
I/ActivityManager( 3589): Force stopping package com.example.android.notepad uid=10031
I/ActivityManager( 3589): Killing proc 5692:com.example.android.notepad/u0a31: force stop
W/InputDispatcher( 3589): channel '418ad920 com.example.android.notepad/com.example.android.notepad.NotesList (server)' ~ Consumer closed input channel or an error occurred.  events=0x9
E/InputDispatcher( 3589): channel '418ad920 com.example.android.notepad/com.example.android.notepad.NotesList (server)' ~ Channel is unrecoverably broken and will be disposed!
I/WindowState( 3589): WIN DEATH: Window{418ad920 com.example.android.notepad/com.example.android.notepad.NotesList paused=false}
W/InputDispatcher( 3589): Attempted to unregister already unregistered input channel '418ad920 com.example.android.notepad/com.example.android.notepad.NotesList (server)'
I/WindowManager( 3589): WINDOW DIED Window{418ad920 com.example.android.notepad/com.example.android.notepad.NotesList paused=false}
D/AndroidRuntime( 5682): Shutting down VM
D/dalvikvm( 5682): GC_CONCURRENT freed 160K, 78% free 464K/2048K, paused 1ms+1ms, total 9ms
D/jdwp    ( 5682): Got wake-up signal, bailing out of select
D/dalvikvm( 5682): Debugger has detached; object registry had 1 entries
W/WindowManager( 3589): Rebuild removed 2 windows but added 1
W/WindowManager( 3589): This window was lost: Window{418ad920 com.example.android.notepad/com.example.android.notepad.NotesList paused=false}
W/WindowManager( 3589): mSession=Session{41716a78 uid 10031} mClient=android.os.BinderProxy@416f5068
W/WindowManager( 3589): mAttrs=WM.LayoutParams{(0,0)(fillxfill) sim=#110 ty=1 fl=#8010100 pfl=0x8 wanim=0x1030001}
W/WindowManager( 3589): Requested w=768 h=1184 mLayoutSeq=1336
W/WindowManager( 3589): mBaseLayer=21000 mSubLayer=0 mAnimLayer=21010+1000=21010 mLastLayer=22010
W/WindowManager( 3589): mToken=AppWindowToken{4169eee8 token=Token{41706f58 ActivityRecord{418decd0 com.example.android.notepad/.NotesList}}}
W/WindowManager( 3589): mRootToken=AppWindowToken{4169eee8 token=Token{41706f58 ActivityRecord{418decd0 com.example.android.notepad/.NotesList}}}
W/WindowManager( 3589): mAppToken=AppWindowToken{4169eee8 token=Token{41706f58 ActivityRecord{418decd0 com.example.android.notepad/.NotesList}}}
W/WindowManager( 3589): mViewVisibility=0x8 mHaveFrame=true mObscured=false
W/WindowManager( 3589): mSeq=0 mSystemUiVisibility=0x0
W/WindowManager( 3589): mGivenContentInsets=[0,0][0,0] mGivenVisibleInsets=[0,0][0,0]
W/WindowManager( 3589): mConfiguration={1.0 310mcc260mnc en_US sw384dp w384dp h567dp nrml port finger qwerty/v/v -nav/h s.22}
W/WindowManager( 3589): mHasSurface=true mShownFrame=[192.0,296.0][960.0,1480.0]
W/WindowManager( 3589): mFrame=[0,0][768,1184] last=[0,0][768,1184]
W/WindowManager( 3589): mSystemDecorRect=[0,50][768,1184] last=[0,50][768,1184]
W/WindowManager( 3589): Frames: containing=[0,0][768,1184] parent=[0,0][768,1184] display=[0,0][768,1184]
W/WindowManager( 3589):     content=[0,50][768,1184] visible=[0,50][768,1184]
W/WindowManager( 3589): Cur insets: content=[0,50][0,0] visible=[0,50][0,0]
W/WindowManager( 3589): Lst insets: content=[0,50][0,0] visible=[0,50][0,0]
W/WindowManager( 3589): mSurface=Surface(name=com.example.android.notepad/com.example.android.notepad.NotesList, identity=771)
W/WindowManager( 3589): mDrawState=HAS_DRAWN mLastHidden=true
W/WindowManager( 3589): Surface: shown=false layer=22010 alpha=0.0 rect=(192.0,296.0) 768.0 x 1184.0
W/WindowManager( 3589): mShownAlpha=0.0 mAlpha=1.0 mLastAlpha=0.0
W/WindowManager( 3589): mGlobalScale=1.0 mDsDx=0.5 mDtDx=0.0 mDsDy=0.0 mDtDy=0.5
W/WindowManager( 3589): mExiting=false mRemoveOnExit=false mDestroying=true mRemoved=false
W/WindowManager( 3589): Current app token list:
V/WindowManager( 3589):   #0: Token{418a5a38 ActivityRecord{418a5600 com.android.launcher/com.android.launcher2.Launcher}}
W/WindowManager( 3589): Final window list:
V/WindowManager( 3589):   #6: Window{4180ae38 SearchPanel paused=false}
V/WindowManager( 3589):   #5: Window{418b9a30 NavigationBar paused=false}
V/WindowManager( 3589):   #4: Window{417f2508 RecentsPanel paused=false}
V/WindowManager( 3589):   #3: Window{41968a78 StatusBar paused=false}
V/WindowManager( 3589):   #2: Window{41709040 Keyguard paused=false}
V/WindowManager( 3589):   #1: Window{416b9fd0 com.android.launcher/com.android.launcher2.Launcher paused=false}
V/WindowManager( 3589):   #0: Window{4198cf90 com.android.systemui.ImageWallpaper paused=false}
D/AndroidRuntime( 5715): 
D/AndroidRuntime( 5715): >>>>>> AndroidRuntime START com.android.internal.os.RuntimeInit <<<<<<
D/AndroidRuntime( 5715): CheckJNI is ON
D/dalvikvm( 5715): Trying to load lib libjavacore.so 0x0
D/dalvikvm( 5715): Added shared lib libjavacore.so 0x0
D/dalvikvm( 5715): Trying to load lib libnativehelper.so 0x0
D/dalvikvm( 5715): Added shared lib libnativehelper.so 0x0
D/AndroidRuntime( 5715): Calling main entry com.android.commands.am.Am
D/AndroidRuntime( 5715): Shutting down VM
D/dalvikvm( 5715): GC_CONCURRENT freed 102K, 76% free 492K/2048K, paused 1ms+2ms, total 15ms
D/dalvikvm( 5715): Debugger has detached; object registry had 1 entries
I/AndroidRuntime( 5715): NOTE: attach of thread 'Binder_3' failed
D/AndroidRuntime( 5727): 
D/AndroidRuntime( 5727): >>>>>> AndroidRuntime START com.android.internal.os.RuntimeInit <<<<<<
D/AndroidRuntime( 5727): CheckJNI is ON
D/dalvikvm( 5727): Trying to load lib libjavacore.so 0x0
D/dalvikvm( 5727): Added shared lib libjavacore.so 0x0
D/dalvikvm( 5727): Trying to load lib libnativehelper.so 0x0
D/dalvikvm( 5727): Added shared lib libnativehelper.so 0x0
D/AndroidRuntime( 5727): Calling main entry com.android.commands.am.Am
D/AndroidRuntime( 5727): Shutting down VM
I/AndroidRuntime( 5727): NOTE: attach of thread 'Binder_3' failed
D/dalvikvm( 5727): GC_CONCURRENT freed 102K, 76% free 492K/2048K, paused 2ms+2ms, total 43ms
D/dalvikvm( 5727): Debugger has detached; object registry had 1 entries
D/AndroidRuntime( 5740): 
D/AndroidRuntime( 5740): >>>>>> AndroidRuntime START com.android.internal.os.RuntimeInit <<<<<<
D/AndroidRuntime( 5740): CheckJNI is ON
D/dalvikvm( 5740): Trying to load lib libjavacore.so 0x0
D/dalvikvm( 5740): Added shared lib libjavacore.so 0x0
D/dalvikvm( 5740): Trying to load lib libnativehelper.so 0x0
D/dalvikvm( 5740): Added shared lib libnativehelper.so 0x0
