E/BinaryDictionaryGetter( 3670): Could not find a dictionary pack
V/PhoneStatusBar( 3655): setLightsOn(true)
I/ActivityManager( 3589): Displayed com.example.android.notepad/.NoteEditor: +375ms
W/WindowManager( 3589): Failure taking screenshot for (328x546) to layer 21020
V/PhoneStatusBar( 3655): setLightsOn(true)
W/WindowManager( 3589): Force-removing child win Window{417f3a08 AtchDlg:com.example.android.notepad/com.example.android.notepad.NoteEditor paused=false} from container Window{41714778 com.example.android.notepad/com.example.android.notepad.NoteEditor paused=false}
W/InputMethodManagerService( 3589): Window already focused, ignoring focus gain of: com.android.internal.view.IInputMethodClient$Stub$Proxy@418b4b58 attribute=android.view.inputmethod.EditorInfo@4189bd68
W/WindowManager( 3589): Failure taking screenshot for (328x546) to layer 21010
W/ActivityManager( 3589): Duplicate finish request for ActivityRecord{416a55d0 com.example.android.notepad/.NotesList}
W/ActivityManager( 3589): Duplicate finish request for ActivityRecord{416a55d0 com.example.android.notepad/.NotesList}
W/InputDispatcher( 3589): Permission denied: injecting event from pid 4521 uid 10031 to window Window{416b9fd0 com.android.launcher/com.android.launcher2.Launcher paused=false} owned by uid 10036
W/InputManager( 3589): Input event injection from pid 4521 permission denied.
I/TestRunner( 4521): finished: testRemoveNote(com.robotium.test.NotePadTest)
I/TestRunner( 4521): passed: testRemoveNote(com.robotium.test.NotePadTest)
I/ActivityManager( 3589): Force stopping package com.example.android.notepad uid=10031
I/ActivityManager( 3589): Killing proc 4521:com.example.android.notepad/u0a31: force stop
W/InputDispatcher( 3589): channel '416ff608 com.example.android.notepad/com.example.android.notepad.NotesList (server)' ~ Consumer closed input channel or an error occurred.  events=0x9
E/InputDispatcher( 3589): channel '416ff608 com.example.android.notepad/com.example.android.notepad.NotesList (server)' ~ Channel is unrecoverably broken and will be disposed!
I/WindowState( 3589): WIN DEATH: Window{416ff608 com.example.android.notepad/com.example.android.notepad.NotesList paused=false}
W/InputDispatcher( 3589): Attempted to unregister already unregistered input channel '416ff608 com.example.android.notepad/com.example.android.notepad.NotesList (server)'
I/WindowManager( 3589): WINDOW DIED Window{416ff608 com.example.android.notepad/com.example.android.notepad.NotesList paused=false}
D/AndroidRuntime( 4511): Shutting down VM
D/dalvikvm( 4511): GC_CONCURRENT freed 129K, 78% free 464K/2048K, paused 1ms+1ms, total 10ms
D/jdwp    ( 4511): Got wake-up signal, bailing out of select
D/dalvikvm( 4511): Debugger has detached; object registry had 1 entries
I/AndroidRuntime( 4511): NOTE: attach of thread 'Binder_3' failed
D/AndroidRuntime( 4567): 
D/AndroidRuntime( 4567): >>>>>> AndroidRuntime START com.android.internal.os.RuntimeInit <<<<<<
D/AndroidRuntime( 4567): CheckJNI is ON
D/dalvikvm( 4567): Trying to load lib libjavacore.so 0x0
D/dalvikvm( 4567): Added shared lib libjavacore.so 0x0
D/dalvikvm( 4567): Trying to load lib libnativehelper.so 0x0
D/dalvikvm( 4567): Added shared lib libnativehelper.so 0x0
D/AndroidRuntime( 4567): Calling main entry com.android.commands.am.Am
D/AndroidRuntime( 4567): Shutting down VM
D/dalvikvm( 4567): GC_CONCURRENT freed 102K, 76% free 492K/2048K, paused 2ms+1ms, total 16ms
D/dalvikvm( 4567): Debugger has detached; object registry had 1 entries
I/AndroidRuntime( 4567): NOTE: attach of thread 'Binder_3' failed
D/AndroidRuntime( 4581): 
D/AndroidRuntime( 4581): >>>>>> AndroidRuntime START com.android.internal.os.RuntimeInit <<<<<<
D/AndroidRuntime( 4581): CheckJNI is ON
D/dalvikvm( 4581): Trying to load lib libjavacore.so 0x0
D/dalvikvm( 4581): Added shared lib libjavacore.so 0x0
D/dalvikvm( 4581): Trying to load lib libnativehelper.so 0x0
D/dalvikvm( 4581): Added shared lib libnativehelper.so 0x0
D/AndroidRuntime( 4581): Calling main entry com.android.commands.pm.Pm
W/ActivityManager( 3589): No content provider found for permission revoke: file:///data/local/tmp/NotePadTest.apk
W/ActivityManager( 3589): No content provider found for permission revoke: file:///data/local/tmp/NotePadTest.apk
I/PackageManager( 3589): Removing non-system package:com.jayway.test
I/ActivityManager( 3589): Force stopping package com.jayway.test uid=10029
I/PackageManager( 3589): Package com.jayway.test codePath changed from /data/app/com.jayway.test-1.apk to /data/app/com.jayway.test-2.apk; Retaining data and using new
I/PackageManager( 3589): Running dexopt on: com.jayway.test
D/dalvikvm( 4592): DexOpt: load 83ms, verify+opt 528ms, 581460 bytes
W/PackageManager( 3589): Code path for pkg : com.jayway.test changing from /data/app/com.jayway.test-1.apk to /data/app/com.jayway.test-2.apk
W/PackageManager( 3589): Resource path for pkg : com.jayway.test changing from /data/app/com.jayway.test-1.apk to /data/app/com.jayway.test-2.apk
I/ActivityManager( 3589): Force stopping package com.jayway.test uid=10029
D/AndroidRuntime( 4594): 
D/AndroidRuntime( 4594): >>>>>> AndroidRuntime START com.android.internal.os.RuntimeInit <<<<<<
D/AndroidRuntime( 4594): CheckJNI is ON
D/dalvikvm( 4594): Trying to load lib libjavacore.so 0x0
D/dalvikvm( 4594): Added shared lib libjavacore.so 0x0
D/dalvikvm( 4594): Trying to load lib libnativehelper.so 0x0
D/dalvikvm( 4594): Added shared lib libnativehelper.so 0x0
D/AndroidRuntime( 4594): Calling main entry com.android.commands.am.Am
D/AndroidRuntime( 4594): Shutting down VM
D/dalvikvm( 4594): GC_CONCURRENT freed 102K, 76% free 492K/2048K, paused 2ms+7ms, total 15ms
D/dalvikvm( 4594): Debugger has detached; object registry had 1 entries
I/AndroidRuntime( 4594): NOTE: attach of thread 'Binder_3' failed
D/PackageManager( 3589): New package installed in /data/app/com.jayway.test-2.apk
I/ActivityManager( 3589): Force stopping package com.jayway.test uid=10029
I/InputReader( 3589): Reconfiguring input devices.  changes=0x00000010
D/PackageManager( 3589): generateServicesMap(android.accounts.AccountAuthenticator): 3 services unchanged
D/PackageManager( 3589): generateServicesMap(android.content.SyncAdapter): 5 services unchanged
D/BackupManagerService( 3589): Received broadcast Intent { act=android.intent.action.PACKAGE_REMOVED dat=package:com.jayway.test flg=0x8000010 (has extras) }
I/AccountTypeManager( 3818): Loaded meta-data for 1 account types, 0 accounts in 10ms(wall) 5ms(cpu)
D/PackageManager( 3589): generateServicesMap(android.accounts.AccountAuthenticator): 3 services unchanged
D/PackageManager( 3589): generateServicesMap(android.content.SyncAdapter): 5 services unchanged
D/BackupManagerService( 3589): Received broadcast Intent { act=android.intent.action.PACKAGE_ADDED dat=package:com.jayway.test flg=0x8000010 (has extras) }
I/AccountTypeManager( 3818): Loaded meta-data for 1 account types, 0 accounts in 25ms(wall) 6ms(cpu)
V/BackupManagerService( 3589): removePackageParticipantsLocked: uid=10029 #1
I/InputReader( 3589): Reconfiguring input devices.  changes=0x00000010
D/dalvikvm( 3589): GC_CONCURRENT freed 963K, 11% free 15287K/17031K, paused 58ms+30ms, total 282ms
D/dalvikvm( 3589): WAIT_FOR_CONCURRENT_GC blocked 30ms
D/dalvikvm( 3589): WAIT_FOR_CONCURRENT_GC blocked 76ms
V/BackupManagerService( 3589): addPackageParticipantsLocked: #1
D/dalvikvm( 3589): WAIT_FOR_CONCURRENT_GC blocked 0ms
W/InputMethodManagerService( 3589): Found no subtypes in a system IME: com.android.inputmethod.pinyin
D/dalvikvm( 3589): GC_EXPLICIT freed 410K, 12% free 15108K/17031K, paused 21ms+21ms, total 228ms
W/RecognitionManagerService( 3589): no available voice recognition services found
D/AndroidRuntime( 4581): Shutting down VM
D/dalvikvm( 4581): GC_CONCURRENT freed 101K, 78% free 458K/2048K, paused 1ms+1ms, total 14ms
D/jdwp    ( 4581): Got wake-up signal, bailing out of select
D/dalvikvm( 4581): Debugger has detached; object registry had 1 entries
I/AndroidRuntime( 4581): NOTE: attach of thread 'Binder_3' failed
D/AndroidRuntime( 4612): 
D/AndroidRuntime( 4612): >>>>>> AndroidRuntime START com.android.internal.os.RuntimeInit <<<<<<
D/AndroidRuntime( 4612): CheckJNI is ON
D/dalvikvm( 4612): Trying to load lib libjavacore.so 0x0
D/dalvikvm( 4612): Added shared lib libjavacore.so 0x0
D/dalvikvm( 4612): Trying to load lib libnativehelper.so 0x0
D/dalvikvm( 4612): Added shared lib libnativehelper.so 0x0
D/dalvikvm( 3746): GC_CONCURRENT freed 463K, 5% free 11120K/11655K, paused 17ms+37ms, total 143ms
D/AndroidRuntime( 4612): Calling main entry com.android.commands.pm.Pm
D/AndroidRuntime( 4612): Shutting down VM
D/dalvikvm( 4612): GC_CONCURRENT freed 101K, 78% free 466K/2048K, paused 1ms+1ms, total 15ms
D/dalvikvm( 4612): Debugger has detached; object registry had 1 entries
I/AndroidRuntime( 4612): NOTE: attach of thread 'Binder_3' failed
D/AndroidRuntime( 4625): 
D/AndroidRuntime( 4625): >>>>>> AndroidRuntime START com.android.internal.os.RuntimeInit <<<<<<
D/AndroidRuntime( 4625): CheckJNI is ON
D/dalvikvm( 4625): Trying to load lib libjavacore.so 0x0
D/dalvikvm( 4625): Added shared lib libjavacore.so 0x0
D/dalvikvm( 4625): Trying to load lib libnativehelper.so 0x0
D/dalvikvm( 4625): Added shared lib libnativehelper.so 0x0
D/AndroidRuntime( 4625): Calling main entry com.android.commands.am.Am
I/ActivityManager( 3589): Force stopping package com.example.android.notepad uid=10031
D/dalvikvm( 4635): Not late-enabling CheckJNI (already on)
I/ActivityManager( 3589): Start proc com.example.android.notepad for added application com.example.android.notepad: pid=4635 uid=10031 gids={1015, 1028}
I/dalvikvm( 4635): Turning on JNI app bug workarounds for target SDK version 10...
E/Trace   ( 4635): error opening trace file: No such file or directory (2)
I/ActivityThread( 4635): Pub com.example.notepad.provider.NotePad: com.example.android.notepad.NotePadProvider
I/TestRunner( 4635): started: testAddNote(com.robotium.test.NotePadTest)
I/TestRunner( 4635): finished: testAddNote(com.robotium.test.NotePadTest)
I/TestRunner( 4635): passed: testAddNote(com.robotium.test.NotePadTest)
I/TestRunner( 4635): started: testEditNote(com.robotium.test.NotePadTest)
I/TestRunner( 4635): finished: testEditNote(com.robotium.test.NotePadTest)
I/TestRunner( 4635): passed: testEditNote(com.robotium.test.NotePadTest)
I/TestRunner( 4635): started: testRemoveNote(com.robotium.test.NotePadTest)
I/TestRunner( 4635): finished: testRemoveNote(com.robotium.test.NotePadTest)
I/TestRunner( 4635): passed: testRemoveNote(com.robotium.test.NotePadTest)
I/ActivityManager( 3589): Force stopping package com.example.android.notepad uid=10031
I/ActivityManager( 3589): Killing proc 4635:com.example.android.notepad/u0a31: force stop
D/AndroidRuntime( 4625): Shutting down VM
D/dalvikvm( 4625): GC_CONCURRENT freed 129K, 78% free 464K/2048K, paused 2ms+1ms, total 14ms
D/jdwp    ( 4625): Got wake-up signal, bailing out of select
D/dalvikvm( 4625): Debugger has detached; object registry had 1 entries
I/AndroidRuntime( 4625): NOTE: attach of thread 'Binder_3' failed
D/AndroidRuntime( 4652): 
D/AndroidRuntime( 4652): >>>>>> AndroidRuntime START com.android.internal.os.RuntimeInit <<<<<<
D/AndroidRuntime( 4652): CheckJNI is ON
D/dalvikvm( 4652): Trying to load lib libjavacore.so 0x0
D/dalvikvm( 4652): Added shared lib libjavacore.so 0x0
D/dalvikvm( 4652): Trying to load lib libnativehelper.so 0x0
D/dalvikvm( 4652): Added shared lib libnativehelper.so 0x0
D/AndroidRuntime( 4652): Calling main entry com.android.commands.am.Am
I/ActivityManager( 3589): Force stopping package com.example.android.notepad uid=10031
D/dalvikvm( 4662): Not late-enabling CheckJNI (already on)
I/ActivityManager( 3589): Start proc com.example.android.notepad for added application com.example.android.notepad: pid=4662 uid=10031 gids={1015, 1028}
I/dalvikvm( 4662): Turning on JNI app bug workarounds for target SDK version 10...
E/Trace   ( 4662): error opening trace file: No such file or directory (2)
I/ActivityThread( 4662): Pub com.example.notepad.provider.NotePad: com.example.android.notepad.NotePadProvider
I/TestRunner( 4662): started: testAddNote(com.robotium.test.NotePadTest)
I/ActivityManager( 3589): START {act=android.intent.action.MAIN flg=0x10000000 cmp=com.example.android.notepad/.NotesList u=0} from pid 4662
W/WindowManager( 3589): Failure taking screenshot for (328x546) to layer 21005
V/PhoneStatusBar( 3655): setLightsOn(true)
D/gralloc_goldfish( 4662): Emulator without GPU emulation detected.
I/ActivityManager( 3589): Displayed com.example.android.notepad/.NotesList: +1s675ms
E/dalvikvm( 4662): Could not find class 'android.support.v4.app.FragmentActivity', referenced from method com.robotium.solo.Waiter.getSupportFragment
W/dalvikvm( 4662): VFY: unable to resolve check-cast 36 (Landroid/support/v4/app/FragmentActivity;) in Lcom/robotium/solo/Waiter;
D/dalvikvm( 4662): VFY: replacing opcode 0x1f at 0x0009
I/dalvikvm( 4662): Could not find method android.support.v4.app.FragmentActivity.getSupportFragmentManager, referenced from method com.robotium.solo.Waiter.getSupportFragment
W/dalvikvm( 4662): VFY: unable to resolve virtual method 59: Landroid/support/v4/app/FragmentActivity;.getSupportFragmentManager ()Landroid/support/v4/app/FragmentManager;
D/dalvikvm( 4662): VFY: replacing opcode 0x6e at 0x0010
I/dalvikvm( 4662): Could not find method android.support.v4.app.FragmentActivity.getSupportFragmentManager, referenced from method com.robotium.solo.Waiter.getSupportFragment
W/dalvikvm( 4662): VFY: unable to resolve virtual method 59: Landroid/support/v4/app/FragmentActivity;.getSupportFragmentManager ()Landroid/support/v4/app/FragmentManager;
D/dalvikvm( 4662): VFY: replacing opcode 0x6e at 0x0019
W/dalvikvm( 4662): VFY: unable to find class referenced in signature (Landroid/support/v4/app/Fragment;)
W/dalvikvm( 4662): VFY: unable to find class referenced in signature (Landroid/support/v4/app/Fragment;)
D/dalvikvm( 4662): GC_CONCURRENT freed 161K, 3% free 11046K/11271K, paused 18ms+5ms, total 163ms
D/activv  ( 4662): com.example.android.notepad.NotesList@414b3ea0
I/ActivityManager( 3589): START {act=android.intent.action.INSERT dat=content://com.example.notepad.provider.NotePad/notes cmp=com.example.android.notepad/.NoteEditor u=0} from pid 4662
W/WindowManager( 3589): Failure taking screenshot for (328x546) to layer 21015
D/check   ( 4662): there is nothing
V/PhoneStatusBar( 3655): setLightsOn(true)
I/ActivityManager( 3589): Displayed com.example.android.notepad/.NoteEditor: +493ms
W/WindowManager( 3589): Failure taking screenshot for (328x546) to layer 21015
D/dalvikvm( 3589): WAIT_FOR_CONCURRENT_GC blocked 0ms
D/dalvikvm( 3589): GC_EXPLICIT freed 675K, 11% free 15196K/17031K, paused 11ms+11ms, total 127ms
V/PhoneStatusBar( 3655): setLightsOn(true)
D/dalvikvm( 3589): GC_CONCURRENT freed 1157K, 11% free 15159K/17031K, paused 18ms+10ms, total 177ms
D/dalvikvm( 3589): WAIT_FOR_CONCURRENT_GC blocked 84ms
I/ActivityManager( 3589): START {act=android.intent.action.INSERT dat=content://com.example.notepad.provider.NotePad/notes cmp=com.example.android.notepad/.NoteEditor u=0} from pid 4662
W/WindowManager( 3589): Failure taking screenshot for (328x546) to layer 21015
V/PhoneStatusBar( 3655): setLightsOn(true)
I/ActivityManager( 3589): Displayed com.example.android.notepad/.NoteEditor: +446ms
D/activv1 ( 4662): com.example.android.notepad.NoteEditor@414873a8
W/WindowManager( 3589): Failure taking screenshot for (328x546) to layer 21015
V/PhoneStatusBar( 3655): setLightsOn(true)
D/activv2 ( 4662): com.example.android.notepad.NotesList@414b3ea0
I/Choreographer( 3589): Skipped 32 frames!  The application may be doing too much work on its main thread.
D/dalvikvm( 4662): GC_FOR_ALLOC freed 169K, 2% free 11124K/11335K, paused 100ms, total 131ms
I/dalvikvm-heap( 4662): Grow heap (frag case) to 14.361MB for 3637264-byte allocation
D/dalvikvm( 3589): GC_CONCURRENT freed 1053K, 12% free 15143K/17031K, paused 34ms+15ms, total 388ms
D/dalvikvm( 4662): GC_CONCURRENT freed 48K, 2% free 14627K/14919K, paused 17ms+21ms, total 68ms
D/dalvikvm( 4662): WAIT_FOR_CONCURRENT_GC blocked 52ms
D/dalvikvm( 4662): GC_FOR_ALLOC freed 0K, 2% free 14628K/14919K, paused 28ms, total 29ms
I/dalvikvm-heap( 4662): Grow heap (frag case) to 17.783MB for 3637264-byte allocation
D/dalvikvm( 4662): GC_CONCURRENT freed <1K, 2% free 18179K/18503K, paused 18ms+5ms, total 61ms
D/dalvikvm( 4662): WAIT_FOR_CONCURRENT_GC blocked 17ms
W/WindowManager( 3589): Failure taking screenshot for (328x546) to layer 21010
W/ActivityManager( 3589): Duplicate finish request for ActivityRecord{416a55d0 com.example.android.notepad/.NotesList}
W/InputDispatcher( 3589): Permission denied: injecting event from pid 4662 uid 10031 to window Window{416b9fd0 com.android.launcher/com.android.launcher2.Launcher paused=false} owned by uid 10036
W/InputManager( 3589): Input event injection from pid 4662 permission denied.
I/TestRunner( 4662): finished: testAddNote(com.robotium.test.NotePadTest)
I/TestRunner( 4662): passed: testAddNote(com.robotium.test.NotePadTest)
I/TestRunner( 4662): started: testEditNote(com.robotium.test.NotePadTest)
I/ActivityManager( 3589): START {act=android.intent.action.MAIN flg=0x10000000 cmp=com.example.android.notepad/.NotesList u=0} from pid 4662
W/WindowManager( 3589): Failure taking screenshot for (328x546) to layer 21005
V/PhoneStatusBar( 3655): setLightsOn(true)
I/ActivityManager( 3589): Displayed com.example.android.notepad/.NotesList: +1s70ms
I/Choreographer( 3655): Skipped 49 frames!  The application may be doing too much work on its main thread.
D/activv  ( 4662): com.example.android.notepad.NotesList@414a39b8
I/ActivityManager( 3589): START {act=android.intent.action.EDIT dat=content://com.example.notepad.provider.NotePad/notes/1 cmp=com.example.android.notepad/.NoteEditor u=0} from pid 4662
W/WindowManager( 3589): Failure taking screenshot for (328x546) to layer 21010
E/ActivityThread( 3670): Failed to find provider info for com.android.inputmethod.latin.dictionarypack
E/BinaryDictionaryGetter( 3670): Could not find a dictionary pack
V/PhoneStatusBar( 3655): setLightsOn(true)
I/ActivityManager( 3589): Displayed com.example.android.notepad/.NoteEditor: +413ms
I/InputReader( 3589): Reconfiguring input devices.  changes=0x00000004
I/InputReader( 3589): Device reconfigured: id=0, name='qwerty2', surface size is now 768x1280, mode is 1
W/SurfaceFlinger(   36): createScreenshotSurface failed (Function not implemented)
I/ActivityManager( 3589): Config changed: {1.0 310mcc260mnc en_US sw384dp w598dp h359dp nrml land finger qwerty/v/v -nav/h s.11}
D/dalvikvm( 3670): GC_CONCURRENT freed 422K, 5% free 11335K/11847K, paused 19ms+6ms, total 368ms
I/Choreographer( 3655): Skipped 60 frames!  The application may be doing too much work on its main thread.
D/dalvikvm( 3589): WAIT_FOR_CONCURRENT_GC blocked 0ms
D/dalvikvm( 3589): GC_EXPLICIT freed 190K, 12% free 15155K/17031K, paused 12ms+12ms, total 126ms
I/ActivityManager( 3589): START {cat=[android.intent.category.ALTERNATIVE] dat=content://com.example.notepad.provider.NotePad/notes/1 cmp=com.example.android.notepad/.TitleEditor u=0} from pid 4662
W/WindowManager( 3589): Failure taking screenshot for (310x516) to layer 21020
V/PhoneStatusBar( 3655): setLightsOn(true)
I/ActivityManager( 3589): Displayed com.example.android.notepad/.TitleEditor: +1s77ms
W/WindowManager( 3589): Failure taking screenshot for (310x516) to layer 21020
V/PhoneStatusBar( 3655): setLightsOn(true)
I/ActivityManager( 3589): Activity reported stop, but no longer stopping: ActivityRecord{417ed4d8 com.example.android.notepad/.NoteEditor}
W/WindowManager( 3589): Failure taking screenshot for (310x516) to layer 21015
I/InputReader( 3589): Reconfiguring input devices.  changes=0x00000004
I/InputReader( 3589): Device reconfigured: id=0, name='qwerty2', surface size is now 768x1280, mode is 1
W/SurfaceFlinger(   36): createScreenshotSurface failed (Function not implemented)
I/ActivityManager( 3589): Config changed: {1.0 310mcc260mnc en_US sw384dp w384dp h567dp nrml port finger qwerty/v/v -nav/h s.12}
V/PhoneStatusBar( 3655): setLightsOn(true)
W/WindowManager( 3589): Failure taking screenshot for (328x546) to layer 21010
W/ActivityManager( 3589): Duplicate finish request for ActivityRecord{416d21e8 com.example.android.notepad/.NotesList}
W/ActivityManager( 3589): Duplicate finish request for ActivityRecord{416d21e8 com.example.android.notepad/.NotesList}
W/InputDispatcher( 3589): Permission denied: injecting event from pid 4662 uid 10031 to window Window{416b9fd0 com.android.launcher/com.android.launcher2.Launcher paused=false} owned by uid 10036
W/InputManager( 3589): Input event injection from pid 4662 permission denied.
I/TestRunner( 4662): finished: testEditNote(com.robotium.test.NotePadTest)
I/TestRunner( 4662): passed: testEditNote(com.robotium.test.NotePadTest)
I/TestRunner( 4662): started: testRemoveNote(com.robotium.test.NotePadTest)
I/ActivityManager( 3589): START {act=android.intent.action.MAIN flg=0x10000000 cmp=com.example.android.notepad/.NotesList u=0} from pid 4662
W/WindowManager( 3589): Failure taking screenshot for (328x546) to layer 21005
V/PhoneStatusBar( 3655): setLightsOn(true)
I/ActivityManager( 3589): Displayed com.example.android.notepad/.NotesList: +1s17ms
I/Choreographer( 3655): Skipped 60 frames!  The application may be doing too much work on its main thread.
W/InputMethodManagerService( 3589): Starting input on non-focused client com.android.internal.view.IInputMethodClient$Stub$Proxy@418fdd68 (uid=10036 pid=3699)
D/activv  ( 4662): com.example.android.notepad.NotesList@41c903d0
D/dalvikvm( 3971): GC_CONCURRENT freed 347K, 4% free 11726K/12167K, paused 2865ms+5ms, total 4718ms
D/dalvikvm( 3589): WAIT_FOR_CONCURRENT_GC blocked 0ms
D/dalvikvm( 3589): GC_EXPLICIT freed 245K, 12% free 15142K/17031K, paused 13ms+11ms, total 139ms
I/ActivityManager( 3589): START {act=android.intent.action.EDIT dat=content://com.example.notepad.provider.NotePad/notes/1 cmp=com.example.android.notepad/.NoteEditor u=0} from pid 4662
W/WindowManager( 3589): Failure taking screenshot for (328x546) to layer 21010
D/dalvikvm( 3670): WAIT_FOR_CONCURRENT_GC blocked 0ms
D/dalvikvm( 3670): GC_EXPLICIT freed 215K, 6% free 11154K/11847K, paused 12ms+16ms, total 206ms
V/PhoneStatusBar( 3655): setLightsOn(true)
E/ActivityThread( 3670): Failed to find provider info for com.android.inputmethod.latin.dictionarypack
E/BinaryDictionaryGetter( 3670): Could not find a dictionary pack
I/ActivityManager( 3589): Displayed com.example.android.notepad/.NoteEditor: +589ms
W/WindowManager( 3589): Failure taking screenshot for (328x546) to layer 21020
V/PhoneStatusBar( 3655): setLightsOn(true)
W/WindowManager( 3589): Force-removing child win Window{418ad920 AtchDlg:com.example.android.notepad/com.example.android.notepad.NoteEditor paused=false} from container Window{416c1420 com.example.android.notepad/com.example.android.notepad.NoteEditor paused=false}
D/AndroidRuntime( 4695): 
D/AndroidRuntime( 4695): >>>>>> AndroidRuntime START com.android.internal.os.RuntimeInit <<<<<<
D/AndroidRuntime( 4695): CheckJNI is ON
D/dalvikvm( 4695): Trying to load lib libjavacore.so 0x0
D/dalvikvm( 4695): Added shared lib libjavacore.so 0x0
W/InputMethodManagerService( 3589): Window already focused, ignoring focus gain of: com.android.internal.view.IInputMethodClient$Stub$Proxy@418d5768 attribute=android.view.inputmethod.EditorInfo@418cc8c0
D/dalvikvm( 4695): Trying to load lib libnativehelper.so 0x0
D/dalvikvm( 4695): Added shared lib libnativehelper.so 0x0
W/WindowManager( 3589): Failure taking screenshot for (328x546) to layer 21010
W/ActivityManager( 3589): Duplicate finish request for ActivityRecord{41723cd8 com.example.android.notepad/.NotesList}
W/ActivityManager( 3589): Duplicate finish request for ActivityRecord{41723cd8 com.example.android.notepad/.NotesList}
W/InputDispatcher( 3589): Permission denied: injecting event from pid 4662 uid 10031 to window Window{416b9fd0 com.android.launcher/com.android.launcher2.Launcher paused=false} owned by uid 10036
W/InputManager( 3589): Input event injection from pid 4662 permission denied.
I/TestRunner( 4662): finished: testRemoveNote(com.robotium.test.NotePadTest)
I/TestRunner( 4662): passed: testRemoveNote(com.robotium.test.NotePadTest)
I/ActivityManager( 3589): Force stopping package com.example.android.notepad uid=10031
I/ActivityManager( 3589): Killing proc 4662:com.example.android.notepad/u0a31: force stop
W/InputDispatcher( 3589): channel '418f1970 com.example.android.notepad/com.example.android.notepad.NotesList (server)' ~ Consumer closed input channel or an error occurred.  events=0x9
E/InputDispatcher( 3589): channel '418f1970 com.example.android.notepad/com.example.android.notepad.NotesList (server)' ~ Channel is unrecoverably broken and will be disposed!
I/WindowState( 3589): WIN DEATH: Window{418f1970 com.example.android.notepad/com.example.android.notepad.NotesList paused=false}
W/InputDispatcher( 3589): Attempted to unregister already unregistered input channel '418f1970 com.example.android.notepad/com.example.android.notepad.NotesList (server)'
I/WindowManager( 3589): WINDOW DIED Window{418f1970 com.example.android.notepad/com.example.android.notepad.NotesList paused=false}
D/AndroidRuntime( 4652): Shutting down VM
D/dalvikvm( 4652): GC_CONCURRENT freed 129K, 78% free 464K/2048K, paused 1ms+2ms, total 10ms
D/jdwp    ( 4652): Got wake-up signal, bailing out of select
D/dalvikvm( 4652): Debugger has detached; object registry had 1 entries
I/AndroidRuntime( 4652): NOTE: attach of thread 'Binder_3' failed
D/AndroidRuntime( 4695): Calling main entry com.android.commands.am.Am
D/AndroidRuntime( 4695): Shutting down VM
D/dalvikvm( 4695): GC_CONCURRENT freed 99K, 77% free 486K/2048K, paused 1ms+8ms, total 16ms
D/dalvikvm( 4695): Debugger has detached; object registry had 1 entries
I/AndroidRuntime( 4695): NOTE: attach of thread 'Binder_3' failed
D/AndroidRuntime( 4709): 
D/AndroidRuntime( 4709): >>>>>> AndroidRuntime START com.android.internal.os.RuntimeInit <<<<<<
D/AndroidRuntime( 4709): CheckJNI is ON
D/dalvikvm( 4709): Trying to load lib libjavacore.so 0x0
D/dalvikvm( 4709): Added shared lib libjavacore.so 0x0
D/dalvikvm( 4709): Trying to load lib libnativehelper.so 0x0
D/dalvikvm( 4709): Added shared lib libnativehelper.so 0x0
D/AndroidRuntime( 4709): Calling main entry com.android.commands.am.Am
D/AndroidRuntime( 4709): Shutting down VM
D/dalvikvm( 4709): GC_CONCURRENT freed 102K, 76% free 492K/2048K, paused 1ms+6ms, total 13ms
D/dalvikvm( 4709): Debugger has detached; object registry had 1 entries
I/AndroidRuntime( 4709): NOTE: attach of thread 'Binder_3' failed
D/dalvikvm( 3684): GC_CONCURRENT freed 383K, 6% free 11306K/11911K, paused 16ms+4ms, total 48ms
D/AndroidRuntime( 4721): 
D/AndroidRuntime( 4721): >>>>>> AndroidRuntime START com.android.internal.os.RuntimeInit <<<<<<
D/AndroidRuntime( 4721): CheckJNI is ON
D/dalvikvm( 4721): Trying to load lib libjavacore.so 0x0
D/dalvikvm( 4721): Added shared lib libjavacore.so 0x0
D/dalvikvm( 4721): Trying to load lib libnativehelper.so 0x0
D/dalvikvm( 4721): Added shared lib libnativehelper.so 0x0
D/AndroidRuntime( 4721): Calling main entry com.android.commands.am.Am
D/AndroidRuntime( 4721): Shutting down VM
D/dalvikvm( 4721): GC_CONCURRENT freed 102K, 76% free 492K/2048K, paused 1ms+2ms, total 14ms
D/dalvikvm( 4721): Debugger has detached; object registry had 1 entries
I/AndroidRuntime( 4721): NOTE: attach of thread 'Binder_3' failed
D/AndroidRuntime( 4733): 
D/AndroidRuntime( 4733): >>>>>> AndroidRuntime START com.android.internal.os.RuntimeInit <<<<<<
D/AndroidRuntime( 4733): CheckJNI is ON
D/dalvikvm( 4733): Trying to load lib libjavacore.so 0x0
D/dalvikvm( 4733): Added shared lib libjavacore.so 0x0
D/dalvikvm( 4733): Trying to load lib libnativehelper.so 0x0
D/dalvikvm( 4733): Added shared lib libnativehelper.so 0x0
D/AndroidRuntime( 4733): Calling main entry com.android.commands.am.Am
D/AndroidRuntime( 4733): Shutting down VM
D/dalvikvm( 4733): GC_CONCURRENT freed 102K, 76% free 492K/2048K, paused 1ms+1ms, total 17ms
D/dalvikvm( 4733): Debugger has detached; object registry had 1 entries
I/AndroidRuntime( 4733): NOTE: attach of thread 'Binder_3' failed
D/AndroidRuntime( 4745): 
D/AndroidRuntime( 4745): >>>>>> AndroidRuntime START com.android.internal.os.RuntimeInit <<<<<<
D/AndroidRuntime( 4745): CheckJNI is ON
D/dalvikvm( 4745): Trying to load lib libjavacore.so 0x0
D/dalvikvm( 4745): Added shared lib libjavacore.so 0x0
D/dalvikvm( 4745): Trying to load lib libnativehelper.so 0x0
D/dalvikvm( 4745): Added shared lib libnativehelper.so 0x0
D/AndroidRuntime( 4745): Calling main entry com.android.commands.am.Am
D/AndroidRuntime( 4745): Shutting down VM
D/dalvikvm( 4745): GC_CONCURRENT freed 102K, 76% free 492K/2048K, paused 1ms+1ms, total 16ms
D/dalvikvm( 4745): Debugger has detached; object registry had 1 entries
I/AndroidRuntime( 4745): NOTE: attach of thread 'Binder_3' failed
D/AndroidRuntime( 4759): 
D/AndroidRuntime( 4759): >>>>>> AndroidRuntime START com.android.internal.os.RuntimeInit <<<<<<
D/AndroidRuntime( 4759): CheckJNI is ON
D/dalvikvm( 4759): Trying to load lib libjavacore.so 0x0
D/dalvikvm( 4759): Added shared lib libjavacore.so 0x0
D/dalvikvm( 4759): Trying to load lib libnativehelper.so 0x0
D/dalvikvm( 4759): Added shared lib libnativehelper.so 0x0
D/AndroidRuntime( 4759): Calling main entry com.android.commands.pm.Pm
W/ActivityManager( 3589): No content provider found for permission revoke: file:///data/local/tmp/NotePadTest.apk
W/ActivityManager( 3589): No content provider found for permission revoke: file:///data/local/tmp/NotePadTest.apk
I/PackageManager( 3589): Removing non-system package:com.jayway.test
I/ActivityManager( 3589): Force stopping package com.jayway.test uid=10029
I/PackageManager( 3589): Package com.jayway.test codePath changed from /data/app/com.jayway.test-2.apk to /data/app/com.jayway.test-1.apk; Retaining data and using new
I/PackageManager( 3589): Running dexopt on: com.jayway.test
D/dalvikvm( 4770): DexOpt: load 73ms, verify+opt 313ms, 581460 bytes
I/ActivityManager( 3589): Force stopping package com.jayway.test uid=10029
W/PackageManager( 3589): Code path for pkg : com.jayway.test changing from /data/app/com.jayway.test-2.apk to /data/app/com.jayway.test-1.apk
W/PackageManager( 3589): Resource path for pkg : com.jayway.test changing from /data/app/com.jayway.test-2.apk to /data/app/com.jayway.test-1.apk
D/PackageManager( 3589): New package installed in /data/app/com.jayway.test-1.apk
I/ActivityManager( 3589): Force stopping package com.jayway.test uid=10029
I/InputReader( 3589): Reconfiguring input devices.  changes=0x00000010
D/PackageManager( 3589): generateServicesMap(android.accounts.AccountAuthenticator): 3 services unchanged
I/AccountTypeManager( 3818): Loaded meta-data for 1 account types, 0 accounts in 94ms(wall) 6ms(cpu)
D/PackageManager( 3589): generateServicesMap(android.content.SyncAdapter): 5 services unchanged
D/BackupManagerService( 3589): Received broadcast Intent { act=android.intent.action.PACKAGE_REMOVED dat=package:com.jayway.test flg=0x8000010 (has extras) }
D/dalvikvm( 3589): GC_CONCURRENT freed 962K, 11% free 15184K/17031K, paused 88ms+9ms, total 274ms
I/InputReader( 3589): Reconfiguring input devices.  changes=0x00000010
D/PackageManager( 3589): generateServicesMap(android.accounts.AccountAuthenticator): 3 services unchanged
D/PackageManager( 3589): generateServicesMap(android.content.SyncAdapter): 5 services unchanged
D/BackupManagerService( 3589): Received broadcast Intent { act=android.intent.action.PACKAGE_ADDED dat=package:com.jayway.test flg=0x8000010 (has extras) }
V/BackupManagerService( 3589): removePackageParticipantsLocked: uid=10029 #1
V/BackupManagerService( 3589): addPackageParticipantsLocked: #1
I/AccountTypeManager( 3818): Loaded meta-data for 1 account types, 0 accounts in 9ms(wall) 5ms(cpu)
D/dalvikvm( 3589): WAIT_FOR_CONCURRENT_GC blocked 0ms
W/InputMethodManagerService( 3589): Found no subtypes in a system IME: com.android.inputmethod.pinyin
W/RecognitionManagerService( 3589): no available voice recognition services found
D/dalvikvm( 3589): GC_EXPLICIT freed 484K, 12% free 15128K/17031K, paused 28ms+20ms, total 245ms
D/AndroidRuntime( 4759): Shutting down VM
D/dalvikvm( 4759): GC_CONCURRENT freed 101K, 78% free 458K/2048K, paused 2ms+1ms, total 15ms
D/jdwp    ( 4759): Got wake-up signal, bailing out of select
D/dalvikvm( 4759): Debugger has detached; object registry had 1 entries
I/AndroidRuntime( 4759): NOTE: attach of thread 'Binder_3' failed
D/dalvikvm( 3699): GC_FOR_ALLOC freed 974K, 9% free 14642K/16007K, paused 57ms, total 74ms
D/AndroidRuntime( 4778): 
D/AndroidRuntime( 4778): >>>>>> AndroidRuntime START com.android.internal.os.RuntimeInit <<<<<<
D/AndroidRuntime( 4778): CheckJNI is ON
D/dalvikvm( 4778): Trying to load lib libjavacore.so 0x0
D/dalvikvm( 4778): Added shared lib libjavacore.so 0x0
D/dalvikvm( 4778): Trying to load lib libnativehelper.so 0x0
D/dalvikvm( 4778): Added shared lib libnativehelper.so 0x0
D/AndroidRuntime( 4778): Calling main entry com.android.commands.pm.Pm
D/AndroidRuntime( 4778): Shutting down VM
D/dalvikvm( 4778): GC_CONCURRENT freed 102K, 78% free 466K/2048K, paused 1ms+2ms, total 14ms
D/dalvikvm( 4778): Debugger has detached; object registry had 1 entries
D/AndroidRuntime( 4791): 
D/AndroidRuntime( 4791): >>>>>> AndroidRuntime START com.android.internal.os.RuntimeInit <<<<<<
D/AndroidRuntime( 4791): CheckJNI is ON
D/dalvikvm( 4791): Trying to load lib libjavacore.so 0x0
D/dalvikvm( 4791): Added shared lib libjavacore.so 0x0
D/dalvikvm( 4791): Trying to load lib libnativehelper.so 0x0
D/dalvikvm( 4791): Added shared lib libnativehelper.so 0x0
D/AndroidRuntime( 4791): Calling main entry com.android.commands.am.Am
I/ActivityManager( 3589): Force stopping package com.example.android.notepad uid=10031
D/dalvikvm( 4801): Not late-enabling CheckJNI (already on)
I/ActivityManager( 3589): Start proc com.example.android.notepad for added application com.example.android.notepad: pid=4801 uid=10031 gids={1015, 1028}
I/dalvikvm( 4801): Turning on JNI app bug workarounds for target SDK version 10...
E/Trace   ( 4801): error opening trace file: No such file or directory (2)
I/ActivityThread( 4801): Pub com.example.notepad.provider.NotePad: com.example.android.notepad.NotePadProvider
I/TestRunner( 4801): started: testAddNote(com.robotium.test.NotePadTest)
I/TestRunner( 4801): finished: testAddNote(com.robotium.test.NotePadTest)
I/TestRunner( 4801): passed: testAddNote(com.robotium.test.NotePadTest)
I/TestRunner( 4801): started: testEditNote(com.robotium.test.NotePadTest)
I/TestRunner( 4801): finished: testEditNote(com.robotium.test.NotePadTest)
I/TestRunner( 4801): passed: testEditNote(com.robotium.test.NotePadTest)
I/TestRunner( 4801): started: testRemoveNote(com.robotium.test.NotePadTest)
I/TestRunner( 4801): finished: testRemoveNote(com.robotium.test.NotePadTest)
I/TestRunner( 4801): passed: testRemoveNote(com.robotium.test.NotePadTest)
I/ActivityManager( 3589): Force stopping package com.example.android.notepad uid=10031
I/ActivityManager( 3589): Killing proc 4801:com.example.android.notepad/u0a31: force stop
D/AndroidRuntime( 4791): Shutting down VM
D/dalvikvm( 4791): GC_CONCURRENT freed 129K, 78% free 464K/2048K, paused 1ms+1ms, total 14ms
D/jdwp    ( 4791): Got wake-up signal, bailing out of select
D/dalvikvm( 4791): Debugger has detached; object registry had 1 entries
I/AndroidRuntime( 4791): NOTE: attach of thread 'Binder_3' failed
D/AndroidRuntime( 4819): 
D/AndroidRuntime( 4819): >>>>>> AndroidRuntime START com.android.internal.os.RuntimeInit <<<<<<
D/AndroidRuntime( 4819): CheckJNI is ON
D/dalvikvm( 4819): Trying to load lib libjavacore.so 0x0
D/dalvikvm( 4819): Added shared lib libjavacore.so 0x0
D/dalvikvm( 4819): Trying to load lib libnativehelper.so 0x0
D/dalvikvm( 4819): Added shared lib libnativehelper.so 0x0
D/AndroidRuntime( 4819): Calling main entry com.android.commands.am.Am
I/ActivityManager( 3589): Force stopping package com.example.android.notepad uid=10031
D/dalvikvm( 4829): Not late-enabling CheckJNI (already on)
I/ActivityManager( 3589): Start proc com.example.android.notepad for added application com.example.android.notepad: pid=4829 uid=10031 gids={1015, 1028}
I/dalvikvm( 4829): Turning on JNI app bug workarounds for target SDK version 10...
E/Trace   ( 4829): error opening trace file: No such file or directory (2)
I/ActivityThread( 4829): Pub com.example.notepad.provider.NotePad: com.example.android.notepad.NotePadProvider
I/TestRunner( 4829): started: testAddNote(com.robotium.test.NotePadTest)
I/ActivityManager( 3589): START {act=android.intent.action.MAIN flg=0x10000000 cmp=com.example.android.notepad/.NotesList u=0} from pid 4829
W/WindowManager( 3589): Failure taking screenshot for (328x546) to layer 21005
V/PhoneStatusBar( 3655): setLightsOn(true)
D/gralloc_goldfish( 4829): Emulator without GPU emulation detected.
I/ActivityManager( 3589): Displayed com.example.android.notepad/.NotesList: +1s425ms
E/dalvikvm( 4829): Could not find class 'android.support.v4.app.FragmentActivity', referenced from method com.robotium.solo.Waiter.getSupportFragment
W/dalvikvm( 4829): VFY: unable to resolve check-cast 36 (Landroid/support/v4/app/FragmentActivity;) in Lcom/robotium/solo/Waiter;
D/dalvikvm( 4829): VFY: replacing opcode 0x1f at 0x0009
I/dalvikvm( 4829): Could not find method android.support.v4.app.FragmentActivity.getSupportFragmentManager, referenced from method com.robotium.solo.Waiter.getSupportFragment
W/dalvikvm( 4829): VFY: unable to resolve virtual method 59: Landroid/support/v4/app/FragmentActivity;.getSupportFragmentManager ()Landroid/support/v4/app/FragmentManager;
D/dalvikvm( 4829): VFY: replacing opcode 0x6e at 0x0010
I/dalvikvm( 4829): Could not find method android.support.v4.app.FragmentActivity.getSupportFragmentManager, referenced from method com.robotium.solo.Waiter.getSupportFragment
W/dalvikvm( 4829): VFY: unable to resolve virtual method 59: Landroid/support/v4/app/FragmentActivity;.getSupportFragmentManager ()Landroid/support/v4/app/FragmentManager;
D/dalvikvm( 4829): VFY: replacing opcode 0x6e at 0x0019
W/dalvikvm( 4829): VFY: unable to find class referenced in signature (Landroid/support/v4/app/Fragment;)
W/dalvikvm( 4829): VFY: unable to find class referenced in signature (Landroid/support/v4/app/Fragment;)
D/dalvikvm( 4829): GC_CONCURRENT freed 168K, 2% free 11046K/11271K, paused 17ms+89ms, total 227ms
D/activv  ( 4829): com.example.android.notepad.NotesList@414b5bf8
I/ActivityManager( 3589): START {act=android.intent.action.INSERT dat=content://com.example.notepad.provider.NotePad/notes cmp=com.example.android.notepad/.NoteEditor u=0} from pid 4829
W/WindowManager( 3589): Failure taking screenshot for (328x546) to layer 21015
D/check   ( 4829): there is nothing
V/PhoneStatusBar( 3655): setLightsOn(true)
I/ActivityManager( 3589): Displayed com.example.android.notepad/.NoteEditor: +589ms
D/AndroidRuntime( 4848): 
D/AndroidRuntime( 4848): >>>>>> AndroidRuntime START com.android.internal.os.RuntimeInit <<<<<<
D/AndroidRuntime( 4848): CheckJNI is ON
D/dalvikvm( 4848): Trying to load lib libjavacore.so 0x0
D/dalvikvm( 4848): Added shared lib libjavacore.so 0x0
D/dalvikvm( 4848): Trying to load lib libnativehelper.so 0x0
D/dalvikvm( 4848): Added shared lib libnativehelper.so 0x0
W/WindowManager( 3589): Failure taking screenshot for (328x546) to layer 21015
V/PhoneStatusBar( 3655): setLightsOn(true)
D/dalvikvm( 3589): GC_CONCURRENT freed 998K, 11% free 15232K/17031K, paused 19ms+23ms, total 356ms
D/dalvikvm( 3589): WAIT_FOR_CONCURRENT_GC blocked 164ms
D/dalvikvm( 3589): WAIT_FOR_CONCURRENT_GC blocked 273ms
I/Choreographer( 3589): Skipped 56 frames!  The application may be doing too much work on its main thread.
D/AndroidRuntime( 4848): Calling main entry com.android.commands.am.Am
D/AndroidRuntime( 4848): Shutting down VM
D/dalvikvm( 4848): GC_CONCURRENT freed 102K, 76% free 492K/2048K, paused 1ms+6ms, total 15ms
D/dalvikvm( 4848): Debugger has detached; object registry had 1 entries
I/AndroidRuntime( 4848): NOTE: attach of thread 'Binder_3' failed
I/ActivityManager( 3589): START {act=android.intent.action.INSERT dat=content://com.example.notepad.provider.NotePad/notes cmp=com.example.android.notepad/.NoteEditor u=0} from pid 4829
W/WindowManager( 3589): Failure taking screenshot for (328x546) to layer 21015
V/PhoneStatusBar( 3655): setLightsOn(true)
I/ActivityManager( 3589): Displayed com.example.android.notepad/.NoteEditor: +435ms
D/dalvikvm( 3589): GC_CONCURRENT freed 1111K, 12% free 15130K/17031K, paused 7ms+20ms, total 434ms
D/activv1 ( 4829): com.example.android.notepad.NoteEditor@414876b0
D/jyoti1  ( 4829): android.R.id.title
D/jyoti1  ( 4829): com.example.android.notepad.R.id.note
W/WindowManager( 3589): Failure taking screenshot for (328x546) to layer 21015
V/PhoneStatusBar( 3655): setLightsOn(true)
D/activv2 ( 4829): com.example.android.notepad.NotesList@414b5bf8
D/dalvikvm( 4829): GC_FOR_ALLOC freed 179K, 2% free 11125K/11335K, paused 196ms, total 237ms
I/dalvikvm-heap( 4829): Grow heap (frag case) to 14.362MB for 3637264-byte allocation
D/dalvikvm( 4829): GC_CONCURRENT freed 49K, 2% free 14628K/14919K, paused 16ms+6ms, total 43ms
D/dalvikvm( 4829): WAIT_FOR_CONCURRENT_GC blocked 24ms
D/dalvikvm( 4829): GC_FOR_ALLOC freed 0K, 2% free 14628K/14919K, paused 32ms, total 32ms
I/dalvikvm-heap( 4829): Grow heap (frag case) to 17.784MB for 3637264-byte allocation
D/dalvikvm( 4829): GC_CONCURRENT freed 0K, 2% free 18180K/18503K, paused 16ms+5ms, total 60ms
D/dalvikvm( 4829): WAIT_FOR_CONCURRENT_GC blocked 18ms
W/WindowManager( 3589): Failure taking screenshot for (328x546) to layer 21010
W/ActivityManager( 3589): Duplicate finish request for ActivityRecord{416d21e8 com.example.android.notepad/.NotesList}
W/InputDispatcher( 3589): Permission denied: injecting event from pid 4829 uid 10031 to window Window{416b9fd0 com.android.launcher/com.android.launcher2.Launcher paused=false} owned by uid 10036
W/InputManager( 3589): Input event injection from pid 4829 permission denied.
I/TestRunner( 4829): finished: testAddNote(com.robotium.test.NotePadTest)
I/TestRunner( 4829): passed: testAddNote(com.robotium.test.NotePadTest)
I/TestRunner( 4829): started: testEditNote(com.robotium.test.NotePadTest)
I/ActivityManager( 3589): START {act=android.intent.action.MAIN flg=0x10000000 cmp=com.example.android.notepad/.NotesList u=0} from pid 4829
W/WindowManager( 3589): Failure taking screenshot for (328x546) to layer 21005
V/PhoneStatusBar( 3655): setLightsOn(true)
W/InputMethodManagerService( 3589): Starting input on non-focused client com.android.internal.view.IInputMethodClient$Stub$Proxy@418fdd68 (uid=10036 pid=3699)
I/ActivityManager( 3589): Displayed com.example.android.notepad/.NotesList: +982ms
I/Choreographer( 3655): Skipped 61 frames!  The application may be doing too much work on its main thread.
D/activv  ( 4829): com.example.android.notepad.NotesList@414a1d48
I/ActivityManager( 3589): START {act=android.intent.action.EDIT dat=content://com.example.notepad.provider.NotePad/notes/1 cmp=com.example.android.notepad/.NoteEditor u=0} from pid 4829
W/WindowManager( 3589): Failure taking screenshot for (328x546) to layer 21010
D/dalvikvm( 3589): WAIT_FOR_CONCURRENT_GC blocked 0ms
D/dalvikvm( 3589): GC_EXPLICIT freed 909K, 11% free 15160K/17031K, paused 13ms+10ms, total 134ms
E/ActivityThread( 3670): Failed to find provider info for com.android.inputmethod.latin.dictionarypack
E/BinaryDictionaryGetter( 3670): Could not find a dictionary pack
V/PhoneStatusBar( 3655): setLightsOn(true)
I/ActivityManager( 3589): Displayed com.example.android.notepad/.NoteEditor: +585ms
I/InputReader( 3589): Reconfiguring input devices.  changes=0x00000004
I/InputReader( 3589): Device reconfigured: id=0, name='qwerty2', surface size is now 768x1280, mode is 1
W/SurfaceFlinger(   36): createScreenshotSurface failed (Function not implemented)
I/ActivityManager( 3589): Config changed: {1.0 310mcc260mnc en_US sw384dp w598dp h359dp nrml land finger qwerty/v/v -nav/h s.13}
I/Choreographer( 3655): Skipped 62 frames!  The application may be doing too much work on its main thread.
D/dalvikvm( 3589): WAIT_FOR_CONCURRENT_GC blocked 0ms
D/dalvikvm( 3589): GC_EXPLICIT freed 122K, 12% free 15101K/17031K, paused 12ms+10ms, total 122ms
I/ActivityManager( 3589): START {cat=[android.intent.category.ALTERNATIVE] dat=content://com.example.notepad.provider.NotePad/notes/1 cmp=com.example.android.notepad/.TitleEditor u=0} from pid 4829
W/WindowManager( 3589): Failure taking screenshot for (310x516) to layer 21020
V/PhoneStatusBar( 3655): setLightsOn(true)
I/ActivityManager( 3589): Displayed com.example.android.notepad/.TitleEditor: +962ms
W/WindowManager( 3589): Failure taking screenshot for (310x516) to layer 21020
V/PhoneStatusBar( 3655): setLightsOn(true)
W/ActivityManager( 3589): Activity pause timeout for ActivityRecord{416d21e8 com.example.android.notepad/.TitleEditor}
W/WindowManager( 3589): Failure taking screenshot for (310x516) to layer 21015
I/InputReader( 3589): Reconfiguring input devices.  changes=0x00000004
I/InputReader( 3589): Device reconfigured: id=0, name='qwerty2', surface size is now 768x1280, mode is 1
W/SurfaceFlinger(   36): createScreenshotSurface failed (Function not implemented)
I/ActivityManager( 3589): Config changed: {1.0 310mcc260mnc en_US sw384dp w384dp h567dp nrml port finger qwerty/v/v -nav/h s.14}
V/PhoneStatusBar( 3655): setLightsOn(true)
W/WindowManager( 3589): Failure taking screenshot for (328x546) to layer 21010
W/InputMethodManagerService( 3589): Starting input on non-focused client com.android.internal.view.IInputMethodClient$Stub$Proxy@4170a5b8 (uid=10031 pid=4829)
W/ActivityManager( 3589): Duplicate finish request for ActivityRecord{419d4fd0 com.example.android.notepad/.NotesList}
W/ActivityManager( 3589): Duplicate finish request for ActivityRecord{419d4fd0 com.example.android.notepad/.NotesList}
W/InputDispatcher( 3589): Permission denied: injecting event from pid 4829 uid 10031 to window Window{416b9fd0 com.android.launcher/com.android.launcher2.Launcher paused=false} owned by uid 10036
W/InputManager( 3589): Input event injection from pid 4829 permission denied.
I/TestRunner( 4829): finished: testEditNote(com.robotium.test.NotePadTest)
I/TestRunner( 4829): passed: testEditNote(com.robotium.test.NotePadTest)
I/TestRunner( 4829): started: testRemoveNote(com.robotium.test.NotePadTest)
I/ActivityManager( 3589): START {act=android.intent.action.MAIN flg=0x10000000 cmp=com.example.android.notepad/.NotesList u=0} from pid 4829
W/WindowManager( 3589): Failure taking screenshot for (328x546) to layer 21005
I/Choreographer( 3589): Skipped 30 frames!  The application may be doing too much work on its main thread.
V/PhoneStatusBar( 3655): setLightsOn(true)
I/ActivityManager( 3589): Displayed com.example.android.notepad/.NotesList: +1s66ms
I/Choreographer( 3655): Skipped 54 frames!  The application may be doing too much work on its main thread.
D/dalvikvm( 3589): WAIT_FOR_CONCURRENT_GC blocked 0ms
D/dalvikvm( 3589): GC_EXPLICIT freed 189K, 12% free 15149K/17031K, paused 11ms+10ms, total 243ms
D/activv  ( 4829): com.example.android.notepad.NotesList@41c90da8
W/InputMethodManagerService( 3589): Starting input on non-focused client com.android.internal.view.IInputMethodClient$Stub$Proxy@418fdd68 (uid=10036 pid=3699)
I/ActivityManager( 3589): START {act=android.intent.action.EDIT dat=content://com.example.notepad.provider.NotePad/notes/1 cmp=com.example.android.notepad/.NoteEditor u=0} from pid 4829
W/WindowManager( 3589): Failure taking screenshot for (328x546) to layer 21010
E/ActivityThread( 3670): Failed to find provider info for com.android.inputmethod.latin.dictionarypack
E/BinaryDictionaryGetter( 3670): Could not find a dictionary pack
V/PhoneStatusBar( 3655): setLightsOn(true)
I/ActivityManager( 3589): Displayed com.example.android.notepad/.NoteEditor: +414ms
W/WindowManager( 3589): Failure taking screenshot for (328x546) to layer 21020
V/PhoneStatusBar( 3655): setLightsOn(true)
W/WindowManager( 3589): Force-removing child win Window{418390c0 AtchDlg:com.example.android.notepad/com.example.android.notepad.NoteEditor paused=false} from container Window{41715550 com.example.android.notepad/com.example.android.notepad.NoteEditor paused=false}
W/InputMethodManagerService( 3589): Window already focused, ignoring focus gain of: com.android.internal.view.IInputMethodClient$Stub$Proxy@41570178 attribute=android.view.inputmethod.EditorInfo@419704f8
W/WindowManager( 3589): Failure taking screenshot for (328x546) to layer 21010
W/ActivityManager( 3589): Duplicate finish request for ActivityRecord{416ec188 com.example.android.notepad/.NotesList}
W/ActivityManager( 3589): Duplicate finish request for ActivityRecord{416ec188 com.example.android.notepad/.NotesList}
W/InputDispatcher( 3589): Permission denied: injecting event from pid 4829 uid 10031 to window Window{416b9fd0 com.android.launcher/com.android.launcher2.Launcher paused=false} owned by uid 10036
W/InputManager( 3589): Input event injection from pid 4829 permission denied.
I/TestRunner( 4829): finished: testRemoveNote(com.robotium.test.NotePadTest)
I/TestRunner( 4829): passed: testRemoveNote(com.robotium.test.NotePadTest)
I/ActivityManager( 3589): Force stopping package com.example.android.notepad uid=10031
I/ActivityManager( 3589): Killing proc 4829:com.example.android.notepad/u0a31: force stop
W/InputDispatcher( 3589): channel '418fa070 com.example.android.notepad/com.example.android.notepad.NotesList (server)' ~ Consumer closed input channel or an error occurred.  events=0x9
