W/dalvikvm( 5740): JNI WARNING: JNI method called with exception pending
W/dalvikvm( 5740):              in Ldalvik/system/NativeStart;.main:([Ljava/lang/String;)V (GetFieldID)
W/dalvikvm( 5740): Pending exception is:
I/dalvikvm( 5740): java.lang.NoClassDefFoundError: android/content/res/ObbInfo
I/dalvikvm( 5740): 	at dalvik.system.NativeStart.main(Native Method)
I/dalvikvm( 5740): 	at dalvik.system.NativeStart.main(Native Method)
I/dalvikvm( 5740): Caused by:
I/dalvikvm( 5740): java.lang.NullPointerException: name == null
I/dalvikvm( 5740): 	at java.lang.VMClassLoader.findLoadedClass(Native Method)
I/dalvikvm( 5740): 	at java.lang.ClassLoader.findLoadedClass(ClassLoader.java:354)
I/dalvikvm( 5740): 	at java.lang.ClassLoader.loadClass(ClassLoader.java:491)
I/dalvikvm( 5740): 	at java.lang.ClassLoader.loadClass(ClassLoader.java:461)
I/dalvikvm( 5740): 	at dalvik.system.NativeStart.main(Native Method)
I/dalvikvm( 5740): 	at dalvik.system.NativeStart.main(Native Method)
I/dalvikvm( 5740): "main" prio=5 tid=1 NATIVE
I/dalvikvm( 5740):   | group="main" sCount=0 dsCount=0 obj=0x40a13508 self=0x2a00b9d8
I/dalvikvm( 5740):   | sysTid=5740 nice=0 sched=0/0 cgrp=default handle=1073870640
I/dalvikvm( 5740):   | schedstat=( 763248318 122318346 139 ) utm=55 stm=21 core=0
I/dalvikvm( 5740):   #00  pc 00001260  /system/lib/libcorkscrew.so (unwind_backtrace_thread+27)
I/dalvikvm( 5740):   #01  pc 0005f664  /system/lib/libdvm.so (dvmDumpNativeStack(DebugOutputTarget const*, int)+35)
I/dalvikvm( 5740):   #02  pc 00053518  /system/lib/libdvm.so (dvmDumpThreadEx(DebugOutputTarget const*, Thread*, bool)+303)
I/dalvikvm( 5740):   #03  pc 000535b2  /system/lib/libdvm.so (dvmDumpThread(Thread*, bool)+25)
I/dalvikvm( 5740):   #04  pc 00038cfa  /system/lib/libdvm.so
I/dalvikvm( 5740):   #05  pc 0003ebb2  /system/lib/libdvm.so
I/dalvikvm( 5740):   #06  pc 00076e5e  /system/lib/libandroid_runtime.so (android::register_android_content_res_ObbScanner(_JNIEnv*)+37)
I/dalvikvm( 5740):   #07  pc 00045120  /system/lib/libandroid_runtime.so (android::AndroidRuntime::startReg(_JNIEnv*)+31)
I/dalvikvm( 5740):   #08  pc 00045220  /system/lib/libandroid_runtime.so (android::AndroidRuntime::start(char const*, char const*)+199)
I/dalvikvm( 5740):   #09  pc 00000dce  /system/bin/app_process
I/dalvikvm( 5740):   #10  pc 000170c8  /system/lib/libc.so (__libc_init+35)
I/dalvikvm( 5740):   at dalvik.system.NativeStart.main(Native Method)
I/dalvikvm( 5740):   at dalvik.system.NativeStart.main(Native Method)
I/dalvikvm( 5740): 
E/dalvikvm( 5740): VM aborting
F/libc    ( 5740): Fatal signal 11 (SIGSEGV) at 0xdeadd00d (code=1), thread 5740 (app_process)
I/DEBUG   (   34): *** *** *** *** *** *** *** *** *** *** *** *** *** *** *** ***
I/DEBUG   (   34): Build fingerprint: 'generic/sdk/generic:4.1.2/MASTER/1741836:eng/test-keys'
I/DEBUG   (   34): pid: 5740, tid: 5740, name: UNKNOWN  >>> app_process <<<
I/DEBUG   (   34): signal 11 (SIGSEGV), code 1 (SEGV_MAPERR), fault addr deadd00d
I/DEBUG   (   34):     r0 00000000  r1 00000000  r2 deadd00d  r3 00000000
I/DEBUG   (   34):     r4 4079b1a8  r5 0000020c  r6 00000000  r7 00000001
I/DEBUG   (   34):     r8 401a12cd  r9 401938a9  sl 2a000f94  fp 2a000fca
I/DEBUG   (   34):     ip 00004000  sp bea62860  lr 40040c39  pc 40736cec  cpsr 60000030
I/DEBUG   (   34):     d0  3f4000003f400000  d1  0000000000000000
I/DEBUG   (   34):     d2  0000000000000000  d3  0000000000000000
I/DEBUG   (   34):     d4  0000000000000000  d5  41b91e7a2a000000
I/DEBUG   (   34):     d6  db317f34d2f1a9fc  d7  c1c26740661f7cee
I/DEBUG   (   34):     d8  0000000000000000  d9  0000000000000000
I/DEBUG   (   34):     d10 0000000000000000  d11 0000000000000000
I/DEBUG   (   34):     d12 0000000000000000  d13 0000000000000000
I/DEBUG   (   34):     d14 0000000000000000  d15 0000000000000000
I/DEBUG   (   34):     scr 60000010
I/DEBUG   (   34): 
I/DEBUG   (   34): backtrace:
I/DEBUG   (   34):     #00  pc 00045cec  /system/lib/libdvm.so (dvmAbort+75)
I/DEBUG   (   34):     #01  pc 0003ebb3  /system/lib/libdvm.so
I/DEBUG   (   34):     #02  pc 00076e61  /system/lib/libandroid_runtime.so (android::register_android_content_res_ObbScanner(_JNIEnv*)+40)
I/DEBUG   (   34):     #03  pc 00045123  /system/lib/libandroid_runtime.so (android::AndroidRuntime::startReg(_JNIEnv*)+34)
I/DEBUG   (   34):     #04  pc 00045221  /system/lib/libandroid_runtime.so (android::AndroidRuntime::start(char const*, char const*)+200)
I/DEBUG   (   34):     #05  pc 00000dcf  /system/bin/app_process
I/DEBUG   (   34): 
I/DEBUG   (   34): stack:
I/DEBUG   (   34):          bea62820  00000001  
I/DEBUG   (   34):          bea62824  4006a6f8  /system/lib/libc.so
I/DEBUG   (   34):          bea62828  4006a6f8  /system/lib/libc.so
I/DEBUG   (   34):          bea6282c  4006a6f8  /system/lib/libc.so
I/DEBUG   (   34):          bea62830  4006a6f8  /system/lib/libc.so
I/DEBUG   (   34):          bea62834  40040c39  /system/lib/libc.so (__sflush_locked+36)
I/DEBUG   (   34):          bea62838  4006a798  /system/lib/libc.so
I/DEBUG   (   34):          bea6283c  4006a6f8  /system/lib/libc.so
I/DEBUG   (   34):          bea62840  00000000  
I/DEBUG   (   34):          bea62844  40041c09  /system/lib/libc.so (_fwalk+32)
I/DEBUG   (   34):          bea62848  4079b1a8  /system/lib/libdvm.so
I/DEBUG   (   34):          bea6284c  0000020c  
I/DEBUG   (   34):          bea62850  00000000  
I/DEBUG   (   34):          bea62854  00000001  
I/DEBUG   (   34):          bea62858  df0027ad  
I/DEBUG   (   34):          bea6285c  00000000  
I/DEBUG   (   34):     #00  bea62860  4006fc9c  
I/DEBUG   (   34):          bea62864  6c756e28  
I/DEBUG   (   34):          bea62868  0000296c  
I/DEBUG   (   34):          bea6286c  00000000  
I/DEBUG   (   34):          bea62870  00000000  
I/DEBUG   (   34):          bea62874  00000000  
I/DEBUG   (   34):          bea62878  00000000  
I/DEBUG   (   34):          bea6287c  00000000  
I/DEBUG   (   34):          bea62880  00000000  
I/DEBUG   (   34):          bea62884  00000000  
I/DEBUG   (   34):          bea62888  00000000  
I/DEBUG   (   34):          bea6288c  00000000  
I/DEBUG   (   34):          bea62890  00000000  
I/DEBUG   (   34):          bea62894  00000000  
I/DEBUG   (   34):          bea62898  00000000  
I/DEBUG   (   34):          bea6289c  00000000  
I/DEBUG   (   34):          ........  ........
I/DEBUG   (   34):     #01  bea62a78  2a000fca  /system/bin/app_process
I/DEBUG   (   34):          bea62a7c  40732a15  /system/lib/libdvm.so
I/DEBUG   (   34):          bea62a80  4077c9a5  /system/lib/libdvm.so
I/DEBUG   (   34):          bea62a84  00000000  
I/DEBUG   (   34):          bea62a88  401a12b1  /system/lib/libandroid_runtime.so
I/DEBUG   (   34):          bea62a8c  2a008460  [heap]
I/DEBUG   (   34):          bea62a90  40791892  /system/lib/libdvm.so
I/DEBUG   (   34):          bea62a94  00000000  
I/DEBUG   (   34):          bea62a98  40792001  /system/lib/libdvm.so
I/DEBUG   (   34):          bea62a9c  00000000  
I/DEBUG   (   34):          bea62aa0  2a008401  [heap]
I/DEBUG   (   34):          bea62aa4  2a008460  [heap]
I/DEBUG   (   34):          bea62aa8  4072fb8d  /system/lib/libdvm.so
I/DEBUG   (   34):          bea62aac  4018fd88  /system/lib/libandroid_runtime.so
I/DEBUG   (   34):          bea62ab0  2a000fbc  /system/bin/app_process
I/DEBUG   (   34):          bea62ab4  00000000  
I/DEBUG   (   34):          ........  ........
I/DEBUG   (   34):     #02  bea62ac0  2a008460  [heap]
I/DEBUG   (   34):          bea62ac4  00000072  
I/DEBUG   (   34):          bea62ac8  401a31c0  /system/lib/libandroid_runtime.so
I/DEBUG   (   34):          bea62acc  2a000fbc  /system/bin/app_process
I/DEBUG   (   34):          bea62ad0  2a00101e  /system/bin/app_process
I/DEBUG   (   34):          bea62ad4  40155125  /system/lib/libandroid_runtime.so (android::AndroidRuntime::startReg(_JNIEnv*)+36)
I/DEBUG   (   34): 
I/DEBUG   (   34): memory near r4:
I/DEBUG   (   34):     4079b188 00000000 00000000 00000000 00000000  ................
I/DEBUG   (   34):     4079b198 00000000 00000000 00000000 00000000  ................
I/DEBUG   (   34):     4079b1a8 2a0096e8 2a0096c8 00400000 04000000  ...*...*..@.....
I/DEBUG   (   34):     4079b1b8 04000000 00004000 00006000 00000001  .....@...`......
I/DEBUG   (   34):     4079b1c8 00000101 00000002 00000001 00000000  ................
I/DEBUG   (   34): 
I/DEBUG   (   34): memory near r8:
I/DEBUG   (   34):     401a12ac 656c6966 646e6100 64696f72 6e6f632f  file.android/con
I/DEBUG   (   34):     401a12bc 746e6574 7365722f 62624f2f 6f666e49  tent/res/ObbInfo
I/DEBUG   (   34):     401a12cc 63617000 6567616b 656d614e 72657600  .packageName.ver
I/DEBUG   (   34):     401a12dc 6e6f6973 616c6600 73007367 00746c61  sion.flags.salt.
I/DEBUG   (   34):     401a12ec 6100425b 6f72646e 632f6469 65746e6f  [B.android/conte
I/DEBUG   (   34): 
I/DEBUG   (   34): memory near r9:
I/DEBUG   (   34):     40193888 696c7173 532f6574 74694c51 73754365  sqlite/SQLiteCus
I/DEBUG   (   34):     40193898 466d6f74 74636e75 006e6f69 656d616e  tomFunction.name
I/DEBUG   (   34):     401938a8 616a4c00 6c2f6176 2f676e61 69727453  .Ljava/lang/Stri
I/DEBUG   (   34):     401938b8 003b676e 416d756e 00736772 70736964  ng;.numArgs.disp
I/DEBUG   (   34):     401938c8 68637461 6c6c6143 6b636162 646e6100  atchCallback.and
I/DEBUG   (   34): 
I/DEBUG   (   34): memory near sl:
I/DEBUG   (   34):     2a000f74 20726964 72617473 6c632d74 2d737361  dir start-class-
I/DEBUG   (   34):     2a000f84 656d616e 706f5b20 6e6f6974 000a5d73  name [options]..
I/DEBUG   (   34):     2a000f94 6f67797a 73006574 74726174 7379732d  zygote.start-sys
I/DEBUG   (   34):     2a000fa4 2d6d6574 76726573 00007265 6c707061  tem-server..appl
I/DEBUG   (   34):     2a000fb4 74616369 006e6f69 6c6f6f74 7a2d2d00  ication.tool.--z
I/DEBUG   (   34): 
I/DEBUG   (   34): memory near fp:
I/DEBUG   (   34):     2a000fa8 76726573 00007265 6c707061 74616369  server..applicat
I/DEBUG   (   34):     2a000fb8 006e6f69 6c6f6f74 7a2d2d00 746f6779  ion.tool.--zygot
I/DEBUG   (   34):     2a000fc8 2d2d0065 72617473 79732d74 6d657473  e.--start-system
I/DEBUG   (   34):     2a000fd8 7265732d 00726576 70612d2d 63696c70  -server.--applic
I/DEBUG   (   34):     2a000fe8 6f697461 2d2d006e 6563696e 6d616e2d  ation.--nice-nam
I/DEBUG   (   34): 
I/DEBUG   (   34): memory near ip:
I/DEBUG   (   34):     00003fe0 ffffffff ffffffff ffffffff ffffffff  ................
I/DEBUG   (   34):     00003ff0 ffffffff ffffffff ffffffff ffffffff  ................
I/DEBUG   (   34):     00004000 ffffffff ffffffff ffffffff ffffffff  ................
I/DEBUG   (   34):     00004010 ffffffff ffffffff ffffffff ffffffff  ................
I/DEBUG   (   34):     00004020 ffffffff ffffffff ffffffff ffffffff  ................
I/DEBUG   (   34): 
I/DEBUG   (   34): memory near sp:
I/DEBUG   (   34):     bea62840 00000000 40041c09 4079b1a8 0000020c  .......@..y@....
I/DEBUG   (   34):     bea62850 00000000 00000001 df0027ad 00000000  .........'......
I/DEBUG   (   34):     bea62860 4006fc9c 6c756e28 0000296c 00000000  ...@(null)......
I/DEBUG   (   34):     bea62870 00000000 00000000 00000000 00000000  ................
I/DEBUG   (   34):     bea62880 00000000 00000000 00000000 00000000  ................
I/DEBUG   (   34): 
I/DEBUG   (   34): code around pc:
I/DEBUG   (   34):     40736ccc 34bcf8d3 ed34f7d7 461d2300 b1525d1a  ...4..4..#.F.]R.
I/DEBUG   (   34):     40736cdc 18ad3301 7f00f5b3 e004d1f8 4a0a4798  .3...........G.J
I/DEBUG   (   34):     40736cec f7d77015 490ced2c 4a0c2006 44794c0c  .p..,..I. .J.LyD
I/DEBUG   (   34):     40736cfc 447c447a ebdef7d7 f7d72000 6ca3ec84  zD|D..... .....l
I/DEBUG   (   34):     40736d0c d1eb2b00 bf00e7eb deadd00d 0005fe60  .+..........`...
I/DEBUG   (   34): 
I/DEBUG   (   34): code around lr:
I/DEBUG   (   34):     40040c18 447e4e08 68336836 f000b10b 4620fa4c  .N~D6h3h....L. F
I/DEBUG   (   34):     40040c28 ffcaf7ff 68304605 4620b110 fa50f000  .....F0h.. F..P.
I/DEBUG   (   34):     40040c38 bd704628 0002986a 4604b570 4811b928  (Fp.j...p..F(..H
I/DEBUG   (   34):     40040c48 e8bd4478 f0004070 4e0fbfcb 6836447e  xD..p@.....N~D6h
I/DEBUG   (   34):     40040c58 b10b6833 fa2ff000 f01089a0 d1060f18  3h..../.........
I/DEBUG   (   34): 
I/DEBUG   (   34): memory map around fault addr deadd00d:
I/DEBUG   (   34):     bea4e000-bea63000 [stack]
I/DEBUG   (   34):     (no map for address)
I/DEBUG   (   34):     (no map above)
I/BootReceiver( 3589): Copying /data/tombstones/tombstone_02 to DropBox (SYSTEM_TOMBSTONE)
D/AndroidRuntime( 5754): 
D/AndroidRuntime( 5754): >>>>>> AndroidRuntime START com.android.internal.os.RuntimeInit <<<<<<
D/AndroidRuntime( 5754): CheckJNI is ON
D/AndroidRuntime( 5755): 
D/AndroidRuntime( 5755): >>>>>> AndroidRuntime START com.android.internal.os.RuntimeInit <<<<<<
D/AndroidRuntime( 5755): CheckJNI is ON
D/dalvikvm( 5755): Trying to load lib libjavacore.so 0x0
D/dalvikvm( 5754): Trying to load lib libjavacore.so 0x0
D/dalvikvm( 5755): Added shared lib libjavacore.so 0x0
D/dalvikvm( 5754): Added shared lib libjavacore.so 0x0
D/dalvikvm( 5754): Trying to load lib libnativehelper.so 0x0
D/dalvikvm( 5754): Added shared lib libnativehelper.so 0x0
D/dalvikvm( 5755): Trying to load lib libnativehelper.so 0x0
D/dalvikvm( 5755): Added shared lib libnativehelper.so 0x0
D/AndroidRuntime( 5755): Calling main entry com.android.commands.pm.Pm
D/AndroidRuntime( 5754): Calling main entry com.android.commands.pm.Pm
W/ActivityManager( 3589): No content provider found for permission revoke: file:///data/local/tmp/NotePadTest.apk
W/ActivityManager( 3589): No content provider found for permission revoke: file:///data/local/tmp/NotePadTest.apk
D/dalvikvm( 3589): GC_CONCURRENT freed 1080K, 11% free 15242K/17031K, paused 17ms+20ms, total 133ms
I/PackageManager( 3589): Removing non-system package:com.jayway.test
I/ActivityManager( 3589): Force stopping package com.jayway.test uid=10029
I/PackageManager( 3589): Package com.jayway.test codePath changed from /data/app/com.jayway.test-1.apk to /data/app/com.jayway.test-2.apk; Retaining data and using new
I/PackageManager( 3589): Running dexopt on: com.jayway.test
D/dalvikvm( 5775): DexOpt: load 74ms, verify+opt 307ms, 581460 bytes
I/ActivityManager( 3589): Force stopping package com.jayway.test uid=10029
W/PackageManager( 3589): Code path for pkg : com.jayway.test changing from /data/app/com.jayway.test-1.apk to /data/app/com.jayway.test-2.apk
W/PackageManager( 3589): Resource path for pkg : com.jayway.test changing from /data/app/com.jayway.test-1.apk to /data/app/com.jayway.test-2.apk
D/PackageManager( 3589): New package installed in /data/app/com.jayway.test-2.apk
W/ActivityManager( 3589): No content provider found for permission revoke: file:///data/local/tmp/NotePadTest.apk
W/ActivityManager( 3589): No content provider found for permission revoke: file:///data/local/tmp/NotePadTest.apk
I/ActivityManager( 3589): Force stopping package com.jayway.test uid=10029
I/InputReader( 3589): Reconfiguring input devices.  changes=0x00000010
D/PackageManager( 3589): generateServicesMap(android.accounts.AccountAuthenticator): 3 services unchanged
D/PackageManager( 3589): generateServicesMap(android.content.SyncAdapter): 5 services unchanged
D/BackupManagerService( 3589): Received broadcast Intent { act=android.intent.action.PACKAGE_REMOVED dat=package:com.jayway.test flg=0x8000010 (has extras) }
I/AccountTypeManager( 3818): Loaded meta-data for 1 account types, 0 accounts in 8ms(wall) 6ms(cpu)
D/PackageManager( 3589): generateServicesMap(android.accounts.AccountAuthenticator): 3 services unchanged
D/PackageManager( 3589): generateServicesMap(android.content.SyncAdapter): 5 services unchanged
D/BackupManagerService( 3589): Received broadcast Intent { act=android.intent.action.PACKAGE_ADDED dat=package:com.jayway.test flg=0x8000010 (has extras) }
V/BackupManagerService( 3589): removePackageParticipantsLocked: uid=10029 #1
I/InputReader( 3589): Reconfiguring input devices.  changes=0x00000010
V/BackupManagerService( 3589): addPackageParticipantsLocked: #1
I/AccountTypeManager( 3818): Loaded meta-data for 1 account types, 0 accounts in 42ms(wall) 4ms(cpu)
D/dalvikvm( 3589): GC_CONCURRENT freed 1095K, 12% free 15153K/17031K, paused 33ms+8ms, total 121ms
D/dalvikvm( 3589): WAIT_FOR_CONCURRENT_GC blocked 0ms
W/InputMethodManagerService( 3589): Found no subtypes in a system IME: com.android.inputmethod.pinyin
W/RecognitionManagerService( 3589): no available voice recognition services found
D/dalvikvm( 3589): GC_EXPLICIT freed 84K, 12% free 15140K/17031K, paused 48ms+29ms, total 261ms
D/AndroidRuntime( 5754): Shutting down VM
I/AndroidRuntime( 5754): NOTE: attach of thread 'Binder_3' failed
D/dalvikvm( 5754): GC_CONCURRENT freed 101K, 78% free 458K/2048K, paused 2ms+2ms, total 18ms
D/jdwp    ( 5754): Got wake-up signal, bailing out of select
D/dalvikvm( 5754): Debugger has detached; object registry had 1 entries
I/PackageManager( 3589): Removing non-system package:com.jayway.test
I/ActivityManager( 3589): Force stopping package com.jayway.test uid=10029
I/PackageManager( 3589): Package com.jayway.test codePath changed from /data/app/com.jayway.test-2.apk to /data/app/com.jayway.test-1.apk; Retaining data and using new
I/PackageManager( 3589): Running dexopt on: com.jayway.test
D/AndroidRuntime( 5783): 
D/AndroidRuntime( 5783): >>>>>> AndroidRuntime START com.android.internal.os.RuntimeInit <<<<<<
D/AndroidRuntime( 5783): CheckJNI is ON
D/dalvikvm( 5783): Trying to load lib libjavacore.so 0x0
D/dalvikvm( 5783): Added shared lib libjavacore.so 0x0
D/dalvikvm( 5783): Trying to load lib libnativehelper.so 0x0
D/dalvikvm( 5783): Added shared lib libnativehelper.so 0x0
D/dalvikvm( 5784): DexOpt: load 267ms, verify+opt 959ms, 581460 bytes
W/PackageManager( 3589): Code path for pkg : com.jayway.test changing from /data/app/com.jayway.test-2.apk to /data/app/com.jayway.test-1.apk
W/PackageManager( 3589): Resource path for pkg : com.jayway.test changing from /data/app/com.jayway.test-2.apk to /data/app/com.jayway.test-1.apk
D/AndroidRuntime( 5783): Calling main entry com.android.commands.pm.Pm
D/PackageManager( 3589): New package installed in /data/app/com.jayway.test-1.apk
D/AndroidRuntime( 5783): Shutting down VM
D/dalvikvm( 5783): GC_CONCURRENT freed 102K, 78% free 466K/2048K, paused 1ms+1ms, total 14ms
D/dalvikvm( 5783): Debugger has detached; object registry had 1 entries
I/AndroidRuntime( 5783): NOTE: attach of thread 'Binder_4' failed
I/ActivityManager( 3589): Force stopping package com.jayway.test uid=10029
I/ActivityManager( 3589): Force stopping package com.jayway.test uid=10029
D/dalvikvm( 3699): GC_FOR_ALLOC freed 972K, 8% free 14854K/16007K, paused 42ms, total 52ms
I/dalvikvm-heap( 3699): Grow heap (frag case) to 16.485MB for 2048016-byte allocation
D/dalvikvm( 3699): GC_FOR_ALLOC freed 7K, 7% free 16846K/18055K, paused 71ms, total 71ms
D/dalvikvm( 3699): GC_CONCURRENT freed 0K, 7% free 16846K/18055K, paused 37ms+13ms, total 119ms
D/dalvikvm( 3699): GC_FOR_ALLOC freed 0K, 7% free 16848K/18055K, paused 33ms, total 33ms
I/dalvikvm-heap( 3699): Grow heap (frag case) to 19.491MB for 3158032-byte allocation
I/InputReader( 3589): Reconfiguring input devices.  changes=0x00000010
D/PackageManager( 3589): generateServicesMap(android.accounts.AccountAuthenticator): 3 services unchanged
D/dalvikvm( 3699): GC_CONCURRENT freed 0K, 6% free 19932K/21191K, paused 20ms+22ms, total 187ms
D/dalvikvm( 3699): WAIT_FOR_CONCURRENT_GC blocked 135ms
D/dalvikvm( 3699): WAIT_FOR_CONCURRENT_GC blocked 176ms
D/PackageManager( 3589): generateServicesMap(android.content.SyncAdapter): 5 services unchanged
D/BackupManagerService( 3589): Received broadcast Intent { act=android.intent.action.PACKAGE_REMOVED dat=package:com.jayway.test flg=0x8000010 (has extras) }
I/Choreographer( 3699): Skipped 80 frames!  The application may be doing too much work on its main thread.
I/AccountTypeManager( 3818): Loaded meta-data for 1 account types, 0 accounts in 9ms(wall) 6ms(cpu)
D/AndroidRuntime( 5800): 
D/AndroidRuntime( 5800): >>>>>> AndroidRuntime START com.android.internal.os.RuntimeInit <<<<<<
D/AndroidRuntime( 5800): CheckJNI is ON
D/dalvikvm( 5800): Trying to load lib libjavacore.so 0x0
D/dalvikvm( 5800): Added shared lib libjavacore.so 0x0
D/dalvikvm( 5800): Trying to load lib libnativehelper.so 0x0
D/dalvikvm( 5800): Added shared lib libnativehelper.so 0x0
D/PackageManager( 3589): generateServicesMap(android.accounts.AccountAuthenticator): 3 services unchanged
D/PackageManager( 3589): generateServicesMap(android.content.SyncAdapter): 5 services unchanged
D/BackupManagerService( 3589): Received broadcast Intent { act=android.intent.action.PACKAGE_ADDED dat=package:com.jayway.test flg=0x8000010 (has extras) }
V/BackupManagerService( 3589): removePackageParticipantsLocked: uid=10029 #1
I/InputReader( 3589): Reconfiguring input devices.  changes=0x00000010
I/AccountTypeManager( 3818): Loaded meta-data for 1 account types, 0 accounts in 94ms(wall) 9ms(cpu)
V/BackupManagerService( 3589): addPackageParticipantsLocked: #1
D/AndroidRuntime( 5800): Calling main entry com.android.commands.am.Am
D/dalvikvm( 3589): GC_CONCURRENT freed 996K, 11% free 15249K/17031K, paused 149ms+107ms, total 659ms
D/dalvikvm( 3589): WAIT_FOR_CONCURRENT_GC blocked 423ms
I/ActivityManager( 3589): Force stopping package com.example.android.notepad uid=10031
D/dalvikvm( 5810): Not late-enabling CheckJNI (already on)
D/dalvikvm( 3503): WAIT_FOR_CONCURRENT_GC blocked 0ms
I/ActivityManager( 3589): Start proc com.example.android.notepad for added application com.example.android.notepad: pid=5810 uid=10031 gids={1015, 1028}
D/dalvikvm( 3503): GC_EXPLICIT freed 40K, 3% free 10735K/11011K, paused 5ms+4ms, total 101ms
D/dalvikvm( 3503): WAIT_FOR_CONCURRENT_GC blocked 0ms
D/android.widget.GridLayout( 3699): horizontal constraints: x1-x0>=350, x2-x1>=390, x2-x0<=736 are inconsistent; permanently removing: x2-x0<=736. 
D/dalvikvm( 3503): GC_EXPLICIT freed <1K, 3% free 10735K/11011K, paused 17ms+4ms, total 105ms
D/dalvikvm( 3503): WAIT_FOR_CONCURRENT_GC blocked 1ms
D/dalvikvm( 3503): GC_EXPLICIT freed <1K, 3% free 10735K/11011K, paused 29ms+24ms, total 108ms
D/android.widget.GridLayout( 3699): horizontal constraints: x1-x0>=350, x2-x1>=390, x2-x0<=736 are inconsistent; permanently removing: x2-x0<=736. 
D/android.widget.GridLayout( 3699): horizontal constraints: x1-x0>=350, x2-x1>=390, x2-x0<=736 are inconsistent; permanently removing: x2-x0<=736. 
I/dalvikvm( 5810): Turning on JNI app bug workarounds for target SDK version 10...
E/Trace   ( 5810): error opening trace file: No such file or directory (2)
I/ActivityThread( 5810): Pub com.example.notepad.provider.NotePad: com.example.android.notepad.NotePadProvider
D/dalvikvm( 3699): GC_FOR_ALLOC freed 81K, 6% free 20089K/21191K, paused 94ms, total 114ms
I/TestRunner( 5810): started: testAddNote(com.robotium.test.NotePadTest)
I/dalvikvm-heap( 3699): Grow heap (frag case) to 22.656MB for 3158032-byte allocation
I/TestRunner( 5810): finished: testAddNote(com.robotium.test.NotePadTest)
I/TestRunner( 5810): passed: testAddNote(com.robotium.test.NotePadTest)
I/TestRunner( 5810): started: testEditNote(com.robotium.test.NotePadTest)
I/TestRunner( 5810): finished: testEditNote(com.robotium.test.NotePadTest)
I/TestRunner( 5810): passed: testEditNote(com.robotium.test.NotePadTest)
I/TestRunner( 5810): started: testRemoveNote(com.robotium.test.NotePadTest)
I/TestRunner( 5810): finished: testRemoveNote(com.robotium.test.NotePadTest)
I/TestRunner( 5810): passed: testRemoveNote(com.robotium.test.NotePadTest)
D/dalvikvm( 3699): GC_CONCURRENT freed 3K, 5% free 23169K/24327K, paused 19ms+27ms, total 318ms
D/dalvikvm( 3699): WAIT_FOR_CONCURRENT_GC blocked 299ms
I/Choreographer( 3699): Skipped 331 frames!  The application may be doing too much work on its main thread.
D/AndroidRuntime( 5800): Shutting down VM
D/dalvikvm( 5800): GC_CONCURRENT freed 129K, 78% free 464K/2048K, paused 1ms+1ms, total 15ms
D/jdwp    ( 5800): Got wake-up signal, bailing out of select
D/dalvikvm( 5800): Debugger has detached; object registry had 1 entries
I/ActivityManager( 3589): Force stopping package com.example.android.notepad uid=10031
I/ActivityManager( 3589): Killing proc 5810:com.example.android.notepad/u0a31: force stop
I/AndroidRuntime( 5800): NOTE: attach of thread 'Binder_3' failed
W/ProcessStats( 3589): Skipping unknown process pid 5810
I/Choreographer( 3699): Skipped 32 frames!  The application may be doing too much work on its main thread.
D/AndroidRuntime( 5831): 
D/AndroidRuntime( 5831): >>>>>> AndroidRuntime START com.android.internal.os.RuntimeInit <<<<<<
D/AndroidRuntime( 5831): CheckJNI is ON
D/dalvikvm( 5831): Trying to load lib libjavacore.so 0x0
D/dalvikvm( 5831): Added shared lib libjavacore.so 0x0
D/dalvikvm( 5831): Trying to load lib libnativehelper.so 0x0
D/dalvikvm( 5831): Added shared lib libnativehelper.so 0x0
D/dalvikvm( 3699): GC_FOR_ALLOC freed 698K, 4% free 24302K/25287K, paused 119ms, total 123ms
D/dalvikvm( 3699): GC_FOR_ALLOC freed 421K, 4% free 24683K/25479K, paused 136ms, total 142ms
D/AndroidRuntime( 5831): Calling main entry com.android.commands.am.Am
D/dalvikvm( 3699): GC_FOR_ALLOC freed 425K, 4% free 25725K/26759K, paused 70ms, total 81ms
I/dalvikvm-heap( 3699): Grow heap (frag case) to 26.716MB for 1644560-byte allocation
I/ActivityManager( 3589): Force stopping package com.example.android.notepad uid=10031
D/dalvikvm( 5841): Not late-enabling CheckJNI (already on)
I/ActivityManager( 3589): Start proc com.example.android.notepad for added application com.example.android.notepad: pid=5841 uid=10031 gids={1015, 1028}
D/dalvikvm( 3699): GC_FOR_ALLOC freed 26K, 4% free 27305K/28423K, paused 156ms, total 158ms
I/dalvikvm( 5841): Turning on JNI app bug workarounds for target SDK version 10...
E/Trace   ( 5841): error opening trace file: No such file or directory (2)
I/ActivityThread( 5841): Pub com.example.notepad.provider.NotePad: com.example.android.notepad.NotePadProvider
I/TestRunner( 5841): started: testAddNote(com.robotium.test.NotePadTest)
I/ActivityManager( 3589): START {act=android.intent.action.MAIN flg=0x10000000 cmp=com.example.android.notepad/.NotesList u=0} from pid 5841
W/WindowManager( 3589): Failure taking screenshot for (328x546) to layer 21005
W/ActivityManager( 3589): Activity pause timeout for ActivityRecord{418a5600 com.android.launcher/com.android.launcher2.Launcher}
D/dalvikvm( 3818): GC_CONCURRENT freed 405K, 5% free 10979K/11463K, paused 56ms+3ms, total 5459ms
D/dalvikvm( 3589): WAIT_FOR_CONCURRENT_GC blocked 0ms
D/dalvikvm( 3746): GC_CONCURRENT freed 350K, 5% free 11137K/11655K, paused 5ms+5ms, total 2047ms
W/InputMethodManagerService( 3589): Found no subtypes in a system IME: com.android.inputmethod.pinyin
I/Choreographer( 3699): Skipped 262 frames!  The application may be doing too much work on its main thread.
D/android.widget.GridLayout( 3699): horizontal constraints: x1-x0>=350, x2-x1>=390, x2-x0<=736 are inconsistent; permanently removing: x2-x0<=736. 
D/android.widget.GridLayout( 3699): horizontal constraints: x1-x0>=350, x2-x1>=390, x2-x0<=736 are inconsistent; permanently removing: x2-x0<=736. 
V/PhoneStatusBar( 3655): setLightsOn(true)
D/gralloc_goldfish( 5841): Emulator without GPU emulation detected.
D/dalvikvm( 3699): GC_FOR_ALLOC freed 11060K, 41% free 17305K/29255K, paused 343ms, total 349ms
I/ActivityManager( 3589): Displayed com.example.android.notepad/.NotesList: +2s36ms
D/dalvikvm( 3699): GC_FOR_ALLOC freed 633K, 40% free 17797K/29255K, paused 367ms, total 411ms
E/dalvikvm( 5841): Could not find class 'android.support.v4.app.FragmentActivity', referenced from method com.robotium.solo.Waiter.getSupportFragment
W/dalvikvm( 5841): VFY: unable to resolve check-cast 36 (Landroid/support/v4/app/FragmentActivity;) in Lcom/robotium/solo/Waiter;
D/dalvikvm( 5841): VFY: replacing opcode 0x1f at 0x0009
I/dalvikvm( 5841): Could not find method android.support.v4.app.FragmentActivity.getSupportFragmentManager, referenced from method com.robotium.solo.Waiter.getSupportFragment
W/dalvikvm( 5841): VFY: unable to resolve virtual method 59: Landroid/support/v4/app/FragmentActivity;.getSupportFragmentManager ()Landroid/support/v4/app/FragmentManager;
D/dalvikvm( 5841): VFY: replacing opcode 0x6e at 0x0010
I/dalvikvm( 5841): Could not find method android.support.v4.app.FragmentActivity.getSupportFragmentManager, referenced from method com.robotium.solo.Waiter.getSupportFragment
W/dalvikvm( 5841): VFY: unable to resolve virtual method 59: Landroid/support/v4/app/FragmentActivity;.getSupportFragmentManager ()Landroid/support/v4/app/FragmentManager;
D/dalvikvm( 5841): VFY: replacing opcode 0x6e at 0x0019
W/dalvikvm( 5841): VFY: unable to find class referenced in signature (Landroid/support/v4/app/Fragment;)
W/dalvikvm( 5841): VFY: unable to find class referenced in signature (Landroid/support/v4/app/Fragment;)
D/AndroidRuntime( 5857): 
D/AndroidRuntime( 5857): >>>>>> AndroidRuntime START com.android.internal.os.RuntimeInit <<<<<<
D/AndroidRuntime( 5857): CheckJNI is ON
D/dalvikvm( 5857): Trying to load lib libjavacore.so 0x0
D/dalvikvm( 5857): Added shared lib libjavacore.so 0x0
D/dalvikvm( 5857): Trying to load lib libnativehelper.so 0x0
D/dalvikvm( 5857): Added shared lib libnativehelper.so 0x0
D/dalvikvm( 3699): GC_FOR_ALLOC freed 1630K, 39% free 18043K/29255K, paused 172ms, total 194ms
D/android.widget.GridLayout( 3699): horizontal constraints: x1-x0>=350, x2-x1>=390, x2-x0<=736 are inconsistent; permanently removing: x2-x0<=736. 
D/AndroidRuntime( 5857): Calling main entry com.android.commands.am.Am
D/AndroidRuntime( 5857): Shutting down VM
D/dalvikvm( 5857): GC_CONCURRENT freed 102K, 76% free 492K/2048K, paused 1ms+6ms, total 15ms
D/dalvikvm( 5857): Debugger has detached; object registry had 1 entries
I/AndroidRuntime( 5857): NOTE: attach of thread 'Binder_3' failed
D/dalvikvm( 5841): GC_CONCURRENT freed 157K, 3% free 11026K/11271K, paused 51ms+5ms, total 302ms
D/dalvikvm( 3699): GC_FOR_ALLOC freed 325K, 38% free 18377K/29255K, paused 99ms, total 104ms
I/dalvikvm-heap( 3699): Grow heap (frag case) to 20.984MB for 3158032-byte allocation
D/dalvikvm( 3699): GC_FOR_ALLOC freed 1K, 27% free 21459K/29255K, paused 69ms, total 69ms
D/dalvikvm( 3699): GC_CONCURRENT freed <1K, 27% free 21463K/29255K, paused 31ms+30ms, total 180ms
I/Choreographer( 3699): Skipped 53 frames!  The application may be doing too much work on its main thread.
W/RecognitionManagerService( 3589): no available voice recognition services found
D/dalvikvm( 3589): GC_EXPLICIT freed 836K, 10% free 15331K/17031K, paused 113ms+156ms, total 5142ms
D/AndroidRuntime( 5755): Shutting down VM
D/dalvikvm( 5755): GC_CONCURRENT freed 101K, 78% free 458K/2048K, paused 1ms+1ms, total 15ms
D/jdwp    ( 5755): Got wake-up signal, bailing out of select
D/dalvikvm( 5755): Debugger has detached; object registry had 1 entries
I/AndroidRuntime( 5755): NOTE: attach of thread 'Binder_3' failed
D/activv  ( 5841): com.example.android.notepad.NotesList@414adb00
W/InputMethodManagerService( 3589): Window already focused, ignoring focus gain of: com.android.internal.view.IInputMethodClient$Stub$Proxy@4182bd78 attribute=null
D/AndroidRuntime( 5877): 
D/AndroidRuntime( 5877): >>>>>> AndroidRuntime START com.android.internal.os.RuntimeInit <<<<<<
D/AndroidRuntime( 5877): CheckJNI is ON
D/dalvikvm( 5877): Trying to load lib libjavacore.so 0x0
D/dalvikvm( 5877): Added shared lib libjavacore.so 0x0
D/dalvikvm( 5877): Trying to load lib libnativehelper.so 0x0
D/dalvikvm( 5877): Added shared lib libnativehelper.so 0x0
D/AndroidRuntime( 5877): Calling main entry com.android.commands.pm.Pm
D/AndroidRuntime( 5877): Shutting down VM
I/AndroidRuntime( 5877): NOTE: attach of thread 'Binder_3' failed
D/dalvikvm( 5877): GC_CONCURRENT freed 101K, 78% free 466K/2048K, paused 2ms+7ms, total 33ms
D/jdwp    ( 5877): Got wake-up signal, bailing out of select
D/dalvikvm( 5877): Debugger has detached; object registry had 1 entries
D/dalvikvm( 3699): GC_FOR_ALLOC freed 1249K, 24% free 22262K/29255K, paused 50ms, total 50ms
D/dalvikvm( 3699): GC_CONCURRENT freed 919K, 21% free 23154K/29255K, paused 6ms+10ms, total 171ms
D/dalvikvm( 3699): GC_FOR_ALLOC freed 1208K, 22% free 22908K/29255K, paused 47ms, total 50ms
D/dalvikvm( 3699): GC_FOR_ALLOC freed 1263K, 21% free 23212K/29255K, paused 45ms, total 45ms
D/AndroidRuntime( 5890): 
D/AndroidRuntime( 5890): >>>>>> AndroidRuntime START com.android.internal.os.RuntimeInit <<<<<<
D/AndroidRuntime( 5890): CheckJNI is ON
D/dalvikvm( 5890): Trying to load lib libjavacore.so 0x0
D/dalvikvm( 5890): Added shared lib libjavacore.so 0x0
D/dalvikvm( 5890): Trying to load lib libnativehelper.so 0x0
D/dalvikvm( 5890): Added shared lib libnativehelper.so 0x0
D/AndroidRuntime( 5890): Calling main entry com.android.commands.am.Am
I/ActivityManager( 3589): Force stopping package com.example.android.notepad uid=10031
I/ActivityManager( 3589): Killing proc 5841:com.example.android.notepad/u0a31: force stop
W/ActivityManager( 3589): Force removing ActivityRecord{417ed2e8 com.example.android.notepad/.NotesList}: app died, no saved state
W/ActivityManager( 3589): Crash of app com.example.android.notepad running instrumentation ComponentInfo{com.jayway.test/android.test.InstrumentationTestRunner}
D/AndroidRuntime( 5831): Shutting down VM
D/dalvikvm( 5831): GC_CONCURRENT freed 107K, 78% free 464K/2048K, paused 1ms+1ms, total 9ms
D/jdwp    ( 5831): Got wake-up signal, bailing out of select
D/dalvikvm( 5831): Debugger has detached; object registry had 1 entries
I/AndroidRuntime( 5831): NOTE: attach of thread 'Binder_3' failed
I/ActivityManager( 3589): Force stopping package com.example.android.notepad uid=10031
I/WindowState( 3589): WIN DEATH: Window{4182e190 com.example.android.notepad/com.example.android.notepad.NotesList paused=false}
D/dalvikvm( 5901): Not late-enabling CheckJNI (already on)
I/ActivityManager( 3589): Start proc com.example.android.notepad for added application com.example.android.notepad: pid=5901 uid=10031 gids={1015, 1028}
I/dalvikvm( 5901): Turning on JNI app bug workarounds for target SDK version 10...
D/dalvikvm( 3589): WAIT_FOR_CONCURRENT_GC blocked 0ms
W/InputMethodManagerService( 3589): Got RemoteException sending setActive(false) notification to pid 5841 uid 10031
D/dalvikvm( 3589): GC_EXPLICIT freed 864K, 11% free 15192K/17031K, paused 13ms+21ms, total 521ms
E/Trace   ( 5901): error opening trace file: No such file or directory (2)
I/ActivityThread( 5901): Pub com.example.notepad.provider.NotePad: com.example.android.notepad.NotePadProvider
I/TestRunner( 5901): started: testAddNote(com.robotium.test.NotePadTest)
I/TestRunner( 5901): finished: testAddNote(com.robotium.test.NotePadTest)
I/TestRunner( 5901): passed: testAddNote(com.robotium.test.NotePadTest)
I/TestRunner( 5901): started: testEditNote(com.robotium.test.NotePadTest)
I/TestRunner( 5901): finished: testEditNote(com.robotium.test.NotePadTest)
I/TestRunner( 5901): passed: testEditNote(com.robotium.test.NotePadTest)
I/TestRunner( 5901): started: testRemoveNote(com.robotium.test.NotePadTest)
I/TestRunner( 5901): finished: testRemoveNote(com.robotium.test.NotePadTest)
I/TestRunner( 5901): passed: testRemoveNote(com.robotium.test.NotePadTest)
I/ActivityManager( 3589): Force stopping package com.example.android.notepad uid=10031
I/ActivityManager( 3589): Killing proc 5901:com.example.android.notepad/u0a31: force stop
D/AndroidRuntime( 5890): Shutting down VM
D/dalvikvm( 5890): GC_CONCURRENT freed 129K, 78% free 464K/2048K, paused 1ms+1ms, total 15ms
D/jdwp    ( 5890): Got wake-up signal, bailing out of select
D/dalvikvm( 5890): Debugger has detached; object registry had 1 entries
I/AndroidRuntime( 5890): NOTE: attach of thread 'Binder_3' failed
D/dalvikvm( 3699): GC_CONCURRENT freed 1110K, 18% free 24134K/29255K, paused 18ms+9ms, total 79ms
D/dalvikvm( 3699): WAIT_FOR_CONCURRENT_GC blocked 63ms
D/dalvikvm( 3699): WAIT_FOR_CONCURRENT_GC blocked 67ms
D/dalvikvm( 3699): GC_FOR_ALLOC freed 923K, 15% free 24913K/29255K, paused 102ms, total 121ms
D/dalvikvm( 3699): WAIT_FOR_CONCURRENT_GC blocked 581ms
D/AndroidRuntime( 5918): 
D/AndroidRuntime( 5918): >>>>>> AndroidRuntime START com.android.internal.os.RuntimeInit <<<<<<
D/AndroidRuntime( 5918): CheckJNI is ON
D/dalvikvm( 5918): Trying to load lib libjavacore.so 0x0
D/dalvikvm( 5918): Added shared lib libjavacore.so 0x0
D/dalvikvm( 5918): Trying to load lib libnativehelper.so 0x0
D/dalvikvm( 5918): Added shared lib libnativehelper.so 0x0
D/dalvikvm( 3699): GC_CONCURRENT freed 99K, 9% free 26828K/29255K, paused 85ms+57ms, total 357ms
D/dalvikvm( 3699): WAIT_FOR_CONCURRENT_GC blocked 10ms
D/dalvikvm( 3699): GC_FOR_ALLOC freed 260K, 9% free 26756K/29255K, paused 169ms, total 187ms
I/dalvikvm-heap( 3699): Grow heap (frag case) to 27.381MB for 1286224-byte allocation
D/dalvikvm( 3699): GC_FOR_ALLOC freed 1K, 9% free 28011K/30535K, paused 155ms, total 159ms
D/AndroidRuntime( 5918): Calling main entry com.android.commands.am.Am
I/ActivityManager( 3589): Force stopping package com.example.android.notepad uid=10031
D/dalvikvm( 5928): Not late-enabling CheckJNI (already on)
I/ActivityManager( 3589): Start proc com.example.android.notepad for added application com.example.android.notepad: pid=5928 uid=10031 gids={1015, 1028}
I/dalvikvm( 5928): Turning on JNI app bug workarounds for target SDK version 10...
D/dalvikvm( 3699): GC_FOR_ALLOC freed 2920K, 13% free 26747K/30535K, paused 148ms, total 159ms
E/Trace   ( 5928): error opening trace file: No such file or directory (2)
I/ActivityThread( 5928): Pub com.example.notepad.provider.NotePad: com.example.android.notepad.NotePadProvider
I/TestRunner( 5928): started: testAddNote(com.robotium.test.NotePadTest)
I/ActivityManager( 3589): START {act=android.intent.action.MAIN flg=0x10000000 cmp=com.example.android.notepad/.NotesList u=0} from pid 5928
W/WindowManager( 3589): Failure taking screenshot for (328x546) to layer 21005
V/PhoneStatusBar( 3655): setLightsOn(true)
D/gralloc_goldfish( 5928): Emulator without GPU emulation detected.
I/ActivityManager( 3589): Displayed com.example.android.notepad/.NotesList: +1s547ms
I/Choreographer( 3699): Skipped 162 frames!  The application may be doing too much work on its main thread.
E/dalvikvm( 5928): Could not find class 'android.support.v4.app.FragmentActivity', referenced from method com.robotium.solo.Waiter.getSupportFragment
W/dalvikvm( 5928): VFY: unable to resolve check-cast 36 (Landroid/support/v4/app/FragmentActivity;) in Lcom/robotium/solo/Waiter;
D/dalvikvm( 5928): VFY: replacing opcode 0x1f at 0x0009
I/dalvikvm( 5928): Could not find method android.support.v4.app.FragmentActivity.getSupportFragmentManager, referenced from method com.robotium.solo.Waiter.getSupportFragment
W/dalvikvm( 5928): VFY: unable to resolve virtual method 59: Landroid/support/v4/app/FragmentActivity;.getSupportFragmentManager ()Landroid/support/v4/app/FragmentManager;
D/dalvikvm( 5928): VFY: replacing opcode 0x6e at 0x0010
I/dalvikvm( 5928): Could not find method android.support.v4.app.FragmentActivity.getSupportFragmentManager, referenced from method com.robotium.solo.Waiter.getSupportFragment
W/dalvikvm( 5928): VFY: unable to resolve virtual method 59: Landroid/support/v4/app/FragmentActivity;.getSupportFragmentManager ()Landroid/support/v4/app/FragmentManager;
D/dalvikvm( 5928): VFY: replacing opcode 0x6e at 0x0019
W/dalvikvm( 5928): VFY: unable to find class referenced in signature (Landroid/support/v4/app/Fragment;)
W/dalvikvm( 5928): VFY: unable to find class referenced in signature (Landroid/support/v4/app/Fragment;)
W/InputMethodManagerService( 3589): Starting input on non-focused client com.android.internal.view.IInputMethodClient$Stub$Proxy@418fdd68 (uid=10036 pid=3699)
D/dalvikvm( 3699): GC_CONCURRENT freed 4245K, 20% free 24473K/30535K, paused 6ms+8ms, total 69ms
D/dalvikvm( 3699): WAIT_FOR_CONCURRENT_GC blocked 54ms
D/dalvikvm( 5928): GC_CONCURRENT freed 164K, 3% free 11026K/11271K, paused 17ms+82ms, total 197ms
D/activv  ( 5928): com.example.android.notepad.NotesList@414af6a8
W/InputMethodManagerService( 3589): Window already focused, ignoring focus gain of: com.android.internal.view.IInputMethodClient$Stub$Proxy@418b7168 attribute=null
D/dalvikvm( 3589): GC_CONCURRENT freed 1065K, 11% free 15246K/17031K, paused 18ms+11ms, total 136ms
D/dalvikvm( 3589): WAIT_FOR_CONCURRENT_GC blocked 83ms
W/WindowManager( 3589): Failure taking screenshot for (328x546) to layer 21010
W/ActivityManager( 3589): Duplicate finish request for ActivityRecord{416a5230 com.example.android.notepad/.NotesList}
W/InputDispatcher( 3589): Permission denied: injecting event from pid 5928 uid 10031 to window Window{416b9fd0 com.android.launcher/com.android.launcher2.Launcher paused=false} owned by uid 10036
W/InputManager( 3589): Input event injection from pid 5928 permission denied.
I/TestRunner( 5928): failed: testAddNote(com.robotium.test.NotePadTest)
I/TestRunner( 5928): ----- begin exception -----
I/TestRunner( 5928): 
I/TestRunner( 5928): junit.framework.ComparisonFailure: Expected NoteEditor activity expected:<Note[Editor]> but was:<Note[sList]>
I/TestRunner( 5928): 	at junit.framework.Assert.assertEquals(Assert.java:85)
I/TestRunner( 5928): 	at com.robotium.solo.Asserter.assertCurrentActivity(Asserter.java:43)
I/TestRunner( 5928): 	at com.robotium.solo.Solo.assertCurrentActivity(Solo.java:775)
I/TestRunner( 5928): 	at com.robotium.test.NotePadTest.testAddNote(NotePadTest.java:58)
I/TestRunner( 5928): 	at java.lang.reflect.Method.invokeNative(Native Method)
I/TestRunner( 5928): 	at java.lang.reflect.Method.invoke(Method.java:511)
I/TestRunner( 5928): 	at android.test.InstrumentationTestCase.runMethod(InstrumentationTestCase.java:214)
I/TestRunner( 5928): 	at android.test.InstrumentationTestCase.runTest(InstrumentationTestCase.java:199)
I/TestRunner( 5928): 	at android.test.ActivityInstrumentationTestCase2.runTest(ActivityInstrumentationTestCase2.java:192)
I/TestRunner( 5928): 	at junit.framework.TestCase.runBare(TestCase.java:134)
I/TestRunner( 5928): 	at junit.framework.TestResult$1.protect(TestResult.java:115)
I/TestRunner( 5928): 	at junit.framework.TestResult.runProtected(TestResult.java:133)
I/TestRunner( 5928): 	at junit.framework.TestResult.run(TestResult.java:118)
I/TestRunner( 5928): 	at junit.framework.TestCase.run(TestCase.java:124)
I/TestRunner( 5928): 	at android.test.AndroidTestRunner.runTest(AndroidTestRunner.java:190)
I/TestRunner( 5928): 	at android.test.AndroidTestRunner.runTest(AndroidTestRunner.java:175)
I/TestRunner( 5928): 	at android.test.InstrumentationTestRunner.onStart(InstrumentationTestRunner.java:555)
I/TestRunner( 5928): 	at android.app.Instrumentation$InstrumentationThread.run(Instrumentation.java:1584)
I/TestRunner( 5928): ----- end exception -----
I/TestRunner( 5928): finished: testAddNote(com.robotium.test.NotePadTest)
I/TestRunner( 5928): started: testEditNote(com.robotium.test.NotePadTest)
I/ActivityManager( 3589): START {act=android.intent.action.MAIN flg=0x10000000 cmp=com.example.android.notepad/.NotesList u=0} from pid 5928
W/WindowManager( 3589): Failure taking screenshot for (328x546) to layer 21005
V/PhoneStatusBar( 3655): setLightsOn(true)
I/ActivityManager( 3589): Displayed com.example.android.notepad/.NotesList: +934ms
D/activv  ( 5928): com.example.android.notepad.NotesList@414ff650
I/Choreographer( 3699): Skipped 139 frames!  The application may be doing too much work on its main thread.
W/InputMethodManagerService( 3589): Starting input on non-focused client com.android.internal.view.IInputMethodClient$Stub$Proxy@418fdd68 (uid=10036 pid=3699)
W/WindowManager( 3589): Failure taking screenshot for (328x546) to layer 21010
W/ActivityManager( 3589): Duplicate finish request for ActivityRecord{416bafc0 com.example.android.notepad/.NotesList}
W/InputDispatcher( 3589): Permission denied: injecting event from pid 5928 uid 10031 to window Window{416b9fd0 com.android.launcher/com.android.launcher2.Launcher paused=false} owned by uid 10036
W/InputManager( 3589): Input event injection from pid 5928 permission denied.
I/TestRunner( 5928): failed: testEditNote(com.robotium.test.NotePadTest)
I/TestRunner( 5928): ----- begin exception -----
I/TestRunner( 5928): 
I/TestRunner( 5928): junit.framework.AssertionFailedError: Can not click on line number 2 as there are only 0 lines available
I/TestRunner( 5928): 	at junit.framework.Assert.fail(Assert.java:50)
I/TestRunner( 5928): 	at com.robotium.solo.Clicker.clickInList(Clicker.jav