E/ActivityThread(  233): Failed to find provider info for com.android.inputmethod.latin.dictionarypack
E/BinaryDictionaryGetter(  233): Could not find a dictionary pack
V/PhoneStatusBar(  219): setLightsOn(true)
D/dalvikvm(  233): GC_CONCURRENT freed 395K, 5% free 11311K/11847K, paused 26ms+20ms, total 149ms
I/ActivityManager(  164): Displayed com.example.android.notepad/.NoteEditor: +575ms
W/WindowManager(  164): Failure taking screenshot for (328x546) to layer 21020
V/PhoneStatusBar(  219): setLightsOn(true)
W/WindowManager(  164): Force-removing child win Window{41662178 AtchDlg:com.example.android.notepad/com.example.android.notepad.NoteEditor paused=false} from container Window{41991300 com.example.android.notepad/com.example.android.notepad.NoteEditor paused=false}
D/dalvikvm( 3192): GC_CONCURRENT freed 246K, 3% free 11640K/11975K, paused 16ms+7ms, total 81ms
D/AndroidRuntime( 3225): 
D/AndroidRuntime( 3225): >>>>>> AndroidRuntime START com.android.internal.os.RuntimeInit <<<<<<
D/AndroidRuntime( 3225): CheckJNI is ON
D/dalvikvm( 3225): Trying to load lib libjavacore.so 0x0
D/dalvikvm( 3225): Added shared lib libjavacore.so 0x0
D/dalvikvm( 3225): Trying to load lib libnativehelper.so 0x0
D/dalvikvm( 3225): Added shared lib libnativehelper.so 0x0
D/AndroidRuntime( 3225): Calling main entry com.android.commands.am.Am
D/AndroidRuntime( 3225): Shutting down VM
D/dalvikvm( 3225): GC_CONCURRENT freed 102K, 76% free 492K/2048K, paused 2ms+2ms, total 21ms
D/dalvikvm( 3225): Debugger has detached; object registry had 1 entries
I/AndroidRuntime( 3225): NOTE: attach of thread 'Binder_3' failed
D/dalvikvm( 3192): GC_FOR_ALLOC freed 396K, 6% free 11367K/11975K, paused 30ms, total 34ms
I/dalvikvm-heap( 3192): Grow heap (frag case) to 11.396MB for 279056-byte allocation
D/dalvikvm( 3192): GC_FOR_ALLOC freed 3K, 6% free 11637K/12295K, paused 39ms, total 39ms
W/InputMethodManagerService(  164): Window already focused, ignoring focus gain of: com.android.internal.view.IInputMethodClient$Stub$Proxy@419da788 attribute=android.view.inputmethod.EditorInfo@419da798
W/WindowManager(  164): Failure taking screenshot for (328x546) to layer 21010
W/ActivityManager(  164): Duplicate finish request for ActivityRecord{416c7748 com.example.android.notepad/.NotesList}
W/ActivityManager(  164): Duplicate finish request for ActivityRecord{416c7748 com.example.android.notepad/.NotesList}
W/InputDispatcher(  164): Permission denied: injecting event from pid 3192 uid 10031 to window Window{41680518 com.android.launcher/com.android.launcher2.Launcher paused=false} owned by uid 10036
W/InputManager(  164): Input event injection from pid 3192 permission denied.
I/TestRunner( 3192): finished: testRemoveNote(com.robotium.test.NotePadTest)
I/TestRunner( 3192): passed: testRemoveNote(com.robotium.test.NotePadTest)
I/ActivityManager(  164): Force stopping package com.example.android.notepad uid=10031
I/ActivityManager(  164): Killing proc 3192:com.example.android.notepad/u0a31: force stop
I/WindowState(  164): WIN DEATH: Window{41984a98 com.example.android.notepad/com.example.android.notepad.NotesList paused=false}
D/AndroidRuntime( 3182): Shutting down VM
D/dalvikvm( 3182): GC_CONCURRENT freed 139K, 78% free 464K/2048K, paused 1ms+1ms, total 11ms
D/jdwp    ( 3182): Got wake-up signal, bailing out of select
D/dalvikvm( 3182): Debugger has detached; object registry had 1 entries
D/AndroidRuntime( 3239): 
D/AndroidRuntime( 3239): >>>>>> AndroidRuntime START com.android.internal.os.RuntimeInit <<<<<<
D/AndroidRuntime( 3239): CheckJNI is ON
D/dalvikvm( 3239): Trying to load lib libjavacore.so 0x0
D/dalvikvm( 3239): Added shared lib libjavacore.so 0x0
D/dalvikvm( 3239): Trying to load lib libnativehelper.so 0x0
D/dalvikvm( 3239): Added shared lib libnativehelper.so 0x0
D/AndroidRuntime( 3239): Calling main entry com.android.commands.am.Am
D/AndroidRuntime( 3239): Shutting down VM
D/dalvikvm( 3239): GC_CONCURRENT freed 102K, 76% free 492K/2048K, paused 2ms+1ms, total 13ms
D/dalvikvm( 3239): Debugger has detached; object registry had 1 entries
I/AndroidRuntime( 3239): NOTE: attach of thread 'Binder_3' failed
D/AndroidRuntime( 3253): 
D/AndroidRuntime( 3253): >>>>>> AndroidRuntime START com.android.internal.os.RuntimeInit <<<<<<
D/AndroidRuntime( 3253): CheckJNI is ON
D/dalvikvm( 3253): Trying to load lib libjavacore.so 0x0
D/dalvikvm( 3253): Added shared lib libjavacore.so 0x0
D/dalvikvm( 3253): Trying to load lib libnativehelper.so 0x0
D/dalvikvm( 3253): Added shared lib libnativehelper.so 0x0
D/AndroidRuntime( 3253): Calling main entry com.android.commands.pm.Pm
W/ActivityManager(  164): No content provider found for permission revoke: file:///data/local/tmp/NotePadTest.apk
W/ActivityManager(  164): No content provider found for permission revoke: file:///data/local/tmp/NotePadTest.apk
I/PackageManager(  164): Removing non-system package:com.jayway.test
I/ActivityManager(  164): Force stopping package com.jayway.test uid=10029
I/PackageManager(  164): Package com.jayway.test codePath changed from /data/app/com.jayway.test-2.apk to /data/app/com.jayway.test-1.apk; Retaining data and using new
I/PackageManager(  164): Running dexopt on: com.jayway.test
D/dalvikvm( 3264): DexOpt: load 72ms, verify+opt 278ms, 581460 bytes
I/ActivityManager(  164): Force stopping package com.jayway.test uid=10029
W/PackageManager(  164): Code path for pkg : com.jayway.test changing from /data/app/com.jayway.test-2.apk to /data/app/com.jayway.test-1.apk
W/PackageManager(  164): Resource path for pkg : com.jayway.test changing from /data/app/com.jayway.test-2.apk to /data/app/com.jayway.test-1.apk
D/PackageManager(  164): New package installed in /data/app/com.jayway.test-1.apk
I/ActivityManager(  164): Force stopping package com.jayway.test uid=10029
I/InputReader(  164): Reconfiguring input devices.  changes=0x00000010
D/PackageManager(  164): generateServicesMap(android.accounts.AccountAuthenticator): 3 services unchanged
D/PackageManager(  164): generateServicesMap(android.content.SyncAdapter): 5 services unchanged
D/BackupManagerService(  164): Received broadcast Intent { act=android.intent.action.PACKAGE_REMOVED dat=package:com.jayway.test flg=0x8000010 (has extras) }
I/AccountTypeManager(  444): Loaded meta-data for 1 account types, 0 accounts in 8ms(wall) 5ms(cpu)
D/PackageManager(  164): generateServicesMap(android.accounts.AccountAuthenticator): 3 services unchanged
D/PackageManager(  164): generateServicesMap(android.content.SyncAdapter): 5 services unchanged
D/BackupManagerService(  164): Received broadcast Intent { act=android.intent.action.PACKAGE_ADDED dat=package:com.jayway.test flg=0x8000010 (has extras) }
V/BackupManagerService(  164): removePackageParticipantsLocked: uid=10029 #1
I/InputReader(  164): Reconfiguring input devices.  changes=0x00000010
D/dalvikvm(  164): GC_CONCURRENT freed 975K, 8% free 15328K/16519K, paused 62ms+19ms, total 226ms
D/dalvikvm(  164): WAIT_FOR_CONCURRENT_GC blocked 48ms
D/dalvikvm(  164): WAIT_FOR_CONCURRENT_GC blocked 75ms
D/dalvikvm(  164): WAIT_FOR_CONCURRENT_GC blocked 96ms
I/AccountTypeManager(  444): Loaded meta-data for 1 account types, 0 accounts in 261ms(wall) 7ms(cpu)
V/BackupManagerService(  164): addPackageParticipantsLocked: #1
D/dalvikvm(  164): WAIT_FOR_CONCURRENT_GC blocked 0ms
W/InputMethodManagerService(  164): Found no subtypes in a system IME: com.android.inputmethod.pinyin
W/RecognitionManagerService(  164): no available voice recognition services found
D/dalvikvm(  164): GC_EXPLICIT freed 413K, 9% free 15166K/16519K, paused 33ms+21ms, total 250ms
D/AndroidRuntime( 3253): Shutting down VM
D/dalvikvm( 3253): GC_CONCURRENT freed 101K, 78% free 458K/2048K, paused 1ms+1ms, total 12ms
D/jdwp    ( 3253): Got wake-up signal, bailing out of select
D/dalvikvm( 3253): Debugger has detached; object registry had 1 entries
I/AndroidRuntime( 3253): NOTE: attach of thread 'Binder_3' failed
D/AndroidRuntime( 3272): 
D/AndroidRuntime( 3272): >>>>>> AndroidRuntime START com.android.internal.os.RuntimeInit <<<<<<
D/AndroidRuntime( 3272): CheckJNI is ON
D/dalvikvm( 3272): Trying to load lib libjavacore.so 0x0
D/dalvikvm( 3272): Added shared lib libjavacore.so 0x0
D/dalvikvm( 3272): Trying to load lib libnativehelper.so 0x0
D/dalvikvm( 3272): Added shared lib libnativehelper.so 0x0
D/AndroidRuntime( 3272): Calling main entry com.android.commands.pm.Pm
I/Choreographer(  263): Skipped 75 frames!  The application may be doing too much work on its main thread.
D/AndroidRuntime( 3272): Shutting down VM
D/dalvikvm( 3272): GC_CONCURRENT freed 101K, 78% free 466K/2048K, paused 1ms+1ms, total 13ms
D/jdwp    ( 3272): Got wake-up signal, bailing out of select
D/dalvikvm( 3272): Debugger has detached; object registry had 1 entries
I/AndroidRuntime( 3272): NOTE: attach of thread 'Binder_3' failed
D/android.widget.GridLayout(  263): horizontal constraints: x1-x0>=350, x2-x1>=390, x2-x0<=736 are inconsistent; permanently removing: x2-x0<=736. 
D/android.widget.GridLayout(  263): horizontal constraints: x1-x0>=350, x2-x1>=390, x2-x0<=736 are inconsistent; permanently removing: x2-x0<=736. 
D/android.widget.GridLayout(  263): horizontal constraints: x1-x0>=350, x2-x1>=390, x2-x0<=736 are inconsistent; permanently removing: x2-x0<=736. 
D/dalvikvm(  263): GC_FOR_ALLOC freed 8687K, 58% free 17847K/42055K, paused 127ms, total 167ms
I/dalvikvm-heap(  263): Grow heap (frag case) to 20.466MB for 3158032-byte allocation
D/dalvikvm(  263): GC_FOR_ALLOC freed 36K, 51% free 20894K/42055K, paused 152ms, total 153ms
D/AndroidRuntime( 3285): 
D/AndroidRuntime( 3285): >>>>>> AndroidRuntime START com.android.internal.os.RuntimeInit <<<<<<
D/AndroidRuntime( 3285): CheckJNI is ON
D/dalvikvm( 3285): Trying to load lib libjavacore.so 0x0
D/dalvikvm( 3285): Added shared lib libjavacore.so 0x0
D/dalvikvm( 3285): Trying to load lib libnativehelper.so 0x0
D/dalvikvm( 3285): Added shared lib libnativehelper.so 0x0
D/dalvikvm(  263): GC_CONCURRENT freed 197K, 48% free 21880K/42055K, paused 22ms+146ms, total 571ms
D/dalvikvm(  263): WAIT_FOR_CONCURRENT_GC blocked 156ms
I/Choreographer(  263): Skipped 104 frames!  The application may be doing too much work on its main thread.
D/dalvikvm(  263): GC_CONCURRENT freed 724K, 46% free 23093K/42055K, paused 85ms+58ms, total 412ms
D/dalvikvm(  263): WAIT_FOR_CONCURRENT_GC blocked 286ms
D/AndroidRuntime( 3285): Calling main entry com.android.commands.am.Am
I/ActivityManager(  164): Force stopping package com.example.android.notepad uid=10031
D/dalvikvm( 3295): Not late-enabling CheckJNI (already on)
D/dalvikvm(   37): WAIT_FOR_CONCURRENT_GC blocked 0ms
I/ActivityManager(  164): Start proc com.example.android.notepad for added application com.example.android.notepad: pid=3295 uid=10031 gids={1015, 1028}
D/dalvikvm(   37): GC_EXPLICIT freed 39K, 3% free 10735K/11011K, paused 8ms+6ms, total 104ms
D/dalvikvm(   37): WAIT_FOR_CONCURRENT_GC blocked 0ms
D/dalvikvm(   37): GC_EXPLICIT freed <1K, 3% free 10735K/11011K, paused 9ms+8ms, total 133ms
D/dalvikvm(   37): WAIT_FOR_CONCURRENT_GC blocked 0ms
D/dalvikvm(   37): GC_EXPLICIT freed <1K, 3% free 10735K/11011K, paused 16ms+4ms, total 96ms
I/dalvikvm( 3295): Turning on JNI app bug workarounds for target SDK version 10...
E/Trace   ( 3295): error opening trace file: No such file or directory (2)
I/ActivityThread( 3295): Pub com.example.notepad.provider.NotePad: com.example.android.notepad.NotePadProvider
D/dalvikvm(  263): GC_FOR_ALLOC freed 300K, 42% free 24681K/42055K, paused 155ms, total 160ms
I/TestRunner( 3295): started: testAddNote(com.robotium.test.NotePadTest)
I/TestRunner( 3295): finished: testAddNote(com.robotium.test.NotePadTest)
I/TestRunner( 3295): passed: testAddNote(com.robotium.test.NotePadTest)
I/TestRunner( 3295): started: testEditNote(com.robotium.test.NotePadTest)
I/TestRunner( 3295): finished: testEditNote(com.robotium.test.NotePadTest)
I/TestRunner( 3295): passed: testEditNote(com.robotium.test.NotePadTest)
I/TestRunner( 3295): started: testRemoveNote(com.robotium.test.NotePadTest)
I/TestRunner( 3295): finished: testRemoveNote(com.robotium.test.NotePadTest)
I/TestRunner( 3295): passed: testRemoveNote(com.robotium.test.NotePadTest)
I/ActivityManager(  164): Force stopping package com.example.android.notepad uid=10031
I/ActivityManager(  164): Killing proc 3295:com.example.android.notepad/u0a31: force stop
D/AndroidRuntime( 3285): Shutting down VM
D/dalvikvm( 3285): GC_CONCURRENT freed 129K, 78% free 464K/2048K, paused 1ms+2ms, total 13ms
D/jdwp    ( 3285): Got wake-up signal, bailing out of select
D/dalvikvm( 3285): Debugger has detached; object registry had 1 entries
I/AndroidRuntime( 3285): NOTE: attach of thread 'Binder_3' failed
D/dalvikvm(  263): GC_CONCURRENT freed 3154K, 44% free 23568K/42055K, paused 22ms+8ms, total 136ms
D/dalvikvm(  263): WAIT_FOR_CONCURRENT_GC blocked 89ms
D/dalvikvm(  263): WAIT_FOR_CONCURRENT_GC blocked 108ms
D/AndroidRuntime( 3312): 
D/AndroidRuntime( 3312): >>>>>> AndroidRuntime START com.android.internal.os.RuntimeInit <<<<<<
D/AndroidRuntime( 3312): CheckJNI is ON
D/dalvikvm( 3312): Trying to load lib libjavacore.so 0x0
D/dalvikvm( 3312): Added shared lib libjavacore.so 0x0
D/dalvikvm( 3312): Trying to load lib libnativehelper.so 0x0
D/dalvikvm( 3312): Added shared lib libnativehelper.so 0x0
D/dalvikvm(  263): GC_CONCURRENT freed 1294K, 43% free 24249K/42055K, paused 24ms+39ms, total 317ms
D/dalvikvm(  263): WAIT_FOR_CONCURRENT_GC blocked 118ms
D/dalvikvm(  263): WAIT_FOR_CONCURRENT_GC blocked 153ms
D/dalvikvm(  263): WAIT_FOR_CONCURRENT_GC blocked 167ms
D/dalvikvm(  263): GC_FOR_ALLOC freed 753K, 41% free 24879K/42055K, paused 147ms, total 154ms
D/dalvikvm(  263): GC_CONCURRENT freed 439K, 38% free 26416K/42055K, paused 50ms+57ms, total 307ms
D/dalvikvm(  263): WAIT_FOR_CONCURRENT_GC blocked 73ms
D/dalvikvm(  263): WAIT_FOR_CONCURRENT_GC blocked 274ms
D/dalvikvm(  263): WAIT_FOR_CONCURRENT_GC blocked 271ms
D/AndroidRuntime( 3312): Calling main entry com.android.commands.am.Am
I/ActivityManager(  164): Force stopping package com.example.android.notepad uid=10031
D/dalvikvm( 3322): Not late-enabling CheckJNI (already on)
I/ActivityManager(  164): Start proc com.example.android.notepad for added application com.example.android.notepad: pid=3322 uid=10031 gids={1015, 1028}
I/dalvikvm( 3322): Turning on JNI app bug workarounds for target SDK version 10...
D/dalvikvm(  263): GC_CONCURRENT freed 706K, 35% free 27725K/42055K, paused 53ms+39ms, total 385ms
D/dalvikvm(  263): WAIT_FOR_CONCURRENT_GC blocked 146ms
D/dalvikvm(  263): WAIT_FOR_CONCURRENT_GC blocked 315ms
D/dalvikvm(  263): WAIT_FOR_CONCURRENT_GC blocked 278ms
E/Trace   ( 3322): error opening trace file: No such file or directory (2)
I/ActivityThread( 3322): Pub com.example.notepad.provider.NotePad: com.example.android.notepad.NotePadProvider
D/dalvikvm(  263): GC_FOR_ALLOC freed 1216K, 33% free 28310K/42055K, paused 234ms, total 238ms
I/TestRunner( 3322): started: testAddNote(com.robotium.test.NotePadTest)
I/ActivityManager(  164): START {act=android.intent.action.MAIN flg=0x10000000 cmp=com.example.android.notepad/.NotesList u=0} from pid 3322
W/WindowManager(  164): Failure taking screenshot for (328x546) to layer 21005
V/PhoneStatusBar(  219): setLightsOn(true)
D/gralloc_goldfish( 3322): Emulator without GPU emulation detected.
I/ActivityManager(  164): Displayed com.example.android.notepad/.NotesList: +1s458ms
E/dalvikvm( 3322): Could not find class 'android.support.v4.app.FragmentActivity', referenced from method com.robotium.solo.Waiter.getSupportFragment
W/dalvikvm( 3322): VFY: unable to resolve check-cast 36 (Landroid/support/v4/app/FragmentActivity;) in Lcom/robotium/solo/Waiter;
D/dalvikvm( 3322): VFY: replacing opcode 0x1f at 0x0009
I/dalvikvm( 3322): Could not find method android.support.v4.app.FragmentActivity.getSupportFragmentManager, referenced from method com.robotium.solo.Waiter.getSupportFragment
W/dalvikvm( 3322): VFY: unable to resolve virtual method 59: Landroid/support/v4/app/FragmentActivity;.getSupportFragmentManager ()Landroid/support/v4/app/FragmentManager;
D/dalvikvm( 3322): VFY: replacing opcode 0x6e at 0x0010
I/dalvikvm( 3322): Could not find method android.support.v4.app.FragmentActivity.getSupportFragmentManager, referenced from method com.robotium.solo.Waiter.getSupportFragment
W/dalvikvm( 3322): VFY: unable to resolve virtual method 59: Landroid/support/v4/app/FragmentActivity;.getSupportFragmentManager ()Landroid/support/v4/app/FragmentManager;
D/dalvikvm( 3322): VFY: replacing opcode 0x6e at 0x0019
W/dalvikvm( 3322): VFY: unable to find class referenced in signature (Landroid/support/v4/app/Fragment;)
W/dalvikvm( 3322): VFY: unable to find class referenced in signature (Landroid/support/v4/app/Fragment;)
I/Choreographer(  263): Skipped 236 frames!  The application may be doing too much work on its main thread.
D/dalvikvm(  263): GC_CONCURRENT freed 2446K, 34% free 27910K/42055K, paused 36ms+2410ms, total 2915ms
D/dalvikvm(  263): WAIT_FOR_CONCURRENT_GC blocked 2880ms
D/dalvikvm(  263): WAIT_FOR_CONCURRENT_GC blocked 2689ms
D/dalvikvm(  263): WAIT_FOR_CONCURRENT_GC blocked 316ms
W/InputMethodManagerService(  164): Starting input on non-focused client com.android.internal.view.IInputMethodClient$Stub$Proxy@4196b458 (uid=10036 pid=263)
D/dalvikvm( 3322): GC_CONCURRENT freed 156K, 3% free 11026K/11271K, paused 18ms+67ms, total 172ms
D/dalvikvm(  164): GC_CONCURRENT freed 962K, 8% free 15258K/16519K, paused 19ms+11ms, total 135ms
D/activv  ( 3322): com.example.android.notepad.NotesList@414ad848
I/ActivityManager(  164): START {act=android.intent.action.INSERT dat=content://com.example.notepad.provider.NotePad/notes cmp=com.example.android.notepad/.NoteEditor u=0} from pid 3322
W/WindowManager(  164): Failure taking screenshot for (328x546) to layer 21015
D/check   ( 3322): there is nothing
V/PhoneStatusBar(  219): setLightsOn(true)
I/ActivityManager(  164): Displayed com.example.android.notepad/.NoteEditor: +532ms
W/WindowManager(  164): Failure taking screenshot for (328x546) to layer 21015
V/PhoneStatusBar(  219): setLightsOn(true)
D/dalvikvm(  164): GC_CONCURRENT freed 1176K, 8% free 15217K/16519K, paused 19ms+14ms, total 427ms
D/dalvikvm(  164): WAIT_FOR_CONCURRENT_GC blocked 103ms
I/ActivityManager(  164): START {act=android.intent.action.INSERT dat=content://com.example.notepad.provider.NotePad/notes cmp=com.example.android.notepad/.NoteEditor u=0} from pid 3322
W/WindowManager(  164): Failure taking screenshot for (328x546) to layer 21015
V/PhoneStatusBar(  219): setLightsOn(true)
I/ActivityManager(  164): Displayed com.example.android.notepad/.NoteEditor: +409ms
D/activv1 ( 3322): com.example.android.notepad.NoteEditor@41487180
D/heybg   ( 3322): justtocheck
W/ResourceType( 3322): No known package when getting name for resource number 0xffffffff
W/WindowManager(  164): Failure taking screenshot for (328x546) to layer 21015
V/PhoneStatusBar(  219): setLightsOn(true)
W/WindowManager(  164): Failure taking screenshot for (328x546) to layer 21010
W/ActivityManager(  164): Duplicate finish request for ActivityRecord{416c7748 com.example.android.notepad/.NotesList}
W/InputMethodManagerService(  164): Starting input on non-focused client com.android.internal.view.IInputMethodClient$Stub$Proxy@4168a3e8 (uid=10031 pid=3322)
W/ActivityManager(  164): Duplicate finish request for ActivityRecord{416c7748 com.example.android.notepad/.NotesList}
D/dalvikvm(  263): GC_CONCURRENT freed 6279K, 44% free 23577K/42055K, paused 40ms+130ms, total 576ms
W/InputDispatcher(  164): Permission denied: injecting event from pid 3322 uid 10031 to window Window{41680518 com.android.launcher/com.android.launcher2.Launcher paused=false} owned by uid 10036
W/InputManager(  164): Input event injection from pid 3322 permission denied.
I/TestRunner( 3322): failed: testAddNote(com.robotium.test.NotePadTest)
I/TestRunner( 3322): ----- begin exception -----
I/TestRunner( 3322): 
I/TestRunner( 3322): android.content.res.Resources$NotFoundException: Unable to find resource ID #0xffffffff
I/TestRunner( 3322): 	at android.content.res.Resources.getResourceName(Resources.java:1653)
I/TestRunner( 3322): 	at com.robotium.test.NotePadTest.testAddNote(NotePadTest.java:84)
I/TestRunner( 3322): 	at java.lang.reflect.Method.invokeNative(Native Method)
I/TestRunner( 3322): 	at java.lang.reflect.Method.invoke(Method.java:511)
I/TestRunner( 3322): 	at android.test.InstrumentationTestCase.runMethod(InstrumentationTestCase.java:214)
I/TestRunner( 3322): 	at android.test.InstrumentationTestCase.runTest(InstrumentationTestCase.java:199)
I/TestRunner( 3322): 	at android.test.ActivityInstrumentationTestCase2.runTest(ActivityInstrumentationTestCase2.java:192)
I/TestRunner( 3322): 	at junit.framework.TestCase.runBare(TestCase.java:134)
I/TestRunner( 3322): 	at junit.framework.TestResult$1.protect(TestResult.java:115)
I/TestRunner( 3322): 	at junit.framework.TestResult.runProtected(TestResult.java:133)
I/TestRunner( 3322): 	at junit.framework.TestResult.run(TestResult.java:118)
I/TestRunner( 3322): 	at junit.framework.TestCase.run(TestCase.java:124)
I/TestRunner( 3322): 	at android.test.AndroidTestRunner.runTest(AndroidTestRunner.java:190)
I/TestRunner( 3322): 	at android.test.AndroidTestRunner.runTest(AndroidTestRunner.java:175)
I/TestRunner( 3322): 	at android.test.InstrumentationTestRunner.onStart(InstrumentationTestRunner.java:555)
I/TestRunner( 3322): 	at android.app.Instrumentation$InstrumentationThread.run(Instrumentation.java:1584)
I/TestRunner( 3322): ----- end exception -----
I/TestRunner( 3322): finished: testAddNote(com.robotium.test.NotePadTest)
I/TestRunner( 3322): started: testEditNote(com.robotium.test.NotePadTest)
I/ActivityManager(  164): START {act=android.intent.action.MAIN flg=0x10000000 cmp=com.example.android.notepad/.NotesList u=0} from pid 3322
W/WindowManager(  164): Failure taking screenshot for (328x546) to layer 21005
I/Choreographer( 3322): Skipped 52 frames!  The application may be doing too much work on its main thread.
V/PhoneStatusBar(  219): setLightsOn(true)
I/ActivityManager(  164): Displayed com.example.android.notepad/.NotesList: +1s308ms
D/activv  ( 3322): com.example.android.notepad.NotesList@415261a0
I/ActivityManager(  164): START {act=android.intent.action.EDIT dat=content://com.example.notepad.provider.NotePad/notes/1 cmp=com.example.android.notepad/.NoteEditor u=0} from pid 3322
W/WindowManager(  164): Failure taking screenshot for (328x546) to layer 21010
D/dalvikvm( 3322): GC_CONCURRENT freed 270K, 3% free 11194K/11527K, paused 34ms+5ms, total 147ms
E/ActivityThread(  233): Failed to find provider info for com.android.inputmethod.latin.dictionarypack
E/BinaryDictionaryGetter(  233): Could not find a dictionary pack
V/PhoneStatusBar(  219): setLightsOn(true)
I/ActivityManager(  164): Displayed com.example.android.notepad/.NoteEditor: +504ms
I/InputReader(  164): Reconfiguring input devices.  changes=0x00000004
I/InputReader(  164): Device reconfigured: id=0, name='qwerty2', surface size is now 768x1280, mode is 1
W/SurfaceFlinger(   36): createScreenshotSurface failed (Function not implemented)
I/ActivityManager(  164): Config changed: {1.0 310mcc260mnc en_US sw384dp w598dp h359dp nrml land finger qwerty/v/v -nav/h s.27}
I/Choreographer(  219): Skipped 52 frames!  The application may be doing too much work on its main thread.
I/Choreographer(  219): Skipped 42 frames!  The application may be doing too much work on its main thread.
D/dalvikvm(  164): WAIT_FOR_CONCURRENT_GC blocked 0ms
D/dalvikvm(  164): GC_EXPLICIT freed 516K, 8% free 15209K/16519K, paused 10ms+11ms, total 124ms
I/ActivityManager(  164): START {cat=[android.intent.category.ALTERNATIVE] dat=content://com.example.notepad.provider.NotePad/notes/1 cmp=com.example.android.notepad/.TitleEditor u=0} from pid 3322
W/WindowManager(  164): Failure taking screenshot for (310x516) to layer 21020
D/dalvikvm( 3322): GC_CONCURRENT freed 207K, 3% free 11487K/11783K, paused 17ms+5ms, total 209ms
V/PhoneStatusBar(  219): setLightsOn(true)
I/ActivityManager(  164): Displayed com.example.android.notepad/.TitleEditor: +1s5ms
W/WindowManager(  164): Failure taking screenshot for (310x516) to layer 21020
V/PhoneStatusBar(  219): setLightsOn(true)
I/ActivityManager(  164): Activity reported stop, but no longer stopping: ActivityRecord{419815c0 com.example.android.notepad/.NoteEditor}
W/WindowManager(  164): Failure taking screenshot for (310x516) to layer 21015
I/InputReader(  164): Reconfiguring input devices.  changes=0x00000004
I/InputReader(  164): Device reconfigured: id=0, name='qwerty2', surface size is now 768x1280, mode is 1
W/SurfaceFlinger(   36): createScreenshotSurface failed (Function not implemented)
I/ActivityManager(  164): Config changed: {1.0 310mcc260mnc en_US sw384dp w384dp h567dp nrml port finger qwerty/v/v -nav/h s.28}
D/dalvikvm(  283): GC_CONCURRENT freed 163K, 2% free 10950K/11143K, paused 16ms+104ms, total 317ms
V/PhoneStatusBar(  219): setLightsOn(true)
W/WindowManager(  164): Failure taking screenshot for (328x546) to layer 21010
W/ActivityManager(  164): Duplicate finish request for ActivityRecord{419bfc18 com.example.android.notepad/.NotesList}
W/ActivityManager(  164): Duplicate finish request for ActivityRecord{419bfc18 com.example.android.notepad/.NotesList}
W/InputDispatcher(  164): Permission denied: injecting event from pid 3322 uid 10031 to window Window{41680518 com.android.launcher/com.android.launcher2.Launcher paused=false} owned by uid 10036
W/InputManager(  164): Input event injection from pid 3322 permission denied.
I/TestRunner( 3322): finished: testEditNote(com.robotium.test.NotePadTest)
I/TestRunner( 3322): passed: testEditNote(com.robotium.test.NotePadTest)
I/TestRunner( 3322): started: testRemoveNote(com.robotium.test.NotePadTest)
I/ActivityManager(  164): START {act=android.intent.action.MAIN flg=0x10000000 cmp=com.example.android.notepad/.NotesList u=0} from pid 3322
W/WindowManager(  164): Failure taking screenshot for (328x546) to layer 21005
V/PhoneStatusBar(  219): setLightsOn(true)
I/ActivityManager(  164): Displayed com.example.android.notepad/.NotesList: +988ms
I/Choreographer(  219): Skipped 48 frames!  The application may be doing too much work on its main thread.
D/dalvikvm(  164): WAIT_FOR_CONCURRENT_GC blocked 0ms
D/activv  ( 3322): com.example.android.notepad.NotesList@41524a08
D/dalvikvm(  164): GC_EXPLICIT freed 238K, 9% free 15191K/16519K, paused 11ms+59ms, total 370ms
I/Choreographer(  263): Skipped 201 frames!  The application may be doing too much work on its main thread.
W/InputMethodManagerService(  164): Starting input on non-focused client com.android.internal.view.IInputMethodClient$Stub$Proxy@4196b458 (uid=10036 pid=263)
I/ActivityManager(  164): START {act=android.intent.action.EDIT dat=content://com.example.notepad.provider.NotePad/notes/1 cmp=com.example.android.notepad/.NoteEditor u=0} from pid 3322
W/WindowManager(  164): Failure taking screenshot for (328x546) to layer 21010
E/ActivityThread(  233): Failed to find provider info for com.android.inputmethod.latin.dictionarypack
E/BinaryDictionaryGetter(  233): Could not find a dictionary pack
V/PhoneStatusBar(  219): setLightsOn(true)
I/ActivityManager(  164): Displayed com.example.android.notepad/.NoteEditor: +396ms
D/dalvikvm(  164): WAIT_FOR_CONCURRENT_GC blocked 0ms
D/dalvikvm(  164): GC_EXPLICIT freed 131K, 9% free 15133K/16519K, paused 11ms+9ms, total 114ms
W/WindowManager(  164): Failure taking screenshot for (328x546) to layer 21020
V/PhoneStatusBar(  219): setLightsOn(true)
W/WindowManager(  164): Force-removing child win Window{416eae60 AtchDlg:com.example.android.notepad/com.example.android.notepad.NoteEditor paused=false} from container Window{4169ea40 com.example.android.notepad/com.example.android.notepad.NoteEditor paused=false}
D/AndroidRuntime( 3353): 
D/AndroidRuntime( 3353): >>>>>> AndroidRuntime START com.android.internal.os.RuntimeInit <<<<<<
D/AndroidRuntime( 3353): CheckJNI is ON
D/dalvikvm( 3353): Trying to load lib libjavacore.so 0x0
D/dalvikvm( 3353): Added shared lib libjavacore.so 0x0
D/dalvikvm( 3353): Trying to load lib libnativehelper.so 0x0
D/dalvikvm( 3353): Added shared lib libnativehelper.so 0x0
D/AndroidRuntime( 3353): Calling main entry com.android.commands.am.Am
D/AndroidRuntime( 3353): Shutting down VM
I/AndroidRuntime( 3353): NOTE: attach of thread 'Binder_3' failed
D/dalvikvm( 3353): GC_CONCURRENT freed 102K, 76% free 492K/2048K, paused 2ms+2ms, total 30ms
D/jdwp    ( 3353): Got wake-up signal, bailing out of select
D/dalvikvm( 3353): Debugger has detached; object registry had 1 entries
D/dalvikvm( 3322): GC_CONCURRENT freed 246K, 3% free 11641K/11975K, paused 16ms+6ms, total 72ms
D/dalvikvm( 3322): GC_FOR_ALLOC freed 370K, 6% free 11369K/11975K, paused 28ms, total 30ms
I/dalvikvm-heap( 3322): Grow heap (frag case) to 11.398MB for 279056-byte allocation
D/dalvikvm( 3322): GC_FOR_ALLOC freed 2K, 6% free 11639K/12295K, paused 31ms, total 31ms
W/InputMethodManagerService(  164): Window already focused, ignoring focus gain of: com.android.internal.view.IInputMethodClient$Stub$Proxy@418e1980 attribute=android.view.inputmethod.EditorInfo@418ceae0
W/WindowManager(  164): Failure taking screenshot for (328x546) to layer 21010
W/ActivityManager(  164): Duplicate finish request for ActivityRecord{416c7748 com.example.android.notepad/.NotesList}
W/InputMethodManagerService(  164): Starting input on non-focused client com.android.internal.view.IInputMethodClient$Stub$Proxy@4168a3e8 (uid=10031 pid=3322)
W/ActivityManager(  164): Duplicate finish request for ActivityRecord{416c7748 com.example.android.notepad/.NotesList}
W/InputDispatcher(  164): Permission denied: injecting event from pid 3322 uid 10031 to window Window{41680518 com.android.launcher/com.android.launcher2.Launcher paused=false} owned by uid 10036
W/InputManager(  164): Input event injection from pid 3322 permission denied.
I/TestRunner( 3322): finished: testRemoveNote(com.robotium.test.NotePadTest)
I/TestRunner( 3322): passed: testRemoveNote(com.robotium.test.NotePadTest)
I/ActivityManager(  164): Force stopping package com.example.android.notepad uid=10031
I/ActivityManager(  164): Killing proc 3322:com.example.android.notepad/u0a31: force stop
I/WindowState(  164): WIN DEATH: Window{41984a98 com.example.android.notepad/com.example.android.notepad.NotesList paused=false}
D/AndroidRuntime( 3312): Shutting down VM
D/dalvikvm( 3312): GC_CONCURRENT freed 139K, 78% free 464K/2048K, paused 1ms+1ms, total 13ms
D/jdwp    ( 3312): Got wake-up signal, bailing out of select
D/dalvikvm( 3312): Debugger has detached; object registry had 1 entries
D/dalvikvm(  248): GC_CONCURRENT freed 383K, 5% free 11307K/11847K, paused 7ms+4ms, total 39ms
D/AndroidRuntime( 3367): 
D/AndroidRuntime( 3367): >>>>>> AndroidRuntime START com.android.internal.os.RuntimeInit <<<<<<
D/AndroidRuntime( 3367): CheckJNI is ON
D/dalvikvm( 3367): Trying to load lib libjavacore.so 0x0
D/dalvikvm( 3367): Added shared lib libjavacore.so 0x0
D/dalvikvm( 3367): Trying to load lib libnativehelper.so 0x0
D/dalvikvm( 3367): Added shared lib libnativehelper.so 0x0
D/AndroidRuntime( 3367): Calling main entry com.android.commands.am.Am
D/AndroidRuntime( 3367): Shutting down VM
D/dalvikvm( 3367): GC_CONCURRENT freed 102K, 76% free 492K/2048K, paused 1ms+5ms, total 15ms
D/dalvikvm( 3367): Debugger has detached; object registry had 1 entries
I/AndroidRuntime( 3367): NOTE: attach of thread 'Binder_3' failed
D/AndroidRuntime( 3379): 
D/AndroidRuntime( 3379): >>>>>> AndroidRuntime START com.android.internal.os.RuntimeInit <<<<<<
D/AndroidRuntime( 3379): CheckJNI is ON
D/dalvikvm( 3379): Trying to load lib libjavacore.so 0x0
D/dalvikvm( 3379): Added shared lib libjavacore.so 0x0
D/dalvikvm( 3379): Trying to load lib libnativehelper.so 0x0
D/dalvikvm( 3379): Added shared lib libnativehelper.so 0x0
D/AndroidRuntime( 3379): Calling main entry com.android.commands.am.Am
D/AndroidRuntime( 3379): Shutting down VM
D/dalvikvm( 3379): GC_CONCURRENT freed 102K, 76% free 492K/2048K, paused 1ms+2ms, total 15ms
D/dalvikvm( 3379): Debugger has detached; object registry had 1 entries
I/AndroidRuntime( 3379): NOTE: attach of thread 'Binder_3' failed
D/AndroidRuntime( 3391): 
D/AndroidRuntime( 3391): >>>>>> AndroidRuntime START com.android.internal.os.RuntimeInit <<<<<<
D/AndroidRuntime( 3391): CheckJNI is ON
D/dalvikvm( 3391): Trying to load lib libjavacore.so 0x0
D/dalvikvm( 3391): Added shared lib libjavacore.so 0x0
D/dalvikvm( 3391): Trying to load lib libnativehelper.so 0x0
D/dalvikvm( 3391): Added shared lib libnativehelper.so 0x0
D/AndroidRuntime( 3391): Calling main entry com.android.commands.am.Am
D/AndroidRuntime( 3391): Shutting down VM
D/dalvikvm( 3391): GC_CONCURRENT freed 102K, 76% free 492K/2048K, paused 1ms+5ms, total 13ms
D/dalvikvm( 3391): Debugger has detached; object registry had 1 entries
I/AndroidRuntime( 3391): NOTE: attach of thread 'Binder_3' failed
D/AndroidRuntime( 3403): 
D/AndroidRuntime( 3403): >>>>>> AndroidRuntime START com.android.internal.os.RuntimeInit <<<<<<
D/AndroidRuntime( 3403): CheckJNI is ON
D/dalvikvm( 3403): Trying to load lib libjavacore.so 0x0
D/dalvikvm( 3403): Added shared lib libjavacore.so 0x0
D/dalvikvm( 3403): Trying to load lib libnativehelper.so 0x0
D/dalvikvm( 3403): Added shared lib libnativehelper.so 0x0
D/AndroidRuntime( 3403): Calling main entry com.android.commands.am.Am
D/AndroidRuntime( 3403): Shutting down VM
D/dalvikvm( 3403): GC_CONCURRENT freed 102K, 76% free 492K/2048K, paused 1ms+2ms, total 14ms
D/dalvikvm( 3403): Debugger has detached; object registry had 1 entries
I/AndroidRuntime( 3403): NOTE: attach of thread 'Binder_3' failed
E/ThrottleService(  164): problem during onPollAlarm: java.lang.IllegalStateException: problem parsing stats: java.io.FileNotFoundException: /proc/net/xt_qtaguid/iface_stat_all: open failed: ENOENT (No such file or directory)
D/AndroidRuntime( 3415): 
D/AndroidRuntime( 3415): >>>>>> AndroidRuntime START com.android.internal.os.RuntimeInit <<<<<<
D/AndroidRuntime( 3415): CheckJNI is ON
D/dalvikvm( 3415): Trying to load lib libjavacore.so 0x0
D/dalvikvm( 3415): Added shared lib libjavacore.so 0x0
D/dalvikvm( 3415): Trying to load lib libnativehelper.so 0x0
D/dalvikvm( 3415): Added shared lib libnativehelper.so 0x0
D/AndroidRuntime( 3415): Calling main entry com.android.commands.am.Am
D/AndroidRuntime( 3415): Shutting down VM
D/dalvikvm( 3415): GC_CONCURRENT freed 102K, 76% free 492K/2048K, paused 1ms+6ms, total 15ms
D/dalvikvm( 3415): Debugger has detached; object registry had 1 entries
I/AndroidRuntime( 3415): NOTE: attach of thread 'Binder_3' failed
D/AndroidRuntime( 3427): 
D/AndroidRuntime( 3427): >>>>>> AndroidRuntime START com.android.internal.os.RuntimeInit <<<<<<
D/AndroidRuntime( 3427): CheckJNI is ON
D/dalvikvm( 3427): Trying to load lib libjavacore.so 0x0
D/dalvikvm( 3427): Added shared lib libjavacore.so 0x0
D/dalvikvm( 3427): Trying to load lib libnativehelper.so 0x0
D/dalvikvm( 3427): Added shared lib libnativehelper.so 0x0
D/AndroidRuntime( 3427): Calling main entry com.android.commands.am.Am
D/AndroidRuntime( 3427): Shutting down VM
D/dalvikvm( 3427): GC_CONCURRENT freed 102K, 76% free 492K/2048K, paused 1ms+1ms, total 14ms
D/dalvikvm( 3427): Debugger has detached; object registry had 1 entries
I/AndroidRuntime( 3427): NOTE: attach of thread 'Binder_3' failed
D/AndroidRuntime( 3439): 
D/AndroidRuntime( 3439): >>>>>> AndroidRuntime START com.android.internal.os.RuntimeInit <<<<<<
D/AndroidRuntime( 3439): CheckJNI is ON
D/dalvikvm( 3439): Trying to load lib libjavacore.so 0x0
D/dalvikvm( 3439): Added shared lib libjavacore.so 0x0
D/dalvikvm( 3439): Trying to load lib libnativehelper.so 0x0
D/dalvikvm( 3439): Added shared lib libnativehelper.so 0x0
D/AndroidRuntime( 3439): Calling main entry com.android.commands.am.Am
D/AndroidRuntime( 3439): Shutting down VM
D/dalvikvm( 3439): GC_CONCURRENT freed 102K, 76% free 492K/2048K, paused 1ms+5ms, total 12ms
D/dalvikvm( 3439): Debugger has detached; object registry had 1 entries
I/AndroidRuntime( 3439): NOTE: attach of thread 'Binder_3' failed
D/AndroidRuntime( 3451): 
D/AndroidRuntime( 3451): >>>>>> AndroidRuntime START com.android.internal.os.RuntimeInit <<<<<<
D/AndroidRuntime( 3451): CheckJNI is ON
D/dalvikvm( 3451): Trying to load lib libjavacore.so 0x0
D/dalvikvm( 3451): Added shared lib libjavacore.so 0x0
D/dalvikvm( 3451): Trying to load lib libnativehelper.so 0x0
D/dalvikvm( 3451): Added shared lib libnativehelper.so 0x0
D/AndroidRuntime( 3451): Calling main entry com.android.commands.am.Am
D/AndroidRuntime( 3451): Shutting down VM
D/dalvikvm( 3451): GC_CONCURRENT freed 102K, 76% free 492K/2048K, paused 1ms+2ms, total 15ms
D/dalvikvm( 3451): Debugger has detached; object registry had 1 entries
I/AndroidRuntime( 3451): NOTE: attach of thread 'Binder_3' failed
D/dalvikvm(  248): GC_CONCURRENT freed 384K, 5% free 11307K/11847K, paused 9ms+4ms, total 41ms
D/AndroidRuntime( 3463): 
D/AndroidRuntime( 3463): >>>>>> AndroidRuntime START com.android.internal.os.RuntimeInit <<<<<<
D/AndroidRuntime( 3463): CheckJNI is ON
D/dalvikvm( 3463): Trying to load lib libjavacore.so 0x0
D/dalvikvm( 3463): Added shared lib libjavacore.so 0x0
D/dalvikvm( 3463): Trying to load lib libnativehelper.so 0x0
D/dalvikvm( 3463): Added shared lib libnativehelper.so 0x0
D/AndroidRuntime( 3463): Calling main entry com.android.commands.am.Am
D/AndroidRuntime( 3463): Shutting down VM
D/dalvikvm( 3463): GC_CONCURRENT freed 102K, 76% free 492K/2048K, paused 1ms+1ms, total 15ms
D/dalvikvm( 3463): Debugger has detached; object registry had 1 entries
I/AndroidRuntime( 3463): NOTE: attach of thread 'Binder_3' failed
D/AndroidRuntime( 3475): 
D/AndroidRuntime( 3475): >>>>>> AndroidRuntime START com.android.internal.os.RuntimeInit <<<<<<
D/AndroidRuntime( 3475): CheckJNI is ON
D/dalvikvm( 3475): Trying to load lib libjavacore.so 0x0
D/dalvikvm( 3475): Added shared lib libjavacore.so 0x0
D/dalvikvm( 3475): Trying to load lib libnativehelper.so 0x0
D/dalvikvm( 3475): Added shared lib libnativehelper.so 0x0
D/AndroidRuntime( 3475): Calling main entry com.android.commands.am.Am
D/AndroidRuntime( 3475): Shutting down VM
D/dalvikvm( 3475): GC_CONCURRENT freed 102K, 76% free 492K/2048K, paused 1ms+4ms, total 13ms
D/dalvikvm( 3475): Debugger has detached; object registry had 1 entries
I/AndroidRuntime( 3475): NOTE: attach of thread 'Binder_3' failed
D/AndroidRuntime( 3489): 
D/AndroidRuntime( 3489): >>>>>> AndroidRuntime START com.android.internal.os.RuntimeInit <<<<<<
D/AndroidRuntime( 3489): CheckJNI is ON
D/dalvikvm( 3489): Trying to load lib libjavacore.so 0x0
D/dalvikvm( 3489): Added shared lib libjavacore.so 0x0
D/dalvikvm( 3489): Trying to load lib libnativehelper.so 0x0
D/dalvikvm( 3489): Added shared lib libnativehelper.so 0x0
D/AndroidRuntime( 3489): Calling main entry com.android.commands.pm.Pm
W/ActivityManager(  164): No content provider found for permission revoke: file:///data/local/tmp/NotePadTest.apk
W/ActivityManager(  164): No content provider found for permission revoke: file:///data/local/tmp/NotePadTest.apk
I/PackageManager(  164): Removing non-system package:com.jayway.test
I/ActivityManager(  164): Force stopping package com.jayway.test uid=10029
I/PackageManager(  164): Package com.jayway.test codePath changed from /data/app/com.jayway.test-1.apk to /data/app/com.jayway.test-2.apk; Retaining data and using new
I/PackageManager(  164): Running dexopt on: com.jayway.test
D/dalvikvm( 3500): DexOpt: load 73ms, verify+opt 287ms, 581460 bytes
I/ActivityManager(  164): Force stopping package com.jayway.test uid=10029
W/PackageManager(  164): Code path for pkg : com.jayway.test changing from /data/app/com.jayway.test-1.apk to /data/app/com.jayway.test-2.apk
W/PackageManager(  164): Resource path for pkg : com.jayway.test changing from /data/app/com.jayway.test-1.apk to /data/app/com.jayway.test-2.apk
D/PackageManager(  164): New package installed in /data/app/com.jayway.test-2.apk
D/dalvikvm(  164): JIT code cache reset in 91 ms (1048532 bytes 1/0)
I/ActivityManager(  164): Force stopping package com.jayway.test uid=10029
D/dalvikvm(  164): GC_CONCURRENT freed 878K, 8% free 15259K/16519K, paused 18ms+133ms, total 256ms
F/libc    (  164): Fatal signal 11 (SIGSEGV) at 0x00000004 (code=1), thread 173 (FinalizerDaemon)
I/DEBUG   (   34): *** *** *** *** *** *** *** *** *** *** *** *** *** *** *** ***
I/DEBUG   (   34): Build fingerprint: 'generic/sdk/generic:4.1.2/MASTER/1741836:eng/test-keys'
I/DEBUG   (   34): pid: 164, tid: 173, name: UNKNOWN  >>> system_server <<<
I/DEBUG   (   34): signal 11 (SIGSEGV), code 1 (SEGV_MAPERR), fault addr 00000004
I/DEBUG   (   34):     r0 461f1d50  r1 2a109a58  r2 00000000  r3 47522000
I/DEBUG   (   34):     r4 47285722  r5 492e3f34  r6 2a109a58  r7 00000004
I/DEBUG   (   34):     r8 00000000  r9 40a094f8  sl 492e3f20  fp 00000000
I/DEBUG   (   34):     ip 4e30732d  sp 4b48fda8  lr 4e30733d  pc 00000004  cpsr 00000010
I/DEBUG   (   34):     d0  42c8000042c765ee  d1  4281000000a78e78
I/DEBUG   (   34):     d2  3f00000042800000  d3  3f00000000000000
I/DEBUG   (   34):     d4  0000000000000000  d5  3fe1ffffee00000d
I/DEBUG   (   34):     d6  00a80ff000000000  d7  000000634e82e74e
I/DEBUG   (   34):     d8  0000000000000000  d9  0000000000000000
I/DEBUG   (   34):     d10 0000000000000000  d11 0000000000000000
I/DEBUG   (   34):     d12 0000000000000000  d13 0000000000000000
I/DEBUG   (   34):     d14 0000000000000000  d15 0000000000000000
I/DEBUG   (   34):     scr 60000010
I/DEBUG   (   34): 
I/DEBUG   (   34): backtrace:
I/DEBUG   (   34):     #00  pc 00000004  <unknown>
I/DEBUG   (   34):     #01  pc 0000233b  /dev/ashmem/dalvik-jit-code-cache (deleted)
I/DEBUG   (   34): 
I/DEBUG   (   34): stack:
I/DEBUG   (   34):          4b48fd68  40a095d4  /dev/ashmem/dalvik-heap (deleted)
I/DEBUG   (   34):          4b48fd6c  492e3f44  
I/DEBUG   (   34):          4b48fd70  1dcd64ff  
I/DEBUG   (   34):          4b48fd74  40742dcd  /system/lib/libdvm.so (dvmLockObject+188)
I/DEBUG   (   34):          4b48fd78  2a109a58  [heap]
I/DEBUG   (   34):          4b48fd7c  40a095d0  /dev/ashmem/dalvik-heap (deleted)
I/DEBUG   (   34):          4b48fd80  0000000c  
I/DEBUG   (   34):          4b48fd84  472856d6  /system/framework/core.odex
I/DEBUG   (   34):          4b48fd88  492e3f58  
I/DEBUG   (   34):          4b48fd8c  47285722  /system/framework/core.odex
I/DEBUG   (   34):          4b48fd90  492e3f58  
I/DEBUG   (   34):          4b48fd94  2a109a58  [heap]
I/DEBUG   (   34):          4b48fd98  000010f8  
I/DEBUG   (   34):          4b48fd9c  4070efc0  /system/lib/libdvm.so
I/DEBUG   (   34):          4b48fda0  df0027ad  
I/DEBUG   (   34):          4b48fda4  00000000  
I/DEBUG   (   34):     #00  4b48fda8  00000000  
I/DEBUG   (   34):          ........  ........
I/DEBUG   (   34):     #01  4b48fda8  00000000  
I/DEBUG   (   34):          4b48fdac  2a109a58  [heap]
I/DEBUG   (   34):          4b48fdb0  40796c98  /system/lib/libdvm.so
I/DEBUG   (   34):          4b48fdb4  461e6d40  /dev/ashmem/dalvik-LinearAlloc (deleted)
I/DEBUG   (   34):          4b48fdb8  00000000  
I/DEBUG   (   34):          4b48fdbc  4b48fddc  
I/DEBUG   (   34):          4b48fdc0  4b48feb0  
I/DEBUG   (   34):          4b48fdc4  00000000  
I/DEBUG   (   34):          4b48fdc8  00000000  
I/DEBUG   (   34):          4b48fdcc  4071cb30  /system/lib/libdvm.so (dvmInterpret(Thread*, Method const*, JValue*)+184)
I/DEBUG   (   34):          4b48fdd0  00000000  
I/DEBUG   (   34):          4b48fdd4  00000000  
I/DEBUG   (   34):          4b48fdd8  00000000  
I/DEBUG   (   34):          4b48fddc  00000000  
I/DEBUG   (   34):          4b48fde0  492e3fe4  
I/DEBUG   (   34):          4b48fde4  00000000  
I/DEBUG   (   34): 
I/DEBUG   (   34): memory near r0:
I/DEBUG   (   34):     461f1d30 00000bbe 473fa358 472855f0 00000000  ....X.?G.U(G....
I/DEBUG   (   34):     461f1d40 00000000 00000000 00000000 00000000  ................
I/DEBUG   (   34):     461f1d50 40a094f8 00020001 0004000c 00010000  ...@............
I/DEBUG   (   34):     461f1d60 4741c988 2a015408 000003c3 473cd6c7  ..AG.T.*......<G
I/DEBUG   (   34):     461f1d70 47285640 00000000 00000000 00000000  @V(G............
I/DEBUG   (   34): 
I/DEBUG   (   34): memory near r1:
I/DEBUG   (   34):     2a109a38 00000002 00000000 2a0bee68 00000013  ........h..*....
I/DEBUG   (   34):     2a109a48 00000004 00000000 2a0bee68 00000453  ........h..*S...
I/DEBUG   (   34):     2a109a58 47a8224c 492e3f34 461f1d50 47522000  L".G4?.IP..F. RG
I/DEBUG   (   34):     2a109a68 00000001 000004d5 4b48fda8 00000000  ..........HK....
I/DEBUG   (   34):     2a109a78 4b48fddc 00000007 00000000 4070efc0  ..HK..........p@
I/DEBUG   (   34): 
I/DEBUG   (   34): memory near r3:
I/DEBUG   (   34):     47521fe0 00000000 00000000 00000000 00000000  ................
I/DEBUG   (   34):     47521ff0 00000000 00000000 00000000 00000000  ................
I/DEBUG   (   34):     47522000 2a015408 471e3028 47522034 475399e0  .T.*(0.G4 RG..SG
I/DEBUG   (   34):     47522010 4753befc 47552010 2a015440 00000001  ..SG. UG@T.*....
I/DEBUG   (   34):     47522020 471e3000 0033e790 471e3000 0033e790  .0.G..3..0.G..3.
I/DEBUG   (   34): 
I/DEBUG   (   34): memory near r4:
I/DEBUG   (   34):     47285700 0a0c0eda 000710f8 0a0c000a 082a2070  ............p *.
I/DEBUG   (   34):     47285710 092700a9 0c1e090d c9f40927 09380008  ..'.....'.....8.
I/DEBUG   (   34):     47285720 10f80008 000c000c 0c1e090c 09160911  ................
I/DEBUG   (   34):     47285730 09310000 0938090d 0918000b 7bd05af6  ..1...8......Z.{
I/DEBUG   (   34):     47285740 00000863 090d0931 0010093d 00000916  c...1...=.......
I/DEBUG   (   34): 
I/DEBUG   (   34): memory near r5:
I/DEBUG   (   34):     492e3f14 00000000 00000000 00000000 492e3f58  ............X?.I
I/DEBUG   (   34):     492e3f24 47285722 461f1d50 4728564c 4e307345  "W(GP..FLV(GEs0N
I/DEBUG   (   34):     492e3f34 418fb108 00000000 418dc7e8 40a095d0  ...A.......A...@
I/DEBUG   (   34):     492e3f44 492e3fa8 472856b8 461f1dc0 47285722  .?.I.V(G...F"W(G
I/DEBUG   (   34):     492e3f54 00000000 47a8224c 00000000 00000000  ....L".G........
I/DEBUG   (   34): 
I/DEBUG   (   34): memory near r6:
I/DEBUG   (   34):     2a109a38 00000002 00000000 2a0bee68 00000013  ........h..*....
I/DEBUG   (   34):     2a109a48 00000004 00000000 2a0bee68 00000453  ........h..*S...
I/DEBUG   (   34):     2a109a58 47a8224c 492e3f34 461f1d50 47522000  L".G4?.IP..F. RG
I/DEBUG   (   34):     2a109a68 00000001 000004d5 4b48fda8 00000000  ..........HK....
I/DEBUG   (   34):     2a109a78 4b48fddc 00000007 00000000 4070efc0  ..HK..........p@
I/DEBUG   (   34): 
I/DEBUG   (   34): memory near r9:
I/DEBUG   (   34):     40a094d8 00000000 00000000 00000000 00000000  ................
I/DEBUG   (   34):     40a094e8 473ed96e 00000000 00000000 000000db  n.>G............
I/DEBUG   (   34):     40a094f8 40a041e8 2a023f59 00000000 00000000  .A.@Y?.*........
I/DEBUG   (   34):     40a09508 00000000 00000000 473d0dfb 00000000  ..........=G....
I/DEBUG   (   34):     40a09518 00030001 5000006c 47522000 00000007  ....l..P. RG....
I/DEBUG   (   34): 
I/DEBUG   (   34): memory near sl:
I/DEBUG   (   34):     492e3f00 4725d40e 461e22b0 00000000 00000000  ..%G.".F........
I/DEBUG   (   34):     492e3f10 40a095d0 00000000 00000000 00000000  ...@............
I/DEBUG   (   34):     492e3f20 492e3f58 47285722 461f1d50 4728564c  X?.I"W(GP..FLV(G
I/DEBUG   (   34):     492e3f30 4e307345 418fb108 00000000 418dc7e8  Es0N...A.......A
I/DEBUG   (   34):     492e3f40 40a095d0 492e3fa8 472856b8 461f1dc0  ...@.?.I.V(G...F
I/DEBUG   (   34): 
I/DEBUG   (   34): memory near ip:
I/DEBUG   (   34):     4e30730c 68010008 60013101 f2a56b28 b1b80718  ...h.1.`(k......
I/DEBUG   (   34):     4e30731c f8dfc701 a108408c f7fda20e e019ef24  .....@......$...
I/DEBUG   (   34):     4e30732c 6b38e00e dc032900 7070f8df 47b81c31  ..8k.)....pp1..G
I/DEBUG   (   34):     4e30733c f7fda101 e003eeac 62686930 de00e004  ........0ihb....
I/DEBUG   (   34):     4e30734c 005cf8df 47886ef1 4300e000 47806f70  ..\..n.G...Cpo.G
I/DEBUG   (   34): 
I/DEBUG   (   34): memory near sp:
I/DEBUG   (   34):     4b48fd88 492e3f58 47285722 492e3f58 2a109a58  X?.I"W(GX?.IX..*
I/DEBUG   (   34):     4b48fd98 000010f8 4070efc0 df0027ad 00000000  ......p@.'......
I/DEBUG   (   34):     4b48fda8 00000000 2a109a58 40796c98 461e6d40  ....X..*.ly@@m.F
I/DEBUG   (   34):     4b48fdb8 00000000 4b48fddc 4b48feb0 00000000  ......HK..HK....
I/DEBUG   (   34):     4b48fdc8 00000000 4071cb30 00000000 00000000  ....0.q@........
I/DEBUG   (   34): 
I/DEBUG   (   34): code around pc:
I/DEBUG   (   34):     00000000 ffffffff ffffffff ffffffff ffffffff  ................
I/DEBUG   (   34):     00000010 ffffffff ffffffff ffffffff ffffffff  ................
I/DEBUG   (   34):     00000020 ffffffff ffffffff ffffffff ffffffff  ................
I/DEBUG   (   34):     00000030 ffffffff ffffffff ffffffff ffffffff  ................
I/DEBUG   (   34):     00000040 ffffffff ffffffff ffffffff ffffffff  ................
I/DEBUG   (   34): 
I/DEBUG   (   34): code around lr:
I/DEBUG   (   34):     4e30731c f8dfc701 a108408c f7fda20e e019ef24  .....@......$...
I/DEBUG   (   34):     4e30732c 6b38e00e dc032900 7070f8df 47b81c31  ..8k.)....pp1..G
I/DEBUG   (   34):     4e30733c f7fda101 e003eeac 62686930 de00e004  ........0ihb....
I/DEBUG   (   34):     4e30734c 005cf8df 47886ef1 4300e000 47806f70  ..\..n.G...Cpo.G
I/DEBUG   (   34):     4e30735c 4728572a fba6f7ff 40a094f8 461f1d50  *W(G.......@P..F
D/Zygote  (   37): Process 164 terminated by signal (11)
I/Zygote  (   37): Exit zygote because system server (164) has terminated
E/installd(   40): eof
E/installd(   40): failed to read size
I/installd(   40): closing connection
